This is pdfTeX, Version 3.141592653-2.6-1.40.25 (TeX Live 2023/Debian) (preloaded format=pdflatex 2026.8.21)  21 AUG 2026 07:56
entering extended mode
 restricted \write18 enabled.
 %&-line parsing enabled.
**uscribe-userguide.tex
(./uscribe-userguide.tex
LaTeX2e <2023-11-01> patch level 1
L3 programming layer <2024-01-22>
(/usr/share/texlive/texmf-dist/tex/latex/base/book.cls
Document Class: book 2023/05/17 v1.4n Standard LaTeX document class
(/usr/share/texlive/texmf-dist/tex/latex/base/bk11.clo
File: bk11.clo 2023/05/17 v1.4n Standard LaTeX file (size option)
)
\c@part=\count187
\c@chapter=\count188
\c@section=\count189
\c@subsection=\count190
\c@subsubsection=\count191
\c@paragraph=\count192
\c@subparagraph=\count193
\c@figure=\count194
\c@table=\count195
\abovecaptionskip=\skip48
\belowcaptionskip=\skip49
\bibindent=\dimen140
)
(/usr/share/texlive/texmf-dist/tex/latex/base/fontenc.sty
Package: fontenc 2021/04/29 v2.0v Standard LaTeX package
)
(/usr/share/texlive/texmf-dist/tex/latex/base/inputenc.sty
Package: inputenc 2021/02/14 v1.3d Input encoding file
\inpenc@prehook=\toks17
\inpenc@posthook=\toks18
)
(/usr/share/texlive/texmf-dist/tex/latex/graphics/graphicx.sty
Package: graphicx 2021/09/16 v1.2d Enhanced LaTeX Graphics (DPC,SPQR)

(/usr/share/texlive/texmf-dist/tex/latex/graphics/keyval.sty
Package: keyval 2022/05/29 v1.15 key=value parser (DPC)
\KV@toks@=\toks19
)
(/usr/share/texlive/texmf-dist/tex/latex/graphics/graphics.sty
Package: graphics 2022/03/10 v1.4e Standard LaTeX Graphics (DPC,SPQR)

(/usr/share/texlive/texmf-dist/tex/latex/graphics/trig.sty
Package: trig 2021/08/11 v1.11 sin cos tan (DPC)
)
(/usr/share/texlive/texmf-dist/tex/latex/graphics-cfg/graphics.cfg
File: graphics.cfg 2016/06/04 v1.11 sample graphics configuration
)
Package graphics Info: Driver file: pdftex.def on input line 107.

(/usr/share/texlive/texmf-dist/tex/latex/graphics-def/pdftex.def
File: pdftex.def 2022/09/22 v1.2b Graphics/color driver for pdftex
))
\Gin@req@height=\dimen141
\Gin@req@width=\dimen142
)
(/usr/share/texlive/texmf-dist/tex/latex/hyperref/hyperref.sty
Package: hyperref 2024-01-20 v7.01h Hypertext links for LaTeX

(/usr/share/texlive/texmf-dist/tex/generic/iftex/iftex.sty
Package: iftex 2022/02/03 v1.0f TeX engine tests
)
(/usr/share/texlive/texmf-dist/tex/latex/kvsetkeys/kvsetkeys.sty
Package: kvsetkeys 2022-10-05 v1.19 Key value parser (HO)
)
(/usr/share/texlive/texmf-dist/tex/generic/kvdefinekeys/kvdefinekeys.sty
Package: kvdefinekeys 2019-12-19 v1.6 Define keys (HO)
)
(/usr/share/texlive/texmf-dist/tex/generic/pdfescape/pdfescape.sty
Package: pdfescape 2019/12/09 v1.15 Implements pdfTeX's escape features (HO)

(/usr/share/texlive/texmf-dist/tex/generic/ltxcmds/ltxcmds.sty
Package: ltxcmds 2023-12-04 v1.26 LaTeX kernel commands for general use (HO)
)
(/usr/share/texlive/texmf-dist/tex/generic/pdftexcmds/pdftexcmds.sty
Package: pdftexcmds 2020-06-27 v0.33 Utility functions of pdfTeX for LuaTeX (HO
)

(/usr/share/texlive/texmf-dist/tex/generic/infwarerr/infwarerr.sty
Package: infwarerr 2019/12/03 v1.5 Providing info/warning/error messages (HO)
)
Package pdftexcmds Info: \pdf@primitive is available.
Package pdftexcmds Info: \pdf@ifprimitive is available.
Package pdftexcmds Info: \pdfdraftmode found.
))
(/usr/share/texlive/texmf-dist/tex/latex/hycolor/hycolor.sty
Package: hycolor 2020-01-27 v1.10 Color options for hyperref/bookmark (HO)
)
(/usr/share/texlive/texmf-dist/tex/latex/auxhook/auxhook.sty
Package: auxhook 2019-12-17 v1.6 Hooks for auxiliary files (HO)
)
(/usr/share/texlive/texmf-dist/tex/latex/hyperref/nameref.sty
Package: nameref 2023-11-26 v2.56 Cross-referencing by name of section

(/usr/share/texlive/texmf-dist/tex/latex/refcount/refcount.sty
Package: refcount 2019/12/15 v3.6 Data extraction from label references (HO)
)
(/usr/share/texlive/texmf-dist/tex/generic/gettitlestring/gettitlestring.sty
Package: gettitlestring 2019/12/15 v1.6 Cleanup title references (HO)

(/usr/share/texlive/texmf-dist/tex/latex/kvoptions/kvoptions.sty
Package: kvoptions 2022-06-15 v3.15 Key value format for package options (HO)
))
\c@section@level=\count196
)
(/usr/share/texlive/texmf-dist/tex/latex/etoolbox/etoolbox.sty
Package: etoolbox 2020/10/05 v2.5k e-TeX tools for LaTeX (JAW)
\etb@tempcnta=\count197
)
\@linkdim=\dimen143
\Hy@linkcounter=\count198
\Hy@pagecounter=\count199

(/usr/share/texlive/texmf-dist/tex/latex/hyperref/pd1enc.def
File: pd1enc.def 2024-01-20 v7.01h Hyperref: PDFDocEncoding definition (HO)
Now handling font encoding PD1 ...
... no UTF-8 mapping file for font encoding PD1
)
(/usr/share/texlive/texmf-dist/tex/generic/intcalc/intcalc.sty
Package: intcalc 2019/12/15 v1.3 Expandable calculations with integers (HO)
)
\Hy@SavedSpaceFactor=\count266

(/usr/share/texlive/texmf-dist/tex/latex/hyperref/puenc.def
File: puenc.def 2024-01-20 v7.01h Hyperref: PDF Unicode definition (HO)
Now handling font encoding PU ...
... no UTF-8 mapping file for font encoding PU
)
Package hyperref Info: Hyper figures OFF on input line 4179.
Package hyperref Info: Link nesting OFF on input line 4184.
Package hyperref Info: Hyper index ON on input line 4187.
Package hyperref Info: Plain pages OFF on input line 4194.
Package hyperref Info: Backreferencing OFF on input line 4199.
Package hyperref Info: Implicit mode ON; LaTeX internals redefined.
Package hyperref Info: Bookmarks ON on input line 4446.
\c@Hy@tempcnt=\count267

(/usr/share/texlive/texmf-dist/tex/latex/url/url.sty
\Urlmuskip=\muskip16
Package: url 2013/09/16  ver 3.4  Verb mode for urls, etc.
)
LaTeX Info: Redefining \url on input line 4784.
\XeTeXLinkMargin=\dimen144

(/usr/share/texlive/texmf-dist/tex/generic/bitset/bitset.sty
Package: bitset 2019/12/09 v1.3 Handle bit-vector datatype (HO)

(/usr/share/texlive/texmf-dist/tex/generic/bigintcalc/bigintcalc.sty
Package: bigintcalc 2019/12/15 v1.5 Expandable calculations on big integers (HO
)
))
\Fld@menulength=\count268
\Field@Width=\dimen145
\Fld@charsize=\dimen146
Package hyperref Info: Hyper figures OFF on input line 6063.
Package hyperref Info: Link nesting OFF on input line 6068.
Package hyperref Info: Hyper index ON on input line 6071.
Package hyperref Info: backreferencing OFF on input line 6078.
Package hyperref Info: Link coloring OFF on input line 6083.
Package hyperref Info: Link coloring with OCG OFF on input line 6088.
Package hyperref Info: PDF/A mode OFF on input line 6093.

(/usr/share/texlive/texmf-dist/tex/latex/base/atbegshi-ltx.sty
Package: atbegshi-ltx 2021/01/10 v1.0c Emulation of the original atbegshi
package with kernel methods
)
\Hy@abspage=\count269
\c@Item=\count270
\c@Hfootnote=\count271
)
Package hyperref Info: Driver (autodetected): hpdftex.

(/usr/share/texlive/texmf-dist/tex/latex/hyperref/hpdftex.def
File: hpdftex.def 2024-01-20 v7.01h Hyperref driver for pdfTeX

(/usr/share/texlive/texmf-dist/tex/latex/base/atveryend-ltx.sty
Package: atveryend-ltx 2020/08/19 v1.0a Emulation of the original atveryend pac
kage
with kernel methods
)
\Fld@listcount=\count272
\c@bookmark@seq@number=\count273

(/usr/share/texlive/texmf-dist/tex/latex/rerunfilecheck/rerunfilecheck.sty
Package: rerunfilecheck 2022-07-10 v1.10 Rerun checks for auxiliary files (HO)

(/usr/share/texlive/texmf-dist/tex/generic/uniquecounter/uniquecounter.sty
Package: uniquecounter 2019/12/15 v1.4 Provide unlimited unique counter (HO)
)
Package uniquecounter Info: New unique counter `rerunfilecheck' on input line 2
85.
)
\Hy@SectionHShift=\skip50
)
(/usr/share/texlive/texmf-dist/tex/latex/xcolor/xcolor.sty
Package: xcolor 2023/11/15 v3.01 LaTeX color extensions (UK)

(/usr/share/texlive/texmf-dist/tex/latex/graphics-cfg/color.cfg
File: color.cfg 2016/01/02 v1.6 sample color configuration
)
Package xcolor Info: Driver file: pdftex.def on input line 274.

(/usr/share/texlive/texmf-dist/tex/latex/graphics/mathcolor.ltx)
Package xcolor Info: Model `cmy' substituted by `cmy0' on input line 1350.
Package xcolor Info: Model `hsb' substituted by `rgb' on input line 1354.
Package xcolor Info: Model `RGB' extended on input line 1366.
Package xcolor Info: Model `HTML' substituted by `rgb' on input line 1368.
Package xcolor Info: Model `Hsb' substituted by `hsb' on input line 1369.
Package xcolor Info: Model `tHsb' substituted by `hsb' on input line 1370.
Package xcolor Info: Model `HSB' substituted by `hsb' on input line 1371.
Package xcolor Info: Model `Gray' substituted by `gray' on input line 1372.
Package xcolor Info: Model `wave' substituted by `hsb' on input line 1373.
)
(/usr/share/texlive/texmf-dist/tex/latex/fancyvrb/fancyvrb.sty
Package: fancyvrb 2024/01/20 4.5c verbatim text (tvz,hv)
\FV@CodeLineNo=\count274
\FV@InFile=\read2
\FV@TabBox=\box51
\c@FancyVerbLine=\count275
\FV@StepNumber=\count276
\FV@OutFile=\write3
)
(/usr/share/texlive/texmf-dist/tex/latex/booktabs/booktabs.sty
Package: booktabs 2020/01/12 v1.61803398 Publication quality tables
\heavyrulewidth=\dimen147
\lightrulewidth=\dimen148
\cmidrulewidth=\dimen149
\belowrulesep=\dimen150
\belowbottomsep=\dimen151
\aboverulesep=\dimen152
\abovetopsep=\dimen153
\cmidrulesep=\dimen154
\cmidrulekern=\dimen155
\defaultaddspace=\dimen156
\@cmidla=\count277
\@cmidlb=\count278
\@aboverulesep=\dimen157
\@belowrulesep=\dimen158
\@thisruleclass=\count279
\@lastruleclass=\count280
\@thisrulewidth=\dimen159
)
(/usr/share/texlive/texmf-dist/tex/latex/tools/longtable.sty
Package: longtable 2023-11-01 v4.19 Multi-page Table package (DPC)
\LTleft=\skip51
\LTright=\skip52
\LTpre=\skip53
\LTpost=\skip54
\LTchunksize=\count281
\LTcapwidth=\dimen160
\LT@head=\box52
\LT@firsthead=\box53
\LT@foot=\box54
\LT@lastfoot=\box55
\LT@gbox=\box56
\LT@cols=\count282
\LT@rows=\count283
\c@LT@tables=\count284
\c@LT@chunks=\count285
\LT@p@ftn=\toks20
)
(/usr/share/texlive/texmf-dist/tex/latex/multirow/multirow.sty
Package: multirow 2021/03/15 v2.8 Span multiple rows of a table
\multirow@colwidth=\skip55
\multirow@cntb=\count286
\multirow@dima=\skip56
\bigstrutjot=\dimen161
)
Package hyperref Info: Option `colorlinks' set `true' on input line 12.

(/usr/share/texlive/texmf-dist/tex/latex/l3backend/l3backend-pdftex.def
File: l3backend-pdftex.def 2024-01-04 L3 backend support: PDF output (pdfTeX)
\l__color_backend_stack_int=\count287
\l__pdf_internal_box=\box57
)
(./uscribe-userguide.aux)
\openout1 = `uscribe-userguide.aux'.

LaTeX Font Info:    Checking defaults for OML/cmm/m/it on input line 16.
LaTeX Font Info:    ... okay on input line 16.
LaTeX Font Info:    Checking defaults for OMS/cmsy/m/n on input line 16.
LaTeX Font Info:    ... okay on input line 16.
LaTeX Font Info:    Checking defaults for OT1/cmr/m/n on input line 16.
LaTeX Font Info:    ... okay on input line 16.
LaTeX Font Info:    Checking defaults for T1/cmr/m/n on input line 16.
LaTeX Font Info:    ... okay on input line 16.
LaTeX Font Info:    Checking defaults for TS1/cmr/m/n on input line 16.
LaTeX Font Info:    ... okay on input line 16.
LaTeX Font Info:    Checking defaults for OMX/cmex/m/n on input line 16.
LaTeX Font Info:    ... okay on input line 16.
LaTeX Font Info:    Checking defaults for U/cmr/m/n on input line 16.
LaTeX Font Info:    ... okay on input line 16.
LaTeX Font Info:    Checking defaults for PD1/pdf/m/n on input line 16.
LaTeX Font Info:    ... okay on input line 16.
LaTeX Font Info:    Checking defaults for PU/pdf/m/n on input line 16.
LaTeX Font Info:    ... okay on input line 16.

(/usr/share/texlive/texmf-dist/tex/context/base/mkii/supp-pdf.mkii
[Loading MPS to PDF converter (version 2006.09.02).]
\scratchcounter=\count288
\scratchdimen=\dimen162
\scratchbox=\box58
\nofMPsegments=\count289
\nofMParguments=\count290
\everyMPshowfont=\toks21
\MPscratchCnt=\count291
\MPscratchDim=\dimen163
\MPnumerator=\count292
\makeMPintoPDFobject=\count293
\everyMPtoPDFconversion=\toks22
) (/usr/share/texlive/texmf-dist/tex/latex/epstopdf-pkg/epstopdf-base.sty
Package: epstopdf-base 2020-01-24 v2.11 Base part for package epstopdf
Package epstopdf-base Info: Redefining graphics rule for `.eps' on input line 4
85.

(/usr/share/texlive/texmf-dist/tex/latex/latexconfig/epstopdf-sys.cfg
File: epstopdf-sys.cfg 2010/07/13 v1.3 Configuration of (r)epstopdf for TeX Liv
e
))
Package hyperref Info: Link coloring ON on input line 16.

(./uscribe-userguide.out) (./uscribe-userguide.out)
\@outlinefile=\write4
\openout4 = `uscribe-userguide.out'.

<uscribe-logo.png, id=253, 1027.84pt x 1027.84pt>
File: uscribe-logo.png Graphic file (type png)
<use uscribe-logo.png>
Package pdftex.def Info: uscribe-logo.png  used on input line 20.
(pdftex.def)             Requested size: 198.0011pt x 197.9892pt.
 [1


{/var/lib/texmf/fonts/map/pdftex/updmap/pdftex.map} <./uscribe-logo.png (PNG co
py)>]
(./uscribe-userguide.toc
LaTeX Font Info:    External font `cmex10' loaded for size
(Font)              <10.95> on input line 2.
LaTeX Font Info:    External font `cmex10' loaded for size
(Font)              <8> on input line 2.
LaTeX Font Info:    External font `cmex10' loaded for size
(Font)              <6> on input line 2.
 [2

])
\tf@toc=\write5
\openout5 = `uscribe-userguide.toc'.

 [3]
Chapter 1.
LaTeX Font Info:    Trying to load font information for T1+cmtt on input line 3
2.
(/usr/share/texlive/texmf-dist/tex/latex/base/t1cmtt.fd
File: t1cmtt.fd 2023/04/13 v2.5m Standard LaTeX font definitions
) [4


] [5]
Chapter 2.
[6


]
Overfull \hbox (115.21245pt too wide) in paragraph at lines 139--140
[]\T1/cmr/m/n/10.95 After Ba-sicTeX or Mac-TeX, restart the ter-mi-nal (or run 
\T1/cmtt/m/n/10.95 eval "$(/usr/libexec/path_helper)"\T1/cmr/m/n/10.95 )
 []


Overfull \hbox (47.51935pt too wide) in paragraph at lines 192--193
\T1/cmr/m/n/10.95 user-guide PDF build has the full set. If \T1/cmtt/m/n/10.95 
pdflatex \T1/cmr/m/n/10.95 stops with \T1/cmtt/m/n/10.95 File ...sty not found\
T1/cmr/m/n/10.95 ,
 []

[7] [8] [9]
Chapter 3.

Overfull \hbox (31.1748pt too wide) in paragraph at lines 268--269
\T1/cmr/m/n/10.95 Underline-style head-ings, para-graphs, lists, and di-rec-tiv
es. Ex-am-ple \T1/cmtt/m/n/10.95 chapter1.rst\T1/cmr/m/n/10.95 : 
 []

[10


] [11] [12]
Chapter 4.

Overfull \hbox (36.29402pt too wide) in paragraph at lines 391--392
[]\T1/cmr/m/n/10.95 Headings in the body be-come the side-bar TOC. Ex-plicit la
-bels (\T1/cmtt/m/n/10.95 .. _sec-intro:\T1/cmr/m/n/10.95 )
 []

[13


]
Overfull \hbox (2.70485pt too wide) in paragraph at lines 413--414
[]\T1/cmr/m/n/10.95 Build from that di-rec-tory (de-faults pick up \T1/cmtt/m/n
/10.95 book.manifest \T1/cmr/m/n/10.95 and, if present,
 []

LaTeX Font Info:    Font shape `T1/cmtt/bx/n' in size <10.95> not available
(Font)              Font shape `T1/cmtt/m/n' tried instead on input line 420.

Overfull \hbox (2.27187pt too wide) in paragraph at lines 426--427
\T1/cmr/m/n/10.95 Make-file passes \T1/cmtt/m/n/10.95 --config=report-example.c
onf \T1/cmr/m/n/10.95 to avoid pick-ing up the guide
 []

LaTeX Font Info:    Trying to load font information for TS1+cmtt on input line 
433.
(/usr/share/texlive/texmf-dist/tex/latex/base/ts1cmtt.fd
File: ts1cmtt.fd 2023/04/13 v2.5m Standard LaTeX font definitions
) [14]
Overfull \hbox (7.03265pt too wide) in paragraph at lines 471--472
[]\T1/cmr/m/n/10.95 The Uni-con Tech-ni-cal Re-ports tree is this pat-tern: \T1
/cmtt/m/n/10.95 doc/utr/utr.manifest
 []

[15] [16]
Chapter 5.
[17


]
Overfull \hbox (66.22343pt too wide) in paragraph at lines 549--550
\T1/cmr/m/n/10.95 Book-wide footer text af-ter (c) on HTML pages (for ex-am-ple
 \T1/cmtt/m/n/10.95 2026, Jafar Al-Gharaibeh\T1/cmr/m/n/10.95 ).
 []


Overfull \hbox (2.78323pt too wide) in paragraph at lines 569--570
\T1/cmr/m/n/10.95 ac-cepted as \T1/cmtt/m/n/10.95 themepath \T1/cmr/m/n/10.95 o
r \T1/cmtt/m/n/10.95 theme_path\T1/cmr/m/n/10.95 . If omit-ted, uscribe searche
s \T1/cmtt/m/n/10.95 ./themes\T1/cmr/m/n/10.95 ,
 []

[18] [19]
Chapter 6.
[20


] [21] [22]
Overfull \hbox (26.09671pt too wide) in paragraph at lines 863--864
\T1/cmr/m/n/10.95 lects ex-plicit la-bels and ti-tle slugs; pass 2 turns ref ro
les into \T1/cmtt/m/n/10.95 chapter.html#anchor
 []

[23] [24]
<images/uscribe-logo.png, id=475, 1027.84pt x 1027.84pt>
File: images/uscribe-logo.png Graphic file (type png)
<use images/uscribe-logo.png>
Package pdftex.def Info: images/uscribe-logo.png  used on input line 969.
(pdftex.def)             Requested size: 323.9978pt x 323.99088pt.


LaTeX Warning: Hyper reference `markup-logo-figure' on page 25 undefined on inp
ut line 975.

[25] [26 <./images/uscribe-logo.png (PNG copy)>] [27] [28]
Chapter 7.
[29


] [30]
Chapter 8.

Overfull \hbox (24.7305pt too wide) in paragraph at lines 1153--1154
[]\T1/cmr/m/n/10.95 Book-level set-tings file. If omit-ted, uscribe loads \T1/c
mtt/m/n/10.95 book.conf
 []

[31


]
Overfull \hbox (6.49872pt too wide) in paragraph at lines 1169--1170
[]\T1/cmr/m/n/10.95 Optional logo. HTML copies it into \T1/cmtt/m/n/10.95 targe
tDir/_static/
 []


Overfull \hbox (0.63715pt too wide) in paragraph at lines 1180--1181
[]\T1/cmr/m/n/10.95 Output di-rec-tory. De-fault: \T1/cmtt/m/n/10.95 ./htmlBook
 \T1/cmr/m/n/10.95 for HTML,
 []


Overfull \hbox (78.49689pt too wide) in paragraph at lines 1188--1189
[]\T1/cmr/m/n/10.95 Directory that con-tains theme sub-di-rec-to-ries (\T1/cmtt
/m/n/10.95 DIR/basic/static\T1/cmr/m/n/10.95 ,
 []


Overfull \hbox (61.13113pt too wide) in paragraph at lines 1195--1196
\T1/cmr/bx/n/10.95 HTML \T1/cmr/m/n/10.95 (\T1/cmtt/m/n/10.95 --format=html\T1/
cmr/m/n/10.95 ): for each chap-ter \T1/cmtt/m/n/10.95 path/name.rst\T1/cmr/m/n/
10.95 , writes \T1/cmtt/m/n/10.95 targetDir/name.html\T1/cmr/m/n/10.95 ,
 []


Overfull \hbox (0.29745pt too wide) in paragraph at lines 1205--1206
[]\T1/cmtt/m/n/10.95 _sources/ \T1/cmr/m/n/10.95 --- chap-ter sources as \T1/cm
tt/m/n/10.95 name.rst.txt \T1/cmr/m/n/10.95 (browser-viewable text;
 []


Overfull \hbox (9.73788pt too wide) in paragraph at lines 1208--1209
[]\T1/cmr/bx/n/10.95 LaTeX / PDF\T1/cmr/m/n/10.95 : book man-i-fests write \T1/
cmtt/m/n/10.95 targetDir/STEM.tex \T1/cmr/m/n/10.95 (and \T1/cmtt/m/n/10.95 STE
M.pdf
 []

[32] [33] (./uscribe-userguide.aux)
 ***********
LaTeX2e <2023-11-01> patch level 1
L3 programming layer <2024-01-22>
 ***********


LaTeX Warning: There were undefined references.


LaTeX Warning: Label(s) may have changed. Rerun to get cross-references right.

Package rerunfilecheck Info: File `uscribe-userguide.out' has not changed.
(rerunfilecheck)             Checksum: 4293C91667108A0C99398AA4FBDC9038;8173.
 ) 
Here is how much of TeX's memory you used:
 9991 strings out of 476182
 154008 string characters out of 5795595
 1937975 words of memory out of 5000000
 31766 multiletter control sequences out of 15000+600000
 572082 words of font info for 62 fonts, out of 8000000 for 9000
 14 hyphenation exceptions out of 8191
 75i,6n,79p,621b,656s stack positions out of 10000i,1000n,20000p,200000b,200000s
 </home/runner/.texlive2023/texmf-var/fonts/pk/ljfour/jknappen/ec/tctt1000.60
0pk> </home/runner/.texlive2023/texmf-var/fonts/pk/ljfour/jknappen/ec/ecbx1200.
600pk> </home/runner/.texlive2023/texmf-var/fonts/pk/ljfour/jknappen/ec/ectt100
0.600pk> </home/runner/.texlive2023/texmf-var/fonts/pk/ljfour/jknappen/ec/tcrm1
095.600pk> </home/runner/.texlive2023/texmf-var/fonts/pk/ljfour/jknappen/ec/ecb
x1440.600pk> </home/runner/.texlive2023/texmf-var/fonts/pk/ljfour/jknappen/ec/e
ctt1095.600pk> </home/runner/.texlive2023/texmf-var/fonts/pk/ljfour/jknappen/ec
/ecti1095.600pk> </home/runner/.texlive2023/texmf-var/fonts/pk/ljfour/jknappen/
ec/ecbx2074.600pk> </home/runner/.texlive2023/texmf-var/fonts/pk/ljfour/jknappe
n/ec/ecsl1095.600pk> </home/runner/.texlive2023/texmf-var/fonts/pk/ljfour/jknap
pen/ec/ecrm1095.600pk> </home/runner/.texlive2023/texmf-var/fonts/pk/ljfour/jkn
appen/ec/ecbx1095.600pk> </home/runner/.texlive2023/texmf-var/fonts/pk/ljfour/j
knappen/ec/ecbx2488.600pk>
Output written on uscribe-userguide.pdf (33 pages, 2108188 bytes).
PDF statistics:
 1083 PDF objects out of 1200 (max. 8388607)
 545 compressed objects within 6 object streams
 109 named destinations out of 1000 (max. 500000)
 507 words of extra memory for PDF output out of 10000 (max. 10000000)

