\BOOKMARK [1][-]{section.1}{\376\377\000I\000n\000t\000r\000o\000d\000u\000c\000t\000i\000o\000n}{}% 1
\BOOKMARK [1][-]{section.2}{\376\377\000M\000o\000d\000i\000f\000i\000c\000a\000t\000i\000o\000n\000s\000\040\000t\000o\000\040\000t\000h\000e\000\040\000E\000x\000i\000s\000t\000i\000n\000g\000\040\000I\000c\000o\000n\000\040\000B\000e\000n\000c\000h\000m\000a\000r\000k\000\040\000S\000u\000i\000t\000e}{}% 2
\BOOKMARK [1][-]{section.3}{\376\377\000A\000d\000d\000i\000t\000i\000o\000n\000s\000\040\000t\000o\000\040\000t\000h\000e\000\040\000E\000x\000i\000s\000t\000i\000n\000g\000\040\000S\000u\000i\000t\000e}{}% 3
\BOOKMARK [1][-]{section.4}{\376\377\000B\000e\000n\000c\000h\000m\000a\000r\000k\000\040\000G\000a\000m\000e\000\040\000R\000e\000s\000u\000l\000t\000s}{}% 4
\BOOKMARK [1][-]{section.5}{\376\377\000F\000u\000t\000u\000r\000e\000\040\000W\000o\000r\000k}{}% 5
\BOOKMARK [1][-]{section.6}{\376\377\000C\000o\000n\000c\000l\000u\000s\000i\000o\000n\000s}{}% 6
\BOOKMARK [1][-]{section.7}{\376\377\000R\000e\000f\000e\000r\000e\000n\000c\000e\000s}{}% 7
\BOOKMARK [1][-]{section.8}{\376\377\000A\000p\000p\000e\000n\000d\000i\000x\000\040\000A\000:\000\040\000R\000E\000A\000D\000M\000E}{}% 8
\BOOKMARK [1][-]{section.9}{\376\377\000A\000p\000p\000e\000n\000d\000i\000x\000\040\000B\000:\000\040\000S\000o\000u\000r\000c\000e}{}% 9
\BOOKMARK [2][-]{subsection.9.1}{\376\377\000n\000-\000b\000o\000d\000y\000.\000i\000c\000n}{section.9}% 10
\BOOKMARK [2][-]{subsection.9.2}{\376\377\000f\000a\000n\000n\000k\000u\000c\000h\000.\000i\000c\000n}{section.9}% 11
\BOOKMARK [2][-]{subsection.9.3}{\376\377\000m\000e\000t\000e\000o\000r\000-\000c\000o\000n\000t\000e\000s\000t\000.\000i\000c\000n}{section.9}% 12
\BOOKMARK [2][-]{subsection.9.4}{\376\377\000f\000a\000s\000t\000a\000.\000i\000c\000n}{section.9}% 13
\BOOKMARK [2][-]{subsection.9.5}{\376\377\000s\000p\000e\000c\000t\000r\000a\000l\000-\000n\000o\000r\000m\000.\000i\000c\000n}{section.9}% 14
\BOOKMARK [2][-]{subsection.9.6}{\376\377\000r\000e\000v\000e\000r\000s\000e\000-\000c\000o\000m\000p\000l\000e\000m\000e\000n\000t\000.\000i\000c\000n}{section.9}% 15
\BOOKMARK [2][-]{subsection.9.7}{\376\377\000m\000a\000n\000d\000e\000l\000b\000r\000o\000t\000.\000i\000c\000n}{section.9}% 16
\BOOKMARK [2][-]{subsection.9.8}{\376\377\000k\000-\000n\000u\000c\000l\000e\000o\000t\000i\000d\000e\000.\000i\000c\000n}{section.9}% 17
\BOOKMARK [2][-]{subsection.9.9}{\376\377\000r\000e\000g\000e\000x\000-\000d\000n\000a\000.\000i\000c\000n}{section.9}% 18
\BOOKMARK [2][-]{subsection.9.10}{\376\377\000p\000i\000d\000i\000g\000i\000t\000s\000.\000i\000c\000n}{section.9}% 19
\BOOKMARK [2][-]{subsection.9.11}{\376\377\000c\000h\000a\000m\000e\000n\000e\000o\000s\000-\000r\000e\000d\000u\000x\000.\000i\000c\000n}{section.9}% 20
\BOOKMARK [2][-]{subsection.9.12}{\376\377\000t\000h\000r\000e\000a\000d\000-\000r\000i\000n\000g\000.\000i\000c\000n}{section.9}% 21
\BOOKMARK [2][-]{subsection.9.13}{\376\377\000b\000i\000n\000a\000r\000y\000-\000t\000r\000e\000e\000s\000.\000i\000c\000n}{section.9}% 22
