\BOOKMARK [1][-]{section.1}{\376\377\0001\000.\000\040\000A\000b\000o\000u\000t\000\040\000U\000D\000B}{}% 1
\BOOKMARK [1][-]{section.2}{\376\377\0002\000.\000\040\000G\000e\000t\000t\000i\000n\000g\000\040\000I\000n\000\040\000a\000n\000d\000\040\000O\000u\000t\000\040\000o\000f\000\040\000U\000D\000B}{}% 2
\BOOKMARK [2][-]{subsection.2.1}{\376\377\0002\000.\0001\000.\000\040\000I\000n\000v\000o\000k\000i\000n\000g\000\040\000U\000D\000B}{section.2}% 3
\BOOKMARK [2][-]{subsection.2.2}{\376\377\0002\000.\0002\000.\000\040\000Q\000u\000i\000t\000t\000i\000n\000g\000\040\000U\000D\000B}{section.2}% 4
\BOOKMARK [1][-]{section.3}{\376\377\0003\000.\000\040\000T\000h\000e\000\040\000C\000o\000n\000s\000o\000l\000e}{}% 5
\BOOKMARK [2][-]{subsection.3.1}{\376\377\0003\000.\0001\000.\000\040\000C\000o\000m\000m\000a\000n\000d\000\040\000s\000y\000n\000t\000a\000x}{section.3}% 6
\BOOKMARK [2][-]{subsection.3.2}{\376\377\0003\000.\0002\000.\000\040\000G\000e\000t\000t\000i\000n\000g\000\040\000h\000e\000l\000p}{section.3}% 7
\BOOKMARK [1][-]{section.4}{\376\377\0004\000.\000\040\000R\000u\000n\000n\000i\000n\000g\000\040\000P\000r\000o\000g\000r\000a\000m\000s\000\040\000u\000n\000d\000e\000r\000\040\000U\000D\000B}{}% 8
\BOOKMARK [2][-]{subsection.4.1}{\376\377\0004\000.\0001\000.\000\040\000L\000o\000a\000d\000i\000n\000g\000\040\000y\000o\000u\000r\000\040\000p\000r\000o\000g\000r\000a\000m}{section.4}% 9
\BOOKMARK [3][-]{subsubsection.4.1.1}{\376\377\0004\000.\0001\000.\0001\000\040\000S\000o\000u\000r\000c\000e\000\040\000p\000a\000t\000h}{subsection.4.1}% 10
\BOOKMARK [3][-]{subsubsection.4.1.2}{\376\377\0004\000.\0001\000.\0002\000\040\000L\000o\000a\000d\000i\000n\000g}{subsection.4.1}% 11
\BOOKMARK [2][-]{subsection.4.2}{\376\377\0004\000.\0002\000.\000\040\000S\000t\000a\000r\000t\000i\000n\000g\000\040\000y\000o\000u\000r\000\040\000p\000r\000o\000g\000r\000a\000m}{section.4}% 12
\BOOKMARK [2][-]{subsection.4.3}{\376\377\0004\000.\0003\000.\000\040\000Y\000o\000u\000r\000\040\000p\000r\000o\000g\000r\000a\000m\000'\000s\000\040\000i\000n\000p\000u\000t\000\040\000a\000n\000d\000\040\000o\000u\000t\000p\000u\000t}{section.4}% 13
\BOOKMARK [1][-]{section.5}{\376\377\0005\000.\000\040\000S\000t\000o\000p\000p\000i\000n\000g\000\040\000a\000n\000d\000\040\000C\000o\000n\000t\000i\000n\000u\000i\000n\000g}{}% 14
\BOOKMARK [2][-]{subsection.5.1}{\376\377\0005\000.\0001\000.\000\040\000B\000r\000e\000a\000k\000p\000o\000i\000n\000t\000s}{section.5}% 15
\BOOKMARK [3][-]{subsubsection.5.1.1}{\376\377\0005\000.\0001\000.\0001\000.\000\040\000S\000e\000t\000t\000i\000n\000g\000\040\000b\000r\000e\000a\000k\000p\000o\000i\000n\000t\000s}{subsection.5.1}% 16
\BOOKMARK [3][-]{subsubsection.5.1.2}{\376\377\0005\000.\0001\000.\0002\000.\000\040\000E\000n\000a\000b\000l\000i\000n\000g\000/\000D\000i\000s\000a\000b\000l\000i\000n\000g\000\040\000b\000r\000e\000a\000k\000p\000o\000i\000n\000t\000s}{subsection.5.1}% 17
\BOOKMARK [3][-]{subsubsection.5.1.3}{\376\377\0005\000.\0001\000.\0003\000.\000\040\000C\000l\000e\000a\000r\000i\000n\000g\000/\000D\000e\000l\000e\000t\000i\000n\000g\000\040\000b\000r\000e\000a\000k\000p\000o\000i\000n\000t\000s}{subsection.5.1}% 18
\BOOKMARK [3][-]{subsubsection.5.1.4}{\376\377\0005\000.\0001\000.\0004\000.\000\040\000B\000r\000e\000a\000k\000p\000o\000i\000n\000t\000s\000\040\000i\000n\000f\000o}{subsection.5.1}% 19
\BOOKMARK [2][-]{subsection.5.2}{\376\377\0005\000.\0002\000.\000\040\000W\000a\000t\000c\000h\000p\000o\000i\000n\000t\000s}{section.5}% 20
\BOOKMARK [3][-]{subsubsection.5.2.1}{\376\377\0005\000.\0002\000.\0001\000.\000\040\000A\000s\000s\000i\000g\000n\000m\000e\000n\000t\000\040\000w\000a\000t\000c\000h\000p\000o\000i\000n\000t\000s}{subsection.5.2}% 21
\BOOKMARK [3][-]{subsubsection.5.2.2}{\376\377\0005\000.\0002\000.\0002\000.\000\040\000R\000e\000a\000d\000\040\000w\000a\000t\000c\000h\000p\000o\000i\000n\000t\000s}{subsection.5.2}% 22
\BOOKMARK [3][-]{subsubsection.5.2.3}{\376\377\0005\000.\0002\000.\0003\000.\000\040\000V\000a\000l\000u\000e\000\040\000c\000h\000a\000n\000g\000e\000\040\000w\000a\000t\000c\000h\000p\000o\000i\000n\000t\000s}{subsection.5.2}% 23
\BOOKMARK [3][-]{subsubsection.5.2.4}{\376\377\0005\000.\0002\000.\0004\000.\000\040\000T\000y\000p\000e\000\040\000c\000h\000a\000n\000g\000e\000\040\000w\000a\000t\000c\000h\000p\000o\000i\000n\000t\000s}{subsection.5.2}% 24
\BOOKMARK [3][-]{subsubsection.5.2.5}{\376\377\0005\000.\0002\000.\0005\000.\000\040\000S\000t\000r\000i\000n\000g\000\040\000s\000c\000a\000n\000n\000i\000n\000g\000\040\000w\000a\000t\000c\000h\000p\000o\000i\000n\000t\000s}{subsection.5.2}% 25
\BOOKMARK [3][-]{subsubsection.5.2.6}{\376\377\0005\000.\0002\000.\0006\000.\000\040\000E\000n\000a\000b\000l\000i\000n\000g\000/\000D\000i\000s\000a\000b\000l\000i\000n\000g\000\040\000w\000a\000t\000c\000h\000p\000o\000i\000n\000t\000s}{subsection.5.2}% 26
\BOOKMARK [3][-]{subsubsection.5.2.7}{\376\377\0005\000.\0002\000.\0007\000.\000\040\000C\000l\000e\000a\000r\000i\000n\000g\000/\000D\000e\000l\000e\000t\000i\000n\000g\000\040\000w\000a\000t\000c\000h\000p\000o\000i\000n\000t\000s}{subsection.5.2}% 27
\BOOKMARK [3][-]{subsubsection.5.2.8}{\376\377\0005\000.\0002\000.\0008\000.\000\040\000W\000a\000t\000c\000h\000p\000o\000i\000n\000t\000s\000\040\000i\000n\000f\000o}{subsection.5.2}% 28
\BOOKMARK [2][-]{subsection.5.3}{\376\377\0005\000.\0003\000.\000\040\000T\000r\000a\000c\000e\000p\000o\000i\000n\000t\000s}{section.5}% 29
\BOOKMARK [3][-]{subsubsection.5.3.1}{\376\377\0005\000.\0003\000.\0001\000.\000\040\000P\000r\000o\000c\000e\000d\000u\000r\000e\000\040\000t\000r\000a\000c\000e\000p\000o\000i\000n\000t\000s}{subsection.5.3}% 30
\BOOKMARK [3][-]{subsubsection.5.3.2}{\376\377\0005\000.\0003\000.\0002\000.\000\040\000F\000u\000n\000c\000t\000i\000o\000n\000\040\000t\000r\000a\000c\000e\000p\000o\000i\000n\000t\000s}{subsection.5.3}% 31
\BOOKMARK [3][-]{subsubsection.5.3.3}{\376\377\0005\000.\0003\000.\0003\000.\000\040\000O\000p\000e\000r\000a\000t\000o\000r\000\040\000t\000r\000a\000c\000e\000p\000o\000i\000n\000t\000s}{subsection.5.3}% 32
\BOOKMARK [3][-]{subsubsection.5.3.4}{\376\377\0005\000.\0003\000.\0004\000.\000\040\000E\000n\000a\000b\000l\000i\000n\000g\000/\000D\000i\000s\000a\000b\000l\000i\000n\000g\000\040\000t\000r\000a\000c\000e\000p\000o\000i\000n\000t\000s}{subsection.5.3}% 33
\BOOKMARK [3][-]{subsubsection.5.3.5}{\376\377\0005\000.\0003\000.\0005\000.\000\040\000C\000l\000e\000a\000r\000i\000n\000g\000/\000D\000e\000l\000e\000t\000i\000n\000g\000\040\000t\000r\000a\000c\000e\000p\000o\000i\000n\000t\000s}{subsection.5.3}% 34
\BOOKMARK [3][-]{subsubsection.5.3.6}{\376\377\0005\000.\0003\000.\0006\000.\000\040\000T\000r\000a\000c\000e\000p\000o\000i\000n\000t\000s\000\040\000i\000n\000f\000o}{subsection.5.3}% 35
\BOOKMARK [2][-]{subsection.5.4}{\376\377\0005\000.\0004\000.\000\040\000S\000t\000e\000p\000p\000i\000n\000g\000\040\000a\000n\000d\000\040\000c\000o\000n\000t\000i\000n\000u\000i\000n\000g}{section.5}% 36
\BOOKMARK [2][-]{subsection.5.5}{\376\377\0005\000.\0005\000.\000\040\000S\000t\000e\000p\000p\000i\000n\000g\000\040\000i\000n\000\040\000P\000a\000t\000t\000e\000r\000n\000s}{section.5}% 37
\BOOKMARK [1][-]{section.6}{\376\377\0006\000.\000\040\000E\000x\000a\000m\000i\000n\000i\000n\000g\000\040\000t\000h\000e\000\040\000S\000t\000a\000c\000k}{}% 38
\BOOKMARK [2][-]{subsection.6.1}{\376\377\0006\000.\0001\000.\000\040\000I\000n\000f\000o\000r\000m\000a\000t\000i\000o\000n\000\040\000a\000b\000o\000u\000t\000\040\000a\000\040\000f\000r\000a\000m\000e}{section.6}% 39
\BOOKMARK [2][-]{subsection.6.2}{\376\377\0006\000.\0002\000.\000\040\000S\000e\000l\000e\000c\000t\000i\000n\000g\000\040\000a\000\040\000f\000r\000a\000m\000e}{section.6}% 40
\BOOKMARK [2][-]{subsection.6.3}{\376\377\0006\000.\0003\000.\000\040\000B\000a\000c\000k\000t\000r\000a\000c\000i\000n\000g}{section.6}% 41
\BOOKMARK [1][-]{section.7}{\376\377\0007\000.\000\040\000E\000x\000a\000m\000i\000n\000i\000n\000g\000\040\000D\000a\000t\000a}{}% 42
\BOOKMARK [2][-]{subsection.7.1}{\376\377\0007\000.\0001\000.\000\040\000G\000e\000t\000t\000i\000n\000g\000\040\000a\000\040\000p\000e\000e\000k\000\040\000a\000t\000\040\000t\000h\000e\000\040\000v\000a\000l\000u\000e\000\040\000o\000f\000\040\000a\000n\000\040\000e\000x\000p\000r\000e\000s\000s\000i\000o\000n}{section.7}% 43
\BOOKMARK [3][-]{subsubsection.7.1.1}{\376\377\0007\000.\0001\000.\0001\000\040\000S\000i\000m\000p\000l\000e\000\040\000v\000a\000r\000i\000a\000b\000l\000e\000s}{subsection.7.1}% 44
\BOOKMARK [3][-]{subsubsection.7.1.2}{\376\377\0007\000.\0001\000.\0002\000.\000\040\000L\000i\000s\000t\000s}{subsection.7.1}% 45
\BOOKMARK [3][-]{subsubsection.7.1.3}{\376\377\0007\000.\0001\000.\0003\000.\000\040\000T\000a\000b\000l\000e\000s}{subsection.7.1}% 46
\BOOKMARK [3][-]{subsubsection.7.1.4}{\376\377\0007\000.\0001\000.\0004\000.\000\040\000S\000t\000r\000i\000n\000g\000s}{subsection.7.1}% 47
\BOOKMARK [3][-]{subsubsection.7.1.5}{\376\377\0007\000.\0001\000.\0005\000.\000\040\000R\000e\000c\000o\000r\000d\000s}{subsection.7.1}% 48
\BOOKMARK [3][-]{subsubsection.7.1.6}{\376\377\0007\000.\0001\000.\0006\000.\000\040\000G\000l\000o\000b\000a\000l\000\040\000v\000a\000r\000i\000a\000b\000l\000e\000s}{subsection.7.1}% 49
\BOOKMARK [3][-]{subsubsection.7.1.7}{\376\377\0007\000.\0001\000.\0007\000.\000\040\000L\000o\000c\000a\000l\000\040\000v\000a\000r\000i\000a\000b\000l\000e\000s}{subsection.7.1}% 50
\BOOKMARK [3][-]{subsubsection.7.1.8}{\376\377\0007\000.\0001\000.\0008\000.\000\040\000S\000t\000a\000t\000i\000c\000\040\000v\000a\000r\000i\000a\000b\000l\000e\000s}{subsection.7.1}% 51
\BOOKMARK [3][-]{subsubsection.7.1.9}{\376\377\0007\000.\0001\000.\0009\000.\000\040\000P\000a\000r\000a\000m\000e\000t\000e\000r\000\040\000v\000a\000r\000i\000a\000b\000l\000e\000s}{subsection.7.1}% 52
\BOOKMARK [3][-]{subsubsection.7.1.10}{\376\377\0007\000.\0001\000.\0001\0000\000.\000\040\000K\000e\000y\000w\000o\000r\000d\000s}{subsection.7.1}% 53
\BOOKMARK [2][-]{subsection.7.2}{\376\377\0007\000.\0002\000.\000\040\000C\000h\000a\000n\000g\000i\000n\000g\000\040\000t\000h\000e\000\040\000v\000a\000l\000u\000e\000\040\000o\000f\000\040\000a\000n\000\040\000e\000x\000p\000r\000e\000s\000s\000i\000o\000n}{section.7}% 54
\BOOKMARK [3][-]{subsubsection.7.2.1}{\376\377\0007\000.\0002\000.\0001\000.\000\040\000S\000i\000m\000p\000l\000e\000\040\000v\000a\000r\000i\000a\000b\000l\000e\000s}{subsection.7.2}% 55
\BOOKMARK [3][-]{subsubsection.7.2.2}{\376\377\0007\000.\0002\000.\0002\000.\000\040\000L\000i\000s\000t\000s}{subsection.7.2}% 56
\BOOKMARK [3][-]{subsubsection.7.2.3}{\376\377\0007\000.\0002\000.\0003\000.\000\040\000T\000a\000b\000l\000e\000s}{subsection.7.2}% 57
\BOOKMARK [3][-]{subsubsection.7.2.4}{\376\377\0007\000.\0002\000.\0004\000.\000\040\000S\000t\000r\000i\000n\000g\000s}{subsection.7.2}% 58
\BOOKMARK [3][-]{subsubsection.7.2.5}{\376\377\0007\000.\0002\000.\0005\000.\000\040\000R\000e\000c\000o\000r\000d\000s}{subsection.7.2}% 59
\BOOKMARK [3][-]{subsubsection.7.2.6}{\376\377\0007\000.\0002\000.\0006\000.\000\040\000K\000e\000y\000w\000o\000r\000d\000s}{subsection.7.2}% 60
\BOOKMARK [2][-]{subsection.7.3}{\376\377\0007\000.\0003\000.\000\040\000A\000n\000a\000l\000y\000z\000i\000n\000g\000\040\000P\000a\000t\000t\000e\000r\000n\000\040\000M\000a\000t\000c\000h\000e\000s}{section.7}% 61
\BOOKMARK [1][-]{section.8}{\376\377\0008\000.\000\040\000C\000o\000e\000x\000p\000r\000e\000s\000s\000i\000o\000n\000\040\000S\000u\000p\000p\000o\000r\000t}{}% 62
\BOOKMARK [1][-]{section.9}{\376\377\0009\000.\000\040\000O\000b\000j\000e\000c\000t\000-\000O\000r\000i\000e\000n\000t\000e\000d\000\040\000S\000u\000p\000p\000o\000r\000t}{}% 63
\BOOKMARK [2][-]{subsection.9.1}{\376\377\0009\000.\0001\000.\000\040\000B\000r\000e\000a\000k\000p\000o\000i\000n\000t\000s\000\040\000o\000n\000\040\000M\000e\000t\000h\000o\000d\000s}{section.9}% 64
\BOOKMARK [2][-]{subsection.9.2}{\376\377\0009\000.\0002\000.\000\040\000C\000l\000a\000s\000s\000\040\000V\000a\000r\000i\000a\000b\000l\000e\000s}{section.9}% 65
\BOOKMARK [1][-]{section.10}{\376\377\0001\0000\000.\000\040\000E\000x\000a\000m\000i\000n\000i\000n\000g\000\040\000S\000o\000u\000r\000c\000e\000\040\000C\000o\000d\000e\000\040\000a\000n\000d\000\040\000F\000i\000l\000e\000s}{}% 66
\BOOKMARK [2][-]{subsection.10.1}{\376\377\0001\0000\000.\0001\000.\000\040\000C\000h\000e\000c\000k\000\040\000s\000o\000u\000r\000c\000e\000\040\000l\000i\000n\000e\000s}{section.10}% 67
\BOOKMARK [2][-]{subsection.10.2}{\376\377\0001\0000\000.\0002\000.\000\040\000C\000h\000e\000c\000k\000\040\000s\000o\000u\000r\000c\000e\000\040\000i\000n\000f\000o}{section.10}% 68
\BOOKMARK [2][-]{subsection.10.3}{\376\377\0001\0000\000.\0003\000.\000\040\000C\000h\000e\000c\000k\000\040\000s\000o\000u\000r\000c\000e\000\040\000f\000i\000l\000e\000s}{section.10}% 69
\BOOKMARK [1][-]{section.11}{\376\377\0001\0001\000.\000\040\000E\000x\000a\000m\000i\000n\000i\000n\000g\000\040\000M\000e\000m\000o\000r\000y\000\040\000U\000s\000a\000g\000e}{}% 70
\BOOKMARK [2][-]{subsection.11.1}{\376\377\0001\0001\000.\0001\000.\000\040\000R\000e\000g\000i\000o\000n\000s}{section.11}% 71
\BOOKMARK [2][-]{subsection.11.2}{\376\377\0001\0001\000.\0002\000.\000\040\000A\000l\000l\000o\000c\000a\000t\000e\000d\000\040\000s\000t\000o\000r\000a\000g\000e}{section.11}% 72
\BOOKMARK [2][-]{subsection.11.3}{\376\377\0001\0001\000.\0003\000.\000\040\000T\000o\000t\000a\000l\000\040\000a\000l\000l\000o\000c\000a\000t\000i\000o\000n\000s}{section.11}% 73
\BOOKMARK [2][-]{subsection.11.4}{\376\377\0001\0001\000.\0004\000.\000\040\000T\000o\000t\000a\000l\000\040\000c\000o\000l\000l\000e\000c\000t\000i\000o\000n\000s}{section.11}% 74
\BOOKMARK [1][-]{section.12}{\376\377\0001\0002\000.\000\040\000S\000h\000e\000l\000l\000\040\000C\000o\000m\000m\000a\000n\000d\000s}{}% 75
\BOOKMARK [1][-]{section.13}{\376\377\0001\0003\000.\000\040\000E\000x\000t\000e\000n\000s\000i\000o\000n\000\040\000A\000g\000e\000n\000t\000s}{}% 76
\BOOKMARK [2][-]{subsection.13.1}{\376\377\0001\0003\000.\0001\000.\000\040\000I\000n\000t\000e\000r\000n\000a\000l\000\040\000A\000g\000e\000n\000t\000s}{section.13}% 77
\BOOKMARK [3][-]{subsubsection.13.1.1}{\376\377\0001\0003\000.\0001\000.\0001\000.\000\040\000E\000n\000a\000b\000l\000i\000n\000g\000\040\000i\000n\000t\000e\000r\000n\000a\000l\000\040\000a\000g\000e\000n\000t\000s}{subsection.13.1}% 78
\BOOKMARK [3][-]{subsubsection.13.1.2}{\376\377\0001\0003\000.\0001\000.\0002\000.\000\040\000D\000i\000s\000a\000b\000l\000i\000n\000g\000\040\000i\000n\000t\000e\000r\000n\000a\000l\000\040\000a\000g\000e\000n\000t\000s}{subsection.13.1}% 79
\BOOKMARK [3][-]{subsubsection.13.1.3}{\376\377\0001\0003\000.\0001\000.\0003\000.\000\040\000A\000n\000a\000l\000y\000z\000i\000n\000g\000\040\000i\000n\000f\000o\000r\000m\000a\000t\000i\000o\000n\000\040\000i\000n\000\040\000t\000h\000e\000\040\000i\000n\000t\000e\000r\000n\000a\000l\000\040\000a\000g\000e\000n\000t}{subsection.13.1}% 80
\BOOKMARK [3][-]{subsubsection.13.1.4}{\376\377\0001\0003\000.\0001\000.\0004\000.\000\040\000P\000r\000i\000n\000t\000i\000n\000g\000\040\000i\000n\000f\000o\000r\000m\000a\000t\000i\000o\000n\000\040\000f\000r\000o\000m\000\040\000t\000h\000e\000\040\000i\000n\000t\000e\000r\000n\000a\000l\000\040\000a\000g\000e\000n\000t}{subsection.13.1}% 81
\BOOKMARK [2][-]{subsection.13.2}{\376\377\0001\0003\000.\0002\000.\000\040\000E\000x\000t\000e\000r\000n\000a\000l\000\040\000A\000g\000e\000n\000t\000s}{section.13}% 82
\BOOKMARK [3][-]{subsubsection.13.2.1}{\376\377\0001\0003\000.\0002\000.\0001\000.\000\040\000L\000o\000a\000d\000i\000n\000g\000\040\000e\000x\000t\000e\000r\000n\000a\000l\000\040\000a\000g\000e\000n\000t\000s}{subsection.13.2}% 83
\BOOKMARK [3][-]{subsubsection.13.2.2}{\376\377\0001\0003\000.\0002\000.\0002\000.\000\040\000E\000n\000a\000b\000l\000i\000n\000g\000\040\000e\000x\000t\000e\000r\000n\000a\000l\000\040\000a\000g\000e\000n\000t\000s}{subsection.13.2}% 84
\BOOKMARK [3][-]{subsubsection.13.2.3}{\376\377\0001\0003\000.\0002\000.\0003\000.\000\040\000D\000i\000s\000a\000b\000l\000i\000n\000g\000\040\000e\000x\000t\000e\000r\000n\000a\000l\000\040\000a\000g\000e\000n\000t\000s}{subsection.13.2}% 85
\BOOKMARK [2][-]{subsection.13.3}{\376\377\0001\0003\000.\0003\000.\000\040\000M\000i\000g\000r\000a\000t\000i\000o\000n\000\040\000f\000r\000o\000m\000\040\000e\000x\000t\000e\000r\000n\000a\000l\000s\000\040\000t\000o\000\040\000i\000n\000t\000e\000r\000n\000a\000l\000s}{section.13}% 86
\BOOKMARK [3][-]{subsubsection.13.3.1}{\376\377\0001\0003\000.\0003\000.\0001\000.\000\040\000S\000i\000m\000p\000l\000e\000\040\000a\000g\000e\000n\000t}{subsection.13.3}% 87
\BOOKMARK [3][-]{subsubsection.13.3.2}{\376\377\0001\0003\000.\0003\000.\0002\000.\000\040\000C\000o\000m\000p\000l\000e\000x\000\040\000a\000g\000e\000n\000t}{subsection.13.3}% 88
\BOOKMARK [1][-]{section.14}{\376\377\0001\0004\000.\000\040\000F\000u\000t\000u\000r\000e\000\040\000W\000o\000r\000k}{}% 89
\BOOKMARK [1][-]{section.15}{\376\377\0001\0005\000.\000\040\000A\000p\000p\000e\000n\000d\000i\000x\000:\000\040\000U\000D\000B\000\040\000C\000o\000m\000m\000a\000n\000d\000\040\000S\000u\000m\000m\000a\000r\000y}{}% 90
\BOOKMARK [2][-]{subsection.15.1}{\376\377\000A\000.\000\040\000E\000s\000s\000e\000n\000t\000i\000a\000l\000\040\000C\000o\000m\000m\000a\000n\000d\000s}{section.15}% 91
\BOOKMARK [2][-]{subsection.15.2}{\376\377\000B\000.\000\040\000W\000h\000a\000t\000\040\000t\000o\000\040\000D\000o\000\040\000A\000f\000t\000e\000r\000\040\000a\000\040\000C\000r\000a\000s\000h}{section.15}% 92
\BOOKMARK [2][-]{subsection.15.3}{\376\377\000C\000.\000\040\000S\000t\000a\000r\000t\000i\000n\000g\000\040\000U\000D\000B}{section.15}% 93
\BOOKMARK [2][-]{subsection.15.4}{\376\377\000D\000.\000\040\000S\000t\000o\000p\000p\000i\000n\000g\000\040\000U\000D\000B}{section.15}% 94
\BOOKMARK [2][-]{subsection.15.5}{\376\377\000E\000.\000\040\000G\000e\000t\000t\000i\000n\000g\000\040\000H\000e\000l\000p}{section.15}% 95
\BOOKMARK [2][-]{subsection.15.6}{\376\377\000F\000.\000\040\000E\000x\000e\000c\000u\000t\000i\000n\000g\000\040\000a\000\040\000P\000r\000o\000g\000r\000a\000m}{section.15}% 96
\BOOKMARK [2][-]{subsection.15.7}{\376\377\000G\000.\000\040\000B\000r\000e\000a\000k\000p\000o\000i\000n\000t\000s}{section.15}% 97
\BOOKMARK [2][-]{subsection.15.8}{\376\377\000H\000.\000\040\000W\000a\000t\000c\000h\000p\000o\000i\000n\000t\000s}{section.15}% 98
\BOOKMARK [2][-]{subsection.15.9}{\376\377\000I\000.\000\040\000T\000r\000a\000c\000e\000p\000o\000i\000n\000t\000s}{section.15}% 99
\BOOKMARK [2][-]{subsection.15.10}{\376\377\000J\000.\000\040\000P\000r\000o\000g\000r\000a\000m\000\040\000S\000t\000a\000c\000k}{section.15}% 100
\BOOKMARK [2][-]{subsection.15.11}{\376\377\000K\000.\000\040\000E\000x\000e\000c\000u\000t\000i\000o\000n\000\040\000C\000o\000n\000t\000r\000o\000l}{section.15}% 101
\BOOKMARK [2][-]{subsection.15.12}{\376\377\000L\000.\000\040\000D\000i\000s\000p\000l\000a\000y\000\040\000a\000n\000d\000\040\000C\000h\000a\000n\000g\000e\000\040\000D\000a\000t\000a}{section.15}% 102
\BOOKMARK [2][-]{subsection.15.13}{\376\377\000M\000.\000\040\000C\000o\000e\000x\000p\000r\000e\000s\000s\000i\000o\000n\000s}{section.15}% 103
\BOOKMARK [2][-]{subsection.15.14}{\376\377\000N\000.\000\040\000D\000i\000r\000e\000c\000t\000o\000r\000i\000e\000s\000\040\000a\000n\000d\000\040\000S\000o\000u\000r\000c\000e\000\040\000P\000a\000t\000h}{section.15}% 104
\BOOKMARK [2][-]{subsection.15.15}{\376\377\000O\000.\000\040\000S\000o\000u\000r\000c\000e\000\040\000F\000i\000l\000e\000s\000\040\000a\000n\000d\000\040\000C\000o\000d\000e\000\040\000I\000n\000f\000o}{section.15}% 105
\BOOKMARK [2][-]{subsection.15.16}{\376\377\000P\000.\000\040\000M\000e\000m\000o\000r\000y\000\040\000U\000s\000a\000g\000e}{section.15}% 106
\BOOKMARK [2][-]{subsection.15.17}{\376\377\000Q\000.\000\040\000S\000h\000e\000l\000l\000\040\000C\000o\000m\000m\000a\000n\000d\000s}{section.15}% 107
\BOOKMARK [2][-]{subsection.15.18}{\376\377\000R\000.\000\040\000E\000x\000t\000e\000n\000s\000i\000o\000n\000\040\000A\000g\000e\000n\000t\000s}{section.15}% 108
\BOOKMARK [1][-]{section.16}{\376\377\0001\0005\000.\000\040\000R\000e\000f\000e\000r\000e\000n\000c\000e\000s}{}% 109
