This is pdfTeX, Version 3.141592653-2.6-1.40.25 (TeX Live 2023/Debian) (preloaded format=pdflatex 2026.8.18)  18 AUG 2026 14:54
entering extended mode
 restricted \write18 enabled.
 %&-line parsing enabled.
**utr27.tex
(./utr27.tex
LaTeX2e <2023-11-01> patch level 1
L3 programming layer <2024-01-22>
(/usr/share/texlive/texmf-dist/tex/latex/base/article.cls
Document Class: article 2023/05/17 v1.4n Standard LaTeX document class
(/usr/share/texlive/texmf-dist/tex/latex/base/size12.clo
File: size12.clo 2023/05/17 v1.4n Standard LaTeX file (size option)
)
\c@part=\count187
\c@section=\count188
\c@subsection=\count189
\c@subsubsection=\count190
\c@paragraph=\count191
\c@subparagraph=\count192
\c@figure=\count193
\c@table=\count194
\abovecaptionskip=\skip48
\belowcaptionskip=\skip49
\bibindent=\dimen140
)
(/usr/share/texlive/texmf-dist/tex/latex/base/fontenc.sty
Package: fontenc 2021/04/29 v2.0v Standard LaTeX package
)
(/usr/share/texlive/texmf-dist/tex/latex/base/inputenc.sty
Package: inputenc 2021/02/14 v1.3d Input encoding file
\inpenc@prehook=\toks17
\inpenc@posthook=\toks18
)
(/usr/share/texlive/texmf-dist/tex/latex/graphics/graphicx.sty
Package: graphicx 2021/09/16 v1.2d Enhanced LaTeX Graphics (DPC,SPQR)

(/usr/share/texlive/texmf-dist/tex/latex/graphics/keyval.sty
Package: keyval 2022/05/29 v1.15 key=value parser (DPC)
\KV@toks@=\toks19
)
(/usr/share/texlive/texmf-dist/tex/latex/graphics/graphics.sty
Package: graphics 2022/03/10 v1.4e Standard LaTeX Graphics (DPC,SPQR)

(/usr/share/texlive/texmf-dist/tex/latex/graphics/trig.sty
Package: trig 2021/08/11 v1.11 sin cos tan (DPC)
)
(/usr/share/texlive/texmf-dist/tex/latex/graphics-cfg/graphics.cfg
File: graphics.cfg 2016/06/04 v1.11 sample graphics configuration
)
Package graphics Info: Driver file: pdftex.def on input line 107.

(/usr/share/texlive/texmf-dist/tex/latex/graphics-def/pdftex.def
File: pdftex.def 2022/09/22 v1.2b Graphics/color driver for pdftex
))
\Gin@req@height=\dimen141
\Gin@req@width=\dimen142
)
(/usr/share/texlive/texmf-dist/tex/latex/hyperref/hyperref.sty
Package: hyperref 2024-01-20 v7.01h Hypertext links for LaTeX

(/usr/share/texlive/texmf-dist/tex/generic/iftex/iftex.sty
Package: iftex 2022/02/03 v1.0f TeX engine tests
)
(/usr/share/texlive/texmf-dist/tex/latex/kvsetkeys/kvsetkeys.sty
Package: kvsetkeys 2022-10-05 v1.19 Key value parser (HO)
)
(/usr/share/texlive/texmf-dist/tex/generic/kvdefinekeys/kvdefinekeys.sty
Package: kvdefinekeys 2019-12-19 v1.6 Define keys (HO)
)
(/usr/share/texlive/texmf-dist/tex/generic/pdfescape/pdfescape.sty
Package: pdfescape 2019/12/09 v1.15 Implements pdfTeX's escape features (HO)

(/usr/share/texlive/texmf-dist/tex/generic/ltxcmds/ltxcmds.sty
Package: ltxcmds 2023-12-04 v1.26 LaTeX kernel commands for general use (HO)
)
(/usr/share/texlive/texmf-dist/tex/generic/pdftexcmds/pdftexcmds.sty
Package: pdftexcmds 2020-06-27 v0.33 Utility functions of pdfTeX for LuaTeX (HO
)

(/usr/share/texlive/texmf-dist/tex/generic/infwarerr/infwarerr.sty
Package: infwarerr 2019/12/03 v1.5 Providing info/warning/error messages (HO)
)
Package pdftexcmds Info: \pdf@primitive is available.
Package pdftexcmds Info: \pdf@ifprimitive is available.
Package pdftexcmds Info: \pdfdraftmode found.
))
(/usr/share/texlive/texmf-dist/tex/latex/hycolor/hycolor.sty
Package: hycolor 2020-01-27 v1.10 Color options for hyperref/bookmark (HO)
)
(/usr/share/texlive/texmf-dist/tex/latex/auxhook/auxhook.sty
Package: auxhook 2019-12-17 v1.6 Hooks for auxiliary files (HO)
)
(/usr/share/texlive/texmf-dist/tex/latex/hyperref/nameref.sty
Package: nameref 2023-11-26 v2.56 Cross-referencing by name of section

(/usr/share/texlive/texmf-dist/tex/latex/refcount/refcount.sty
Package: refcount 2019/12/15 v3.6 Data extraction from label references (HO)
)
(/usr/share/texlive/texmf-dist/tex/generic/gettitlestring/gettitlestring.sty
Package: gettitlestring 2019/12/15 v1.6 Cleanup title references (HO)

(/usr/share/texlive/texmf-dist/tex/latex/kvoptions/kvoptions.sty
Package: kvoptions 2022-06-15 v3.15 Key value format for package options (HO)
))
\c@section@level=\count195
)
(/usr/share/texlive/texmf-dist/tex/latex/etoolbox/etoolbox.sty
Package: etoolbox 2020/10/05 v2.5k e-TeX tools for LaTeX (JAW)
\etb@tempcnta=\count196
)
\@linkdim=\dimen143
\Hy@linkcounter=\count197
\Hy@pagecounter=\count198

(/usr/share/texlive/texmf-dist/tex/latex/hyperref/pd1enc.def
File: pd1enc.def 2024-01-20 v7.01h Hyperref: PDFDocEncoding definition (HO)
Now handling font encoding PD1 ...
... no UTF-8 mapping file for font encoding PD1
)
(/usr/share/texlive/texmf-dist/tex/generic/intcalc/intcalc.sty
Package: intcalc 2019/12/15 v1.3 Expandable calculations with integers (HO)
)
\Hy@SavedSpaceFactor=\count199

(/usr/share/texlive/texmf-dist/tex/latex/hyperref/puenc.def
File: puenc.def 2024-01-20 v7.01h Hyperref: PDF Unicode definition (HO)
Now handling font encoding PU ...
... no UTF-8 mapping file for font encoding PU
)
Package hyperref Info: Hyper figures OFF on input line 4179.
Package hyperref Info: Link nesting OFF on input line 4184.
Package hyperref Info: Hyper index ON on input line 4187.
Package hyperref Info: Plain pages OFF on input line 4194.
Package hyperref Info: Backreferencing OFF on input line 4199.
Package hyperref Info: Implicit mode ON; LaTeX internals redefined.
Package hyperref Info: Bookmarks ON on input line 4446.
\c@Hy@tempcnt=\count266

(/usr/share/texlive/texmf-dist/tex/latex/url/url.sty
\Urlmuskip=\muskip16
Package: url 2013/09/16  ver 3.4  Verb mode for urls, etc.
)
LaTeX Info: Redefining \url on input line 4784.
\XeTeXLinkMargin=\dimen144

(/usr/share/texlive/texmf-dist/tex/generic/bitset/bitset.sty
Package: bitset 2019/12/09 v1.3 Handle bit-vector datatype (HO)

(/usr/share/texlive/texmf-dist/tex/generic/bigintcalc/bigintcalc.sty
Package: bigintcalc 2019/12/15 v1.5 Expandable calculations on big integers (HO
)
))
\Fld@menulength=\count267
\Field@Width=\dimen145
\Fld@charsize=\dimen146
Package hyperref Info: Hyper figures OFF on input line 6063.
Package hyperref Info: Link nesting OFF on input line 6068.
Package hyperref Info: Hyper index ON on input line 6071.
Package hyperref Info: backreferencing OFF on input line 6078.
Package hyperref Info: Link coloring OFF on input line 6083.
Package hyperref Info: Link coloring with OCG OFF on input line 6088.
Package hyperref Info: PDF/A mode OFF on input line 6093.

(/usr/share/texlive/texmf-dist/tex/latex/base/atbegshi-ltx.sty
Package: atbegshi-ltx 2021/01/10 v1.0c Emulation of the original atbegshi
package with kernel methods
)
\Hy@abspage=\count268
\c@Item=\count269
\c@Hfootnote=\count270
)
Package hyperref Info: Driver (autodetected): hpdftex.

(/usr/share/texlive/texmf-dist/tex/latex/hyperref/hpdftex.def
File: hpdftex.def 2024-01-20 v7.01h Hyperref driver for pdfTeX

(/usr/share/texlive/texmf-dist/tex/latex/base/atveryend-ltx.sty
Package: atveryend-ltx 2020/08/19 v1.0a Emulation of the original atveryend pac
kage
with kernel methods
)
\Fld@listcount=\count271
\c@bookmark@seq@number=\count272

(/usr/share/texlive/texmf-dist/tex/latex/rerunfilecheck/rerunfilecheck.sty
Package: rerunfilecheck 2022-07-10 v1.10 Rerun checks for auxiliary files (HO)

(/usr/share/texlive/texmf-dist/tex/generic/uniquecounter/uniquecounter.sty
Package: uniquecounter 2019/12/15 v1.4 Provide unlimited unique counter (HO)
)
Package uniquecounter Info: New unique counter `rerunfilecheck' on input line 2
85.
)
\Hy@SectionHShift=\skip50
)
(/usr/share/texlive/texmf-dist/tex/latex/xcolor/xcolor.sty
Package: xcolor 2023/11/15 v3.01 LaTeX color extensions (UK)

(/usr/share/texlive/texmf-dist/tex/latex/graphics-cfg/color.cfg
File: color.cfg 2016/01/02 v1.6 sample color configuration
)
Package xcolor Info: Driver file: pdftex.def on input line 274.

(/usr/share/texlive/texmf-dist/tex/latex/graphics/mathcolor.ltx)
Package xcolor Info: Model `cmy' substituted by `cmy0' on input line 1350.
Package xcolor Info: Model `hsb' substituted by `rgb' on input line 1354.
Package xcolor Info: Model `RGB' extended on input line 1366.
Package xcolor Info: Model `HTML' substituted by `rgb' on input line 1368.
Package xcolor Info: Model `Hsb' substituted by `hsb' on input line 1369.
Package xcolor Info: Model `tHsb' substituted by `hsb' on input line 1370.
Package xcolor Info: Model `HSB' substituted by `hsb' on input line 1371.
Package xcolor Info: Model `Gray' substituted by `gray' on input line 1372.
Package xcolor Info: Model `wave' substituted by `hsb' on input line 1373.
)
(/usr/share/texlive/texmf-dist/tex/latex/fancyvrb/fancyvrb.sty
Package: fancyvrb 2024/01/20 4.5c verbatim text (tvz,hv)
\FV@CodeLineNo=\count273
\FV@InFile=\read2
\FV@TabBox=\box51
\c@FancyVerbLine=\count274
\FV@StepNumber=\count275
\FV@OutFile=\write3
)
(/usr/share/texlive/texmf-dist/tex/latex/booktabs/booktabs.sty
Package: booktabs 2020/01/12 v1.61803398 Publication quality tables
\heavyrulewidth=\dimen147
\lightrulewidth=\dimen148
\cmidrulewidth=\dimen149
\belowrulesep=\dimen150
\belowbottomsep=\dimen151
\aboverulesep=\dimen152
\abovetopsep=\dimen153
\cmidrulesep=\dimen154
\cmidrulekern=\dimen155
\defaultaddspace=\dimen156
\@cmidla=\count276
\@cmidlb=\count277
\@aboverulesep=\dimen157
\@belowrulesep=\dimen158
\@thisruleclass=\count278
\@lastruleclass=\count279
\@thisrulewidth=\dimen159
)
(/usr/share/texlive/texmf-dist/tex/latex/tools/longtable.sty
Package: longtable 2023-11-01 v4.19 Multi-page Table package (DPC)
\LTleft=\skip51
\LTright=\skip52
\LTpre=\skip53
\LTpost=\skip54
\LTchunksize=\count280
\LTcapwidth=\dimen160
\LT@head=\box52
\LT@firsthead=\box53
\LT@foot=\box54
\LT@lastfoot=\box55
\LT@gbox=\box56
\LT@cols=\count281
\LT@rows=\count282
\c@LT@tables=\count283
\c@LT@chunks=\count284
\LT@p@ftn=\toks20
)
(/usr/share/texlive/texmf-dist/tex/latex/multirow/multirow.sty
Package: multirow 2021/03/15 v2.8 Span multiple rows of a table
\multirow@colwidth=\skip55
\multirow@cntb=\count285
\multirow@dima=\skip56
\bigstrutjot=\dimen161
)
Package hyperref Info: Option `colorlinks' set `true' on input line 12.

(/usr/share/texlive/texmf-dist/tex/latex/l3backend/l3backend-pdftex.def
File: l3backend-pdftex.def 2024-01-04 L3 backend support: PDF output (pdfTeX)
\l__color_backend_stack_int=\count286
\l__pdf_internal_box=\box57
)
(./utr27.aux)
\openout1 = `utr27.aux'.

LaTeX Font Info:    Checking defaults for OML/cmm/m/it on input line 13.
LaTeX Font Info:    ... okay on input line 13.
LaTeX Font Info:    Checking defaults for OMS/cmsy/m/n on input line 13.
LaTeX Font Info:    ... okay on input line 13.
LaTeX Font Info:    Checking defaults for OT1/cmr/m/n on input line 13.
LaTeX Font Info:    ... okay on input line 13.
LaTeX Font Info:    Checking defaults for T1/cmr/m/n on input line 13.
LaTeX Font Info:    ... okay on input line 13.
LaTeX Font Info:    Checking defaults for TS1/cmr/m/n on input line 13.
LaTeX Font Info:    ... okay on input line 13.
LaTeX Font Info:    Checking defaults for OMX/cmex/m/n on input line 13.
LaTeX Font Info:    ... okay on input line 13.
LaTeX Font Info:    Checking defaults for U/cmr/m/n on input line 13.
LaTeX Font Info:    ... okay on input line 13.
LaTeX Font Info:    Checking defaults for PD1/pdf/m/n on input line 13.
LaTeX Font Info:    ... okay on input line 13.
LaTeX Font Info:    Checking defaults for PU/pdf/m/n on input line 13.
LaTeX Font Info:    ... okay on input line 13.

(/usr/share/texlive/texmf-dist/tex/context/base/mkii/supp-pdf.mkii
[Loading MPS to PDF converter (version 2006.09.02).]
\scratchcounter=\count287
\scratchdimen=\dimen162
\scratchbox=\box58
\nofMPsegments=\count288
\nofMParguments=\count289
\everyMPshowfont=\toks21
\MPscratchCnt=\count290
\MPscratchDim=\dimen163
\MPnumerator=\count291
\makeMPintoPDFobject=\count292
\everyMPtoPDFconversion=\toks22
) (/usr/share/texlive/texmf-dist/tex/latex/epstopdf-pkg/epstopdf-base.sty
Package: epstopdf-base 2020-01-24 v2.11 Base part for package epstopdf
Package epstopdf-base Info: Redefining graphics rule for `.eps' on input line 4
85.

(/usr/share/texlive/texmf-dist/tex/latex/latexconfig/epstopdf-sys.cfg
File: epstopdf-sys.cfg 2010/07/13 v1.3 Configuration of (r)epstopdf for TeX Liv
e
))
Package hyperref Info: Link coloring ON on input line 13.

(./utr27.out) (./utr27.out)
\@outlinefile=\write4
\openout4 = `utr27.out'.

LaTeX Font Info:    Trying to load font information for T1+cmtt on input line 3
5.

(/usr/share/texlive/texmf-dist/tex/latex/base/t1cmtt.fd
File: t1cmtt.fd 2023/04/13 v2.5m Standard LaTeX font definitions
)
LaTeX Font Info:    Font shape `T1/cmtt/bx/n' in size <14.4> not available
(Font)              Font shape `T1/cmtt/m/n' tried instead on input line 35.
LaTeX Font Info:    External font `cmex10' loaded for size
(Font)              <14.4> on input line 35.
LaTeX Font Info:    External font `cmex10' loaded for size
(Font)              <7> on input line 35.
 [1

{/var/lib/texmf/fonts/map/pdftex/updmap/pdftex.map}] [2]
LaTeX Font Info:    Font shape `T1/cmtt/bx/n' in size <12> not available
(Font)              Font shape `T1/cmtt/m/n' tried instead on input line 64.

pdfTeX warning (ext4): destination with the same identifier (name{page.1}) has 
been already used, duplicate ignored
<to be read again> 
                   \relax 
l.71 
      [1]
Overfull \hbox (15.23016pt too wide) in paragraph at lines 87--88
\T1/cmtt/m/n/12 open()\T1/cmr/m/n/12 's mode string is scanned char-ac-ter by c
har-ac-ter in \T1/cmtt/m/n/12 src/runtime/fsys.r\T1/cmr/m/n/12 .
 []


Overfull \hbox (173.74466pt too wide) in alignment at lines 89--93
 [] [] [] 
 []


Overfull \hbox (173.74466pt too wide) in alignment at lines 93--97
 [] [] [] 
 []


Overfull \hbox (173.74466pt too wide) in alignment at lines 97--99
 [] [] [] 
 []


Overfull \hbox (173.74466pt too wide) in alignment at lines 99--101
 [] [] [] 
 []


Overfull \hbox (173.74466pt too wide) in alignment at lines 101--109
 [] [] [] 
 []


pdfTeX warning (ext4): destination with the same identifier (name{page.2}) has 
been already used, duplicate ignored
<to be read again> 
                   \relax 
l.113 
       [2]
Overfull \hbox (73.57346pt too wide) in alignment at lines 125--129
 [] [] [] [] 
 []


Overfull \hbox (73.57346pt too wide) in alignment at lines 129--133
 [] [] [] [] 
 []


Overfull \hbox (73.57346pt too wide) in alignment at lines 133--135
 [] [] [] [] 
 []


Overfull \hbox (73.57346pt too wide) in alignment at lines 135--137
 [] [] [] [] 
 []


Overfull \hbox (73.57346pt too wide) in alignment at lines 137--144
 [] [] [] [] 
 []


Overfull \hbox (19.78664pt too wide) in paragraph at lines 155--156
\T1/cmr/m/n/12 val-ues and un-known names fail (TLS at-tribute er-rors use 1302
; crypto state/name
 []

[3]
Overfull \hbox (194.16191pt too wide) in alignment at lines 189--193
 [] [] [] 
 []


Overfull \hbox (194.16191pt too wide) in alignment at lines 193--197
 [] [] [] 
 []


Overfull \hbox (194.16191pt too wide) in alignment at lines 197--199
 [] [] [] 
 []


Overfull \hbox (194.16191pt too wide) in alignment at lines 199--201
 [] [] [] 
 []


Overfull \hbox (194.16191pt too wide) in alignment at lines 201--211
 [] [] [] 
 []

[4] [5] [6] [7] [8] [9] [10] [11] [12]
LaTeX Font Info:    Font shape `T1/cmtt/bx/n' in size <17.28> not available
(Font)              Font shape `T1/cmtt/m/n' tried instead on input line 608.
 [13]
Overfull \hbox (51.5677pt too wide) in paragraph at lines 617--618
\T1/cmr/m/n/12 and \T1/cmtt/m/n/12 sig=\T1/cmr/m/n/12 . A change while a di-ges
t or ci-pher is in flight fails (1316). \T1/cmtt/m/n/12 Attrib(h, "type")
 []


Overfull \hbox (168.8444pt too wide) in alignment at lines 630--634
 [] [] [] 
 []


Overfull \hbox (168.8444pt too wide) in alignment at lines 634--638
 [] [] [] 
 []


Overfull \hbox (168.8444pt too wide) in alignment at lines 638--640
 [] [] [] 
 []


Overfull \hbox (168.8444pt too wide) in alignment at lines 640--642
 [] [] [] 
 []


Overfull \hbox (168.8444pt too wide) in alignment at lines 642--651
 [] [] [] 
 []

[14]
Overfull \hbox (57.18253pt too wide) in paragraph at lines 656--657
\T1/cmr/m/n/12 Crypto com-piles un-der \T1/cmtt/m/n/12 HAVE_LIBSSL\T1/cmr/m/n/1
2 , the same guard as TLS. \T1/cmtt/m/n/12 configure --disable-ssl
 []


Overfull \hbox (53.76334pt too wide) in paragraph at lines 659--660
[]\T1/cmtt/m/n/12 &features \T1/cmr/m/n/12 re-ports \T1/cmtt/m/n/12 secure sock
ets layer encryption\T1/cmr/m/n/12 . \T1/cmtt/m/n/12 tests/crypto/Makefile
 []


Overfull \hbox (32.17708pt too wide) in paragraph at lines 662--663
\T1/cmtt/m/n/12 fsys.r\T1/cmr/m/n/12 , \T1/cmtt/m/n/12 fmisc.r\T1/cmr/m/n/12 , 
\T1/cmtt/m/n/12 rposix.r\T1/cmr/m/n/12 , and \T1/cmtt/m/n/12 rcrypto.ri\T1/cmr/
m/n/12 . TLS helpers (\T1/cmtt/m/n/12 create_ssl_context\T1/cmr/m/n/12 ,
 []


Overfull \hbox (40.96428pt too wide) in paragraph at lines 662--663
\T1/cmtt/m/n/12 is_ssl_attr\T1/cmr/m/n/12 ) and the \T1/cmtt/m/n/12 CryptoFile 
\T1/cmr/m/n/12 im-ple-men-ta-tion share \T1/cmtt/m/n/12 src/runtime/rcrypto.ri\
T1/cmr/m/n/12 . 
 []

[15]
Overfull \hbox (1.95982pt too wide) in paragraph at lines 687--688
\T1/cmtt/m/n/12 filekey\T1/cmr/m/n/12 , \T1/cmtt/m/n/12 filekeyattr\T1/cmr/m/n/
12 , \T1/cmtt/m/n/12 filetamper\T1/cmr/m/n/12 , \T1/cmtt/m/n/12 opswitch\T1/cmr
/m/n/12 , \T1/cmtt/m/n/12 midattrib\T1/cmr/m/n/12 , \T1/cmtt/m/n/12 badalg\T1/c
mr/m/n/12 , \T1/cmtt/m/n/12 badkey\T1/cmr/m/n/12 ,
 []


Overfull \hbox (60.74083pt too wide) in paragraph at lines 687--688
\T1/cmtt/m/n/12 tlsauth\T1/cmr/m/n/12 , \T1/cmtt/m/n/12 tlsproto\T1/cmr/m/n/12 
, \T1/cmtt/m/n/12 tlscipher\T1/cmr/m/n/12 , \T1/cmtt/m/n/12 tlshandle\T1/cmr/m/
n/12 , \T1/cmtt/m/n/12 dtls\T1/cmr/m/n/12 , \T1/cmtt/m/n/12 dtlsecho\T1/cmr/m/n
/12 ). \T1/cmtt/m/n/12 tests/crypto/Makefile
 []


Overfull \hbox (31.01056pt too wide) in paragraph at lines 687--688
\T1/cmr/m/n/12 tests when con-cur-rency is ab-sent. Ex-pected out-put is \T1/cm
tt/m/n/12 tests/crypto/stand/*.std\T1/cmr/m/n/12 . 
 []


Underfull \hbox (badness 4779) in paragraph at lines 693--694
[]\T1/cmr/m/n/12 Clinton Jef-fery. "How to Write a Uni-con Tech-ni-cal Re-port"
.
 []


Underfull \hbox (badness 10000) in paragraph at lines 696--697
[]\T1/cmr/m/n/12 The lib-ssh Project. "lib-ssh -- The SSH Li-brary".
 []


Underfull \hbox (badness 1072) in paragraph at lines 702--703
[]\T1/cmr/m/n/12 The OpenSSL Project. "OpenSSL -- Cryp-tog-ra-phy and SSL/TLS
 []

[16] [17] (./utr27.aux)
 ***********
LaTeX2e <2023-11-01> patch level 1
L3 programming layer <2024-01-22>
 ***********
Package rerunfilecheck Info: File `utr27.out' has not changed.
(rerunfilecheck)             Checksum: 7E0375729CF18663F8A602A85304139E;3443.
 ) 
Here is how much of TeX's memory you used:
 9803 strings out of 476182
 150661 string characters out of 5795595
 1934975 words of memory out of 5000000
 31638 multiletter control sequences out of 15000+600000
 568164 words of font info for 54 fonts, out of 8000000 for 9000
 14 hyphenation exceptions out of 8191
 75i,6n,79p,1108b,654s stack positions out of 10000i,1000n,20000p,200000b,200000s
 </home/runner/.texlive2023/texmf-var/fonts/pk/ljfour/jknappen/ec/ectt1728.60
0pk> </home/runner/.texlive2023/texmf-var/fonts/pk/ljfour/jknappen/ec/ectt1095.
600pk> </home/runner/.texlive2023/texmf-var/fonts/pk/ljfour/jknappen/ec/ecti120
0.600pk> </home/runner/.texlive2023/texmf-var/fonts/pk/ljfour/jknappen/ec/ectt1
200.600pk> </home/runner/.texlive2023/texmf-var/fonts/pk/ljfour/jknappen/ec/ecb
x1728.600pk> </home/runner/.texlive2023/texmf-var/fonts/pk/ljfour/jknappen/ec/e
ctt1440.600pk> </home/runner/.texlive2023/texmf-var/fonts/pk/ljfour/jknappen/ec
/ecrm1200.600pk> </home/runner/.texlive2023/texmf-var/fonts/pk/ljfour/jknappen/
ec/ecbx1200.600pk> </home/runner/.texlive2023/texmf-var/fonts/pk/ljfour/jknappe
n/ec/ecbx1440.600pk> </home/runner/.texlive2023/texmf-var/fonts/pk/ljfour/jknap
pen/ec/ecbx2074.600pk>
Output written on utr27.pdf (19 pages, 157500 bytes).
PDF statistics:
 642 PDF objects out of 1000 (max. 8388607)
 236 compressed objects within 3 object streams
 62 named destinations out of 1000 (max. 500000)
 185 words of extra memory for PDF output out of 10000 (max. 10000000)

