\BOOKMARK [1][-]{section.1}{\376\377\0001\000.\000\040\000I\000n\000t\000r\000o\000d\000u\000c\000t\000i\000o\000n}{}% 1
\BOOKMARK [2][-]{subsection.1.1}{\376\377\0001\000.\0001\000\040\000T\000e\000r\000m\000i\000n\000o\000l\000o\000g\000y\000:\000\040\000U\000n\000i\000c\000o\000d\000e\000\040\000v\000s\000.\000\040\000U\000T\000F\000-\0008}{section.1}% 2
\BOOKMARK [1][-]{section.2}{\376\377\0002\000.\000\040\000D\000e\000s\000i\000g\000n\000\040\000p\000r\000i\000n\000c\000i\000p\000l\000e\000\040\000a\000n\000d\000\040\000r\000e\000p\000r\000e\000s\000e\000n\000t\000a\000t\000i\000o\000n}{}% 3
\BOOKMARK [2][-]{subsection.2.1}{\376\377\0002\000.\0001\000\040\000B\000i\000t\000\040\000l\000a\000y\000o\000u\000t}{section.2}% 4
\BOOKMARK [2][-]{subsection.2.2}{\376\377\0002\000.\0002\000\040\000C\000o\000r\000e\000\040\000m\000a\000c\000r\000o\000s}{section.2}% 5
\BOOKMARK [2][-]{subsection.2.3}{\376\377\0002\000.\0003\000\040\000S\000t\000r\000L\000e\000n\000\040\000m\000a\000s\000k\000i\000n\000g\000\040\000a\000n\000d\000\040\000S\000e\000t\000S\000t\000r\000L\000e\000n\000\040\000o\000v\000e\000r\000w\000r\000i\000t\000e\000\040\000s\000e\000m\000a\000n\000t\000i\000c\000s}{section.2}% 6
\BOOKMARK [1][-]{section.3}{\376\377\0003\000.\000\040\000P\000r\000o\000m\000o\000t\000i\000o\000n\000:\000\040\000h\000o\000w\000\040\000a\000\040\000s\000t\000r\000i\000n\000g\000\040\000b\000e\000c\000o\000m\000e\000s\000\040\000t\000a\000g\000g\000e\000d}{}% 7
\BOOKMARK [2][-]{subsection.3.1}{\376\377\0003\000.\0001\000\040\000C\000o\000m\000p\000i\000l\000e\000-\000t\000i\000m\000e\000\040\000t\000a\000g\000g\000i\000n\000g}{section.3}% 8
\BOOKMARK [1][-]{section.4}{\376\377\0004\000.\000\040\000u\000c\000h\000a\000r\000\050\000\051\000\040\000a\000n\000d\000\040\000u\000o\000r\000d\000\050\000\051\000:\000\040\000U\000n\000i\000c\000o\000d\000e\000-\000a\000w\000a\000r\000e\000\040\000c\000h\000a\000r\000a\000c\000t\000e\000r\000\040\000c\000o\000n\000v\000e\000r\000s\000i\000o\000n}{}% 9
\BOOKMARK [1][-]{section.5}{\376\377\0005\000.\000\040\000C\000o\000n\000c\000a\000t\000e\000n\000a\000t\000i\000o\000n}{}% 10
\BOOKMARK [1][-]{section.6}{\376\377\0006\000.\000\040\000U\000n\000s\000c\000a\000n\000n\000e\000d\000\040\000i\000n\000p\000u\000t\000:\000\040\000f\000i\000l\000e\000s\000\040\000a\000n\000d\000\040\000s\000o\000c\000k\000e\000t\000s}{}% 11
\BOOKMARK [1][-]{section.7}{\376\377\0007\000.\000\040\000L\000a\000n\000g\000u\000a\000g\000e\000\040\000A\000P\000I\000:\000\040\000v\000i\000e\000w\000s\000,\000\040\000c\000o\000n\000v\000e\000r\000s\000i\000o\000n\000,\000\040\000a\000n\000d\000\040\000t\000e\000s\000t\000s}{}% 12
\BOOKMARK [2][-]{subsection.7.1}{\376\377\0007\000.\0001\000\040\000s\000t\000r\000i\000n\000g\000\050\000\051\000\040\000i\000s\000\040\000n\000o\000t\000\040\000t\000h\000e\000\040\000i\000n\000v\000e\000r\000s\000e}{section.7}% 13
\BOOKMARK [2][-]{subsection.7.2}{\376\377\0007\000.\0002\000\040\000C\000o\000n\000t\000e\000n\000t\000\040\000t\000e\000s\000t\000\040\000v\000s\000.\000\040\000t\000a\000g\000\040\000t\000e\000s\000t}{section.7}% 14
\BOOKMARK [1][-]{section.8}{\376\377\0008\000.\000\040\000E\000x\000a\000m\000p\000l\000e\000s}{}% 15
\BOOKMARK [2][-]{subsection.8.1}{\376\377\0008\000.\0001\000\040\000L\000e\000n\000g\000t\000h\000\040\000a\000n\000d\000\040\000s\000u\000b\000s\000c\000r\000i\000p\000t}{section.8}% 16
\BOOKMARK [2][-]{subsection.8.2}{\376\377\0008\000.\0003\000\040\000C\000o\000n\000c\000a\000t\000e\000n\000a\000t\000i\000o\000n}{section.8}% 17
\BOOKMARK [2][-]{subsection.8.3}{\376\377\0008\000.\0004\000\040\000S\000c\000a\000n\000n\000i\000n\000g}{section.8}% 18
\BOOKMARK [2][-]{subsection.8.4}{\376\377\0008\000.\0005\000\040\000o\000p\000e\000n\000\050\000\051\000\040\000m\000o\000d\000e\000\040\000i}{section.8}% 19
\BOOKMARK [2][-]{subsection.8.5}{\376\377\0008\000.\0006\000\040\000C\000o\000n\000t\000e\000n\000t\000\040\000v\000s\000.\000\040\000t\000a\000g}{section.8}% 20
\BOOKMARK [1][-]{section.9}{\376\377\0009\000.\000\040\000S\000t\000a\000t\000u\000s\000\040\000a\000n\000d\000\040\000f\000u\000t\000u\000r\000e\000\040\000w\000o\000r\000k}{}% 21
\BOOKMARK [1][-]{section.10}{\376\377\000A\000p\000p\000e\000n\000d\000i\000x\000:\000\040\000t\000e\000s\000t\000\040\000c\000o\000v\000e\000r\000a\000g\000e}{}% 22
\BOOKMARK [1][-]{section.11}{\376\377\000R\000e\000f\000e\000r\000e\000n\000c\000e\000s}{}% 23
