This is pdfTeX, Version 3.141592653-2.6-1.40.25 (TeX Live 2023/Debian) (preloaded format=pdflatex 2026.8.18)  18 AUG 2026 22:50
entering extended mode
 restricted \write18 enabled.
 %&-line parsing enabled.
**utr26.tex
(./utr26.tex
LaTeX2e <2023-11-01> patch level 1
L3 programming layer <2024-01-22>
(/usr/share/texlive/texmf-dist/tex/latex/base/article.cls
Document Class: article 2023/05/17 v1.4n Standard LaTeX document class
(/usr/share/texlive/texmf-dist/tex/latex/base/size12.clo
File: size12.clo 2023/05/17 v1.4n Standard LaTeX file (size option)
)
\c@part=\count187
\c@section=\count188
\c@subsection=\count189
\c@subsubsection=\count190
\c@paragraph=\count191
\c@subparagraph=\count192
\c@figure=\count193
\c@table=\count194
\abovecaptionskip=\skip48
\belowcaptionskip=\skip49
\bibindent=\dimen140
)
(/usr/share/texlive/texmf-dist/tex/latex/base/fontenc.sty
Package: fontenc 2021/04/29 v2.0v Standard LaTeX package
)
(/usr/share/texlive/texmf-dist/tex/latex/base/inputenc.sty
Package: inputenc 2021/02/14 v1.3d Input encoding file
\inpenc@prehook=\toks17
\inpenc@posthook=\toks18
)
(/usr/share/texlive/texmf-dist/tex/latex/graphics/graphicx.sty
Package: graphicx 2021/09/16 v1.2d Enhanced LaTeX Graphics (DPC,SPQR)

(/usr/share/texlive/texmf-dist/tex/latex/graphics/keyval.sty
Package: keyval 2022/05/29 v1.15 key=value parser (DPC)
\KV@toks@=\toks19
)
(/usr/share/texlive/texmf-dist/tex/latex/graphics/graphics.sty
Package: graphics 2022/03/10 v1.4e Standard LaTeX Graphics (DPC,SPQR)

(/usr/share/texlive/texmf-dist/tex/latex/graphics/trig.sty
Package: trig 2021/08/11 v1.11 sin cos tan (DPC)
)
(/usr/share/texlive/texmf-dist/tex/latex/graphics-cfg/graphics.cfg
File: graphics.cfg 2016/06/04 v1.11 sample graphics configuration
)
Package graphics Info: Driver file: pdftex.def on input line 107.

(/usr/share/texlive/texmf-dist/tex/latex/graphics-def/pdftex.def
File: pdftex.def 2022/09/22 v1.2b Graphics/color driver for pdftex
))
\Gin@req@height=\dimen141
\Gin@req@width=\dimen142
)
(/usr/share/texlive/texmf-dist/tex/latex/hyperref/hyperref.sty
Package: hyperref 2024-01-20 v7.01h Hypertext links for LaTeX

(/usr/share/texlive/texmf-dist/tex/generic/iftex/iftex.sty
Package: iftex 2022/02/03 v1.0f TeX engine tests
)
(/usr/share/texlive/texmf-dist/tex/latex/kvsetkeys/kvsetkeys.sty
Package: kvsetkeys 2022-10-05 v1.19 Key value parser (HO)
)
(/usr/share/texlive/texmf-dist/tex/generic/kvdefinekeys/kvdefinekeys.sty
Package: kvdefinekeys 2019-12-19 v1.6 Define keys (HO)
)
(/usr/share/texlive/texmf-dist/tex/generic/pdfescape/pdfescape.sty
Package: pdfescape 2019/12/09 v1.15 Implements pdfTeX's escape features (HO)

(/usr/share/texlive/texmf-dist/tex/generic/ltxcmds/ltxcmds.sty
Package: ltxcmds 2023-12-04 v1.26 LaTeX kernel commands for general use (HO)
)
(/usr/share/texlive/texmf-dist/tex/generic/pdftexcmds/pdftexcmds.sty
Package: pdftexcmds 2020-06-27 v0.33 Utility functions of pdfTeX for LuaTeX (HO
)

(/usr/share/texlive/texmf-dist/tex/generic/infwarerr/infwarerr.sty
Package: infwarerr 2019/12/03 v1.5 Providing info/warning/error messages (HO)
)
Package pdftexcmds Info: \pdf@primitive is available.
Package pdftexcmds Info: \pdf@ifprimitive is available.
Package pdftexcmds Info: \pdfdraftmode found.
))
(/usr/share/texlive/texmf-dist/tex/latex/hycolor/hycolor.sty
Package: hycolor 2020-01-27 v1.10 Color options for hyperref/bookmark (HO)
)
(/usr/share/texlive/texmf-dist/tex/latex/auxhook/auxhook.sty
Package: auxhook 2019-12-17 v1.6 Hooks for auxiliary files (HO)
)
(/usr/share/texlive/texmf-dist/tex/latex/hyperref/nameref.sty
Package: nameref 2023-11-26 v2.56 Cross-referencing by name of section

(/usr/share/texlive/texmf-dist/tex/latex/refcount/refcount.sty
Package: refcount 2019/12/15 v3.6 Data extraction from label references (HO)
)
(/usr/share/texlive/texmf-dist/tex/generic/gettitlestring/gettitlestring.sty
Package: gettitlestring 2019/12/15 v1.6 Cleanup title references (HO)

(/usr/share/texlive/texmf-dist/tex/latex/kvoptions/kvoptions.sty
Package: kvoptions 2022-06-15 v3.15 Key value format for package options (HO)
))
\c@section@level=\count195
)
(/usr/share/texlive/texmf-dist/tex/latex/etoolbox/etoolbox.sty
Package: etoolbox 2020/10/05 v2.5k e-TeX tools for LaTeX (JAW)
\etb@tempcnta=\count196
)
\@linkdim=\dimen143
\Hy@linkcounter=\count197
\Hy@pagecounter=\count198

(/usr/share/texlive/texmf-dist/tex/latex/hyperref/pd1enc.def
File: pd1enc.def 2024-01-20 v7.01h Hyperref: PDFDocEncoding definition (HO)
Now handling font encoding PD1 ...
... no UTF-8 mapping file for font encoding PD1
)
(/usr/share/texlive/texmf-dist/tex/generic/intcalc/intcalc.sty
Package: intcalc 2019/12/15 v1.3 Expandable calculations with integers (HO)
)
\Hy@SavedSpaceFactor=\count199

(/usr/share/texlive/texmf-dist/tex/latex/hyperref/puenc.def
File: puenc.def 2024-01-20 v7.01h Hyperref: PDF Unicode definition (HO)
Now handling font encoding PU ...
... no UTF-8 mapping file for font encoding PU
)
Package hyperref Info: Hyper figures OFF on input line 4179.
Package hyperref Info: Link nesting OFF on input line 4184.
Package hyperref Info: Hyper index ON on input line 4187.
Package hyperref Info: Plain pages OFF on input line 4194.
Package hyperref Info: Backreferencing OFF on input line 4199.
Package hyperref Info: Implicit mode ON; LaTeX internals redefined.
Package hyperref Info: Bookmarks ON on input line 4446.
\c@Hy@tempcnt=\count266

(/usr/share/texlive/texmf-dist/tex/latex/url/url.sty
\Urlmuskip=\muskip16
Package: url 2013/09/16  ver 3.4  Verb mode for urls, etc.
)
LaTeX Info: Redefining \url on input line 4784.
\XeTeXLinkMargin=\dimen144

(/usr/share/texlive/texmf-dist/tex/generic/bitset/bitset.sty
Package: bitset 2019/12/09 v1.3 Handle bit-vector datatype (HO)

(/usr/share/texlive/texmf-dist/tex/generic/bigintcalc/bigintcalc.sty
Package: bigintcalc 2019/12/15 v1.5 Expandable calculations on big integers (HO
)
))
\Fld@menulength=\count267
\Field@Width=\dimen145
\Fld@charsize=\dimen146
Package hyperref Info: Hyper figures OFF on input line 6063.
Package hyperref Info: Link nesting OFF on input line 6068.
Package hyperref Info: Hyper index ON on input line 6071.
Package hyperref Info: backreferencing OFF on input line 6078.
Package hyperref Info: Link coloring OFF on input line 6083.
Package hyperref Info: Link coloring with OCG OFF on input line 6088.
Package hyperref Info: PDF/A mode OFF on input line 6093.

(/usr/share/texlive/texmf-dist/tex/latex/base/atbegshi-ltx.sty
Package: atbegshi-ltx 2021/01/10 v1.0c Emulation of the original atbegshi
package with kernel methods
)
\Hy@abspage=\count268
\c@Item=\count269
\c@Hfootnote=\count270
)
Package hyperref Info: Driver (autodetected): hpdftex.

(/usr/share/texlive/texmf-dist/tex/latex/hyperref/hpdftex.def
File: hpdftex.def 2024-01-20 v7.01h Hyperref driver for pdfTeX

(/usr/share/texlive/texmf-dist/tex/latex/base/atveryend-ltx.sty
Package: atveryend-ltx 2020/08/19 v1.0a Emulation of the original atveryend pac
kage
with kernel methods
)
\Fld@listcount=\count271
\c@bookmark@seq@number=\count272

(/usr/share/texlive/texmf-dist/tex/latex/rerunfilecheck/rerunfilecheck.sty
Package: rerunfilecheck 2022-07-10 v1.10 Rerun checks for auxiliary files (HO)

(/usr/share/texlive/texmf-dist/tex/generic/uniquecounter/uniquecounter.sty
Package: uniquecounter 2019/12/15 v1.4 Provide unlimited unique counter (HO)
)
Package uniquecounter Info: New unique counter `rerunfilecheck' on input line 2
85.
)
\Hy@SectionHShift=\skip50
)
(/usr/share/texlive/texmf-dist/tex/latex/xcolor/xcolor.sty
Package: xcolor 2023/11/15 v3.01 LaTeX color extensions (UK)

(/usr/share/texlive/texmf-dist/tex/latex/graphics-cfg/color.cfg
File: color.cfg 2016/01/02 v1.6 sample color configuration
)
Package xcolor Info: Driver file: pdftex.def on input line 274.

(/usr/share/texlive/texmf-dist/tex/latex/graphics/mathcolor.ltx)
Package xcolor Info: Model `cmy' substituted by `cmy0' on input line 1350.
Package xcolor Info: Model `hsb' substituted by `rgb' on input line 1354.
Package xcolor Info: Model `RGB' extended on input line 1366.
Package xcolor Info: Model `HTML' substituted by `rgb' on input line 1368.
Package xcolor Info: Model `Hsb' substituted by `hsb' on input line 1369.
Package xcolor Info: Model `tHsb' substituted by `hsb' on input line 1370.
Package xcolor Info: Model `HSB' substituted by `hsb' on input line 1371.
Package xcolor Info: Model `Gray' substituted by `gray' on input line 1372.
Package xcolor Info: Model `wave' substituted by `hsb' on input line 1373.
)
(/usr/share/texlive/texmf-dist/tex/latex/fancyvrb/fancyvrb.sty
Package: fancyvrb 2024/01/20 4.5c verbatim text (tvz,hv)
\FV@CodeLineNo=\count273
\FV@InFile=\read2
\FV@TabBox=\box51
\c@FancyVerbLine=\count274
\FV@StepNumber=\count275
\FV@OutFile=\write3
)
(/usr/share/texlive/texmf-dist/tex/latex/booktabs/booktabs.sty
Package: booktabs 2020/01/12 v1.61803398 Publication quality tables
\heavyrulewidth=\dimen147
\lightrulewidth=\dimen148
\cmidrulewidth=\dimen149
\belowrulesep=\dimen150
\belowbottomsep=\dimen151
\aboverulesep=\dimen152
\abovetopsep=\dimen153
\cmidrulesep=\dimen154
\cmidrulekern=\dimen155
\defaultaddspace=\dimen156
\@cmidla=\count276
\@cmidlb=\count277
\@aboverulesep=\dimen157
\@belowrulesep=\dimen158
\@thisruleclass=\count278
\@lastruleclass=\count279
\@thisrulewidth=\dimen159
)
(/usr/share/texlive/texmf-dist/tex/latex/tools/longtable.sty
Package: longtable 2023-11-01 v4.19 Multi-page Table package (DPC)
\LTleft=\skip51
\LTright=\skip52
\LTpre=\skip53
\LTpost=\skip54
\LTchunksize=\count280
\LTcapwidth=\dimen160
\LT@head=\box52
\LT@firsthead=\box53
\LT@foot=\box54
\LT@lastfoot=\box55
\LT@gbox=\box56
\LT@cols=\count281
\LT@rows=\count282
\c@LT@tables=\count283
\c@LT@chunks=\count284
\LT@p@ftn=\toks20
)
(/usr/share/texlive/texmf-dist/tex/latex/multirow/multirow.sty
Package: multirow 2021/03/15 v2.8 Span multiple rows of a table
\multirow@colwidth=\skip55
\multirow@cntb=\count285
\multirow@dima=\skip56
\bigstrutjot=\dimen161
)
Package hyperref Info: Option `colorlinks' set `true' on input line 12.

(/usr/share/texlive/texmf-dist/tex/latex/l3backend/l3backend-pdftex.def
File: l3backend-pdftex.def 2024-01-04 L3 backend support: PDF output (pdfTeX)
\l__color_backend_stack_int=\count286
\l__pdf_internal_box=\box57
)
(./utr26.aux)
\openout1 = `utr26.aux'.

LaTeX Font Info:    Checking defaults for OML/cmm/m/it on input line 13.
LaTeX Font Info:    ... okay on input line 13.
LaTeX Font Info:    Checking defaults for OMS/cmsy/m/n on input line 13.
LaTeX Font Info:    ... okay on input line 13.
LaTeX Font Info:    Checking defaults for OT1/cmr/m/n on input line 13.
LaTeX Font Info:    ... okay on input line 13.
LaTeX Font Info:    Checking defaults for T1/cmr/m/n on input line 13.
LaTeX Font Info:    ... okay on input line 13.
LaTeX Font Info:    Checking defaults for TS1/cmr/m/n on input line 13.
LaTeX Font Info:    ... okay on input line 13.
LaTeX Font Info:    Checking defaults for OMX/cmex/m/n on input line 13.
LaTeX Font Info:    ... okay on input line 13.
LaTeX Font Info:    Checking defaults for U/cmr/m/n on input line 13.
LaTeX Font Info:    ... okay on input line 13.
LaTeX Font Info:    Checking defaults for PD1/pdf/m/n on input line 13.
LaTeX Font Info:    ... okay on input line 13.
LaTeX Font Info:    Checking defaults for PU/pdf/m/n on input line 13.
LaTeX Font Info:    ... okay on input line 13.

(/usr/share/texlive/texmf-dist/tex/context/base/mkii/supp-pdf.mkii
[Loading MPS to PDF converter (version 2006.09.02).]
\scratchcounter=\count287
\scratchdimen=\dimen162
\scratchbox=\box58
\nofMPsegments=\count288
\nofMParguments=\count289
\everyMPshowfont=\toks21
\MPscratchCnt=\count290
\MPscratchDim=\dimen163
\MPnumerator=\count291
\makeMPintoPDFobject=\count292
\everyMPtoPDFconversion=\toks22
) (/usr/share/texlive/texmf-dist/tex/latex/epstopdf-pkg/epstopdf-base.sty
Package: epstopdf-base 2020-01-24 v2.11 Base part for package epstopdf
Package epstopdf-base Info: Redefining graphics rule for `.eps' on input line 4
85.

(/usr/share/texlive/texmf-dist/tex/latex/latexconfig/epstopdf-sys.cfg
File: epstopdf-sys.cfg 2010/07/13 v1.3 Configuration of (r)epstopdf for TeX Liv
e
))
Package hyperref Info: Link coloring ON on input line 13.

(./utr26.out) (./utr26.out)
\@outlinefile=\write4
\openout4 = `utr26.out'.

 [1

{/var/lib/texmf/fonts/map/pdftex/updmap/pdftex.map}]
LaTeX Font Info:    Trying to load font information for T1+cmtt on input line 3
5.
 (/usr/share/texlive/texmf-dist/tex/latex/base/t1cmtt.fd
File: t1cmtt.fd 2023/04/13 v2.5m Standard LaTeX font definitions
)
LaTeX Font Info:    Font shape `T1/cmtt/bx/n' in size <14.4> not available
(Font)              Font shape `T1/cmtt/m/n' tried instead on input line 35.
LaTeX Font Info:    External font `cmex10' loaded for size
(Font)              <14.4> on input line 35.
LaTeX Font Info:    External font `cmex10' loaded for size
(Font)              <7> on input line 35.
 [2]

LaTeX Warning: Hyper reference `utr27-sec-examples' on page 1 undefined on inpu
t line 48.


pdfTeX warning (ext4): destination with the same identifier (name{page.1}) has 
been already used, duplicate ignored
<to be read again> 
                   \relax 
l.70 
      [1]
Overfull \hbox (6.80028pt too wide) in paragraph at lines 88--89
[]\T1/cmr/m/n/12 Attributes are \T1/cmtt/m/n/12 "key=value" \T1/cmr/m/n/12 stri
ngs passed as trail-ing ar-gu-ments to \T1/cmtt/m/n/12 open()\T1/cmr/m/n/12 ,
 []


pdfTeX warning (ext4): destination with the same identifier (name{page.2}) has 
been already used, duplicate ignored
<to be read again> 
                   \relax 
l.89 
      [2]

LaTeX Warning: Hyper reference `utr29-sec-io' on page 3 undefined on input line
 91.


Overfull \hbox (2.94435pt too wide) in paragraph at lines 91--92
[]\T1/cmr/m/n/12 All stream I/O fun-nels through one dis-patch point: \T1/cmtt/
m/n/12 u_read() \T1/cmr/m/n/12 / \T1/cmtt/m/n/12 u_write()
 []


Overfull \hbox (8.63461pt too wide) in paragraph at lines 91--92
\T1/cmr/m/n/12 in \T1/cmtt/m/n/12 src/runtime/rposix.r\T1/cmr/m/n/12 , which al
-ready branch on \T1/cmtt/m/n/12 Fs_Socket \T1/cmr/m/n/12 / \T1/cmtt/m/n/12 Fs_
Encrypt\T1/cmr/m/n/12 .
 []


Overfull \hbox (41.57796pt too wide) in paragraph at lines 91--92
\T1/cmr/m/n/12 (sec-tion 8) or \T1/cmtt/m/n/12 sftp_read()\T1/cmr/m/n/12 , and 
writ-ing via \T1/cmtt/m/n/12 ssh_channel_write() \T1/cmr/m/n/12 or \T1/cmtt/m/n
/12 sftp_write()\T1/cmr/m/n/12 .
 []


Overfull \hbox (5.10632pt too wide) in paragraph at lines 97--98
[]\T1/cmtt/m/n/12 receive() \T1/cmr/m/n/12 al-ready re-turns a general-purpose 
\T1/cmtt/m/n/12 posix_message \T1/cmr/m/n/12 record (fields
 []


Overfull \hbox (21.49815pt too wide) in paragraph at lines 100--101
\T1/cmr/m/n/12 iom that many func-tions take an op-tional lead-ing file or win-
dow (\T1/cmtt/m/n/12 write("hello")
 []

[3] [4]
Overfull \hbox (276.72906pt too wide) in alignment at lines 157--161
 [] [] [] 
 []


Overfull \hbox (276.72906pt too wide) in alignment at lines 161--165
 [] [] [] 
 []


Overfull \hbox (276.72906pt too wide) in alignment at lines 165--167
 [] [] [] 
 []


Overfull \hbox (276.72906pt too wide) in alignment at lines 167--169
 [] [] [] 
 []


Overfull \hbox (276.72906pt too wide) in alignment at lines 169--180
 [] [] [] 
 []

[5]
Overfull \hbox (110.7726pt too wide) in paragraph at lines 202--203
\T1/cmr/m/n/12 nec-tion fail-ures fail with \T1/cmtt/m/n/12 &errortext \T1/cmr/
m/n/12 set; the usual form is \T1/cmtt/m/n/12 s := open(...) | stop(&errortext)
\T1/cmr/m/n/12 .
 []


Overfull \hbox (203.70541pt too wide) in alignment at lines 212--216
 [] [] [] 
 []


Overfull \hbox (203.70541pt too wide) in alignment at lines 216--220
 [] [] [] 
 []


Overfull \hbox (203.70541pt too wide) in alignment at lines 220--222
 [] [] [] 
 []


Overfull \hbox (203.70541pt too wide) in alignment at lines 222--224
 [] [] [] 
 []


Overfull \hbox (203.70541pt too wide) in alignment at lines 224--234
 [] [] [] 
 []

[6]
Overfull \hbox (86.80824pt too wide) in paragraph at lines 242--243
\T1/cmr/m/n/12 With no \T1/cmtt/m/n/12 cmd=\T1/cmr/m/n/12 , \T1/cmtt/m/n/12 ope
n(..., "h") \T1/cmr/m/n/12 re-quests a re-mote PTY and shell. \T1/cmtt/m/n/12 n
et::ssh_interactive(s)
 []


Overfull \hbox (4.5259pt too wide) in paragraph at lines 256--257
[]\T1/cmtt/m/n/12 term=\T1/cmr/m/n/12 , \T1/cmtt/m/n/12 cols=\T1/cmr/m/n/12 , a
nd \T1/cmtt/m/n/12 rows= \T1/cmr/m/n/12 over-ride the PTY. Mode \T1/cmtt/m/n/12
 "h-" \T1/cmr/m/n/12 skips \T1/cmtt/m/n/12 known_hosts
 []

[7]

LaTeX Warning: Hyper reference `utr29-sec-io' on page 8 undefined on input line
 298.


Overfull \hbox (51.70839pt too wide) in paragraph at lines 303--304
\T1/cmtt/m/n/12 channel=no \T1/cmr/m/n/12 opens an au-then-ti-cated trans-port.
 Later \T1/cmtt/m/n/12 open(s, "hc") \T1/cmr/m/n/12 / \T1/cmtt/m/n/12 open(s, "
hs")
 []

[8] [9]
Overfull \hbox (192.49837pt too wide) in alignment at lines 380--384
 [] [] [] 
 []


Overfull \hbox (192.49837pt too wide) in alignment at lines 384--388
 [] [] [] 
 []


Overfull \hbox (192.49837pt too wide) in alignment at lines 388--390
 [] [] [] 
 []


Overfull \hbox (192.49837pt too wide) in alignment at lines 390--392
 [] [] [] 
 []


Overfull \hbox (192.49837pt too wide) in alignment at lines 392--399
 [] [] [] 
 []

[10]
LaTeX Font Info:    Font shape `T1/cmtt/bx/n' in size <17.28> not available
(Font)              Font shape `T1/cmtt/m/n' tried instead on input line 404.
 [11]
Overfull \hbox (34.05081pt too wide) in paragraph at lines 450--451
[]\T1/cmtt/m/n/12 receive(c) \T1/cmr/m/n/12 on an SSH chan-nel yields the next 
queued event as a \T1/cmtt/m/n/12 posix_message
 []


Overfull \hbox (58.7057pt too wide) in paragraph at lines 468--469
\T1/cmr/m/n/12 Preserving cross-stream or-der re-quires lib-ssh's \T1/cmr/bx/n/
12 call-back API \T1/cmr/m/n/12 (\T1/cmtt/m/n/12 ssh_channel_callbacks\T1/cmr/m
/n/12 ,
 []


Overfull \hbox (61.97722pt too wide) in paragraph at lines 468--469
\T1/cmr/m/n/12 with a \T1/cmtt/m/n/12 channel_data_function \T1/cmr/m/n/12 re-c
eiv-ing an \T1/cmtt/m/n/12 is_stderr \T1/cmr/m/n/12 flag) -- not \T1/cmtt/m/n/1
2 ssh_channel_poll()
 []


Overfull \hbox (0.54901pt too wide) in paragraph at lines 471--472
\T1/cmr/m/n/12 block-ing lib-ssh calls made while the thread is un-reg-is-tered
 (\T1/cmtt/m/n/12 DEC_NARTHREADS\T1/cmr/m/n/12 ),
 []


Overfull \hbox (67.53218pt too wide) in paragraph at lines 471--472
\T1/cmr/m/n/12 where Uni-con al-lo-ca-tion is not al-lowed. \T1/cmtt/m/n/12 ssh
_pump() \T1/cmr/m/n/12 drives \T1/cmtt/m/n/12 ssh_channel_poll_timeout()
 []


Overfull \hbox (24.95554pt too wide) in paragraph at lines 471--472
\T1/cmr/m/n/12 so the call-backs run. Stream reads con-sume std-out chunks; \T1
/cmtt/m/n/12 Attrib(c, "stderr")
 []

[12]
Overfull \hbox (5.95744pt too wide) in paragraph at lines 491--492
[]\T1/cmr/m/n/12 On Win-dows, \T1/cmtt/m/n/12 select(&input) \T1/cmr/m/n/12 and
 \T1/cmtt/m/n/12 Attrib(f, "tty=raw") \T1/cmr/m/n/12 / \T1/cmtt/m/n/12 "tty=san
e"
 []

[13] [14]
Overfull \hbox (62.82pt too wide) in paragraph at lines 520--521
[]\T1/cmr/m/n/12 The SFTP sub-sys-tem is cre-ated lazily, once, on the ses-sion
 owner (\T1/cmtt/m/n/12 ssh_owner_sftp()\T1/cmr/m/n/12 )
 []


Overfull \hbox (55.184pt too wide) in paragraph at lines 546--547
\T1/cmr/m/n/12 one en-try name per call. SFTP does the same: \T1/cmtt/m/n/12 op
en(s, "hs", "path=/tmp/configs")
 []


Overfull \hbox (24.25352pt too wide) in paragraph at lines 546--547
\T1/cmr/m/n/12 checks the re-mote path with one \T1/cmtt/m/n/12 sftp_stat()\T1/
cmr/m/n/12 ; if it is a di-rec-tory, \T1/cmtt/m/n/12 sftp_opendir()
 []

[15]
Overfull \hbox (35.36137pt too wide) in paragraph at lines 561--562
[]\T1/cmtt/m/n/12 stat(s, path) \T1/cmr/m/n/12 -- a sin-gle \T1/cmtt/m/n/12 sft
p_stat \T1/cmr/m/n/12 re-quest, with-out pay-ing for \T1/cmtt/m/n/12 sftp_open(
)
 []


Overfull \hbox (11.3737pt too wide) in paragraph at lines 569--570
[]\T1/cmtt/m/n/12 sftp2rec() \T1/cmr/m/n/12 pop-u-lates the same \T1/cmtt/m/n/1
2 posix_stat \T1/cmr/m/n/12 record as \T1/cmtt/m/n/12 stat2rec()\T1/cmr/m/n/12 
. SFTP's
 []


Overfull \hbox (14.31728pt too wide) in paragraph at lines 574--575
\T1/cmtt/m/n/12 aclocal.m4 \T1/cmr/m/n/12 probes for \T1/cmtt/m/n/12 <libssh/li
bssh.h> \T1/cmr/m/n/12 and \T1/cmtt/m/n/12 ssh_new\T1/cmr/m/n/12 , set-ting \T1
/cmtt/m/n/12 HAVE_LIBSSH\T1/cmr/m/n/12 .
 []

[16]
Overfull \hbox (68.38759pt too wide) in paragraph at lines 577--578
[]\T1/cmtt/m/n/12 &features \T1/cmr/m/n/12 re-ports \T1/cmtt/m/n/12 secure shel
l \T1/cmr/m/n/12 when the li-brary was found. \T1/cmtt/m/n/12 tests/posix/Makef
ile
 []


Overfull \hbox (22.85622pt too wide) in paragraph at lines 577--578
\T1/cmr/m/n/12 README in-stall notes list \T1/cmtt/m/n/12 libssh-dev \T1/cmr/m/
n/12 / \T1/cmtt/m/n/12 libssh-devel \T1/cmr/m/n/12 / \T1/cmtt/m/n/12 brew insta
ll libssh
 []


Overfull \hbox (29.49626pt too wide) in paragraph at lines 580--581
[]\T1/cmr/m/n/12 Guards are \T1/cmtt/m/n/12 #if HAVE_LIBSSH \T1/cmr/m/n/12 thro
ugh-out \T1/cmtt/m/n/12 rstructs.h\T1/cmr/m/n/12 , \T1/cmtt/m/n/12 rmacros.h\T1
/cmr/m/n/12 , \T1/cmtt/m/n/12 feature.h\T1/cmr/m/n/12 ,
 []


Overfull \hbox (87.17656pt too wide) in paragraph at lines 588--589
\T1/cmr/m/n/12 readi-ness is im-ple-mented; the I/O calls them-selves still blo
ck. A \T1/cmtt/m/n/12 ssh_set_blocking(sess, 0)
 []


Overfull \hbox (45.3694pt too wide) in paragraph at lines 600--601
[]\T1/cmr/bx/n/12 Trust-on-first-use. \T1/cmr/m/n/12 Ver-i-fi-ca-tion is check-
only (\T1/cmtt/m/n/12 ssh_session_is_known_server\T1/cmr/m/n/12 ).
 []

[17]
LaTeX Font Info:    Font shape `T1/cmtt/bx/n' in size <12> not available
(Font)              Font shape `T1/cmtt/m/n' tried instead on input line 603.

Overfull \hbox (23.60867pt too wide) in paragraph at lines 608--609
\T1/cmtt/m/n/12 tests/posix/ssh.icn \T1/cmr/m/n/12 is de-ter-min-is-tic with-ou
t a server: it checks that \T1/cmtt/m/n/12 &features
 []


Overfull \hbox (0.90874pt too wide) in paragraph at lines 608--609
\T1/cmr/m/n/12 re-ports \T1/cmtt/m/n/12 secure shell\T1/cmr/m/n/12 , and that b
ad at-tributes, \T1/cmtt/m/n/12 channel=maybe\T1/cmr/m/n/12 , \T1/cmtt/m/n/12 c
hannel=no
 []


Overfull \hbox (55.93286pt too wide) in paragraph at lines 608--609
\T1/cmtt/m/n/12 UNICON_SSH_TESTHOST \T1/cmr/m/n/12 is set (host or \T1/cmtt/m/n
/12 user@host\T1/cmr/m/n/12 ), with op-tional \T1/cmtt/m/n/12 UNICON_SSH_TESTPO
RT\T1/cmr/m/n/12 ,
 []


Overfull \hbox (4.60919pt too wide) in paragraph at lines 608--609
\T1/cmtt/m/n/12 UNICON_SSH_TESTKEY\T1/cmr/m/n/12 , \T1/cmtt/m/n/12 UNICON_SSH_K
NOWNHOSTS\T1/cmr/m/n/12 , and \T1/cmtt/m/n/12 UNICON_SSH_SFTPPATH\T1/cmr/m/n/12
 .
 []


Underfull \hbox (badness 4779) in paragraph at lines 617--618
[]\T1/cmr/m/n/12 Clinton Jef-fery. "How to Write a Uni-con Tech-ni-cal Re-port"
.
 []


Underfull \hbox (badness 10000) in paragraph at lines 620--621
[]\T1/cmr/m/n/12 The lib-ssh Project. "lib-ssh -- The SSH Li-brary".
 []


Underfull \hbox (badness 1072) in paragraph at lines 626--627
[]\T1/cmr/m/n/12 The OpenSSL Project. "OpenSSL -- Cryp-tog-ra-phy and SSL/TLS
 []

[18] [19] (./utr26.aux)
 ***********
LaTeX2e <2023-11-01> patch level 1
L3 programming layer <2024-01-22>
 ***********


LaTeX Warning: There were undefined references.

Package rerunfilecheck Info: File `utr26.out' has not changed.
(rerunfilecheck)             Checksum: A203DD818B5186A519F111B0118B6A5F;8092.
 ) 
Here is how much of TeX's memory you used:
 9871 strings out of 476182
 151812 string characters out of 5795595
 1933975 words of memory out of 5000000
 31684 multiletter control sequences out of 15000+600000
 568501 words of font info for 55 fonts, out of 8000000 for 9000
 14 hyphenation exceptions out of 8191
 75i,6n,79p,863b,650s stack positions out of 10000i,1000n,20000p,200000b,200000s
 </home/runner/.texlive2023/texmf-var/fonts/pk/ljfour/jknappen/ec/ectt1728.60
0pk> </home/runner/.texlive2023/texmf-var/fonts/pk/ljfour/jknappen/ec/ectt1095.
600pk> </home/runner/.texlive2023/texmf-var/fonts/pk/ljfour/jknappen/ec/tcrm120
0.600pk> </home/runner/.texlive2023/texmf-var/fonts/pk/ljfour/jknappen/ec/ectt1
200.600pk> </home/runner/.texlive2023/texmf-var/fonts/pk/ljfour/jknappen/ec/ect
i1200.600pk> </home/runner/.texlive2023/texmf-var/fonts/pk/ljfour/jknappen/ec/e
cbx1728.600pk> </home/runner/.texlive2023/texmf-var/fonts/pk/ljfour/jknappen/ec
/ectt1440.600pk> </home/runner/.texlive2023/texmf-var/fonts/pk/ljfour/jknappen/
ec/ecrm1200.600pk> </home/runner/.texlive2023/texmf-var/fonts/pk/ljfour/jknappe
n/ec/ecbx1200.600pk> </home/runner/.texlive2023/texmf-var/fonts/pk/ljfour/jknap
pen/ec/ecbx1440.600pk> </home/runner/.texlive2023/texmf-var/fonts/pk/ljfour/jkn
appen/ec/ecbx2074.600pk>
Output written on utr26.pdf (21 pages, 187105 bytes).
PDF statistics:
 803 PDF objects out of 1000 (max. 8388607)
 337 compressed objects within 4 object streams
 83 named destinations out of 1000 (max. 500000)
 345 words of extra memory for PDF output out of 10000 (max. 10000000)

