\BOOKMARK [1][-]{section.1}{\376\377\0001\000.\000\040\000I\000n\000t\000r\000o\000d\000u\000c\000t\000i\000o\000n}{}% 1
\BOOKMARK [1][-]{section.2}{\376\377\0002\000.\000\040\000M\000o\000t\000i\000v\000a\000t\000i\000o\000n\000\040\000a\000n\000d\000\040\000p\000r\000i\000o\000r\000\040\000a\000r\000t}{}% 2
\BOOKMARK [2][-]{subsection.2.1}{\376\377\0002\000.\0001\000\040\000L\000i\000b\000r\000a\000r\000y\000\040\000c\000h\000o\000i\000c\000e}{section.2}% 3
\BOOKMARK [2][-]{subsection.2.2}{\376\377\0002\000.\0002\000\040\000O\000p\000e\000n\000\040\000a\000s\000\040\000t\000h\000e\000\040\000v\000e\000r\000b}{section.2}% 4
\BOOKMARK [2][-]{subsection.2.3}{\376\377\0002\000.\0003\000\040\000W\000h\000y\000\040\000n\000o\000t\000\040\000M\000e\000s\000s\000a\000g\000i\000n\000g}{section.2}% 5
\BOOKMARK [1][-]{section.3}{\376\377\0003\000.\000\040\000A\000r\000c\000h\000i\000t\000e\000c\000t\000u\000r\000a\000l\000\040\000g\000r\000o\000u\000n\000d\000i\000n\000g}{}% 6
\BOOKMARK [1][-]{section.4}{\376\377\0004\000.\000\040\000C\000o\000n\000n\000e\000c\000t\000i\000o\000n\000\040\000a\000n\000d\000\040\000c\000h\000a\000n\000n\000e\000l\000\040\000m\000o\000d\000e\000l}{}% 7
\BOOKMARK [2][-]{subsection.4.1}{\376\377\0004\000.\0001\000\040\000o\000p\000e\000n\000\050\000\051\000\040\000d\000i\000s\000p\000a\000t\000c\000h}{section.4}% 8
\BOOKMARK [2][-]{subsection.4.2}{\376\377\0004\000.\0002\000\040\000H\000o\000s\000t\000\040\000s\000t\000r\000i\000n\000g}{section.4}% 9
\BOOKMARK [2][-]{subsection.4.3}{\376\377\0004\000.\0003\000\040\000D\000e\000f\000a\000u\000l\000t\000\040\000c\000h\000a\000n\000n\000e\000l\000:\000\040\000s\000h\000e\000l\000l\000,\000\040\000n\000o\000t\000\040\000b\000a\000r\000e\000\040\000s\000e\000s\000s\000i\000o\000n}{section.4}% 10
\BOOKMARK [1][-]{section.5}{\376\377\0005\000.\000\040\000A\000t\000t\000r\000i\000b\000u\000t\000e\000s\000\040\000a\000n\000d\000\040\000a\000u\000t\000h\000e\000n\000t\000i\000c\000a\000t\000i\000o\000n}{}% 11
\BOOKMARK [2][-]{subsection.5.1}{\376\377\0005\000.\0001\000\040\000A\000u\000t\000h\000e\000n\000t\000i\000c\000a\000t\000i\000o\000n\000\040\000o\000r\000d\000e\000r}{section.5}% 12
\BOOKMARK [1][-]{section.6}{\376\377\0006\000.\000\040\000E\000x\000a\000m\000p\000l\000e\000s\000\040\000a\000n\000d\000\040\000u\000s\000e\000\040\000c\000a\000s\000e\000s}{}% 13
\BOOKMARK [2][-]{subsection.6.1}{\376\377\0006\000.\0001\000\040\000M\000o\000d\000e\000s}{section.6}% 14
\BOOKMARK [2][-]{subsection.6.2}{\376\377\0006\000.\0002\000\040\000I\000n\000t\000e\000r\000a\000c\000t\000i\000v\000e\000\040\000s\000h\000e\000l\000l}{section.6}% 15
\BOOKMARK [2][-]{subsection.6.3}{\376\377\0006\000.\0003\000\040\000R\000e\000m\000o\000t\000e\000\040\000c\000o\000m\000m\000a\000n\000d}{section.6}% 16
\BOOKMARK [2][-]{subsection.6.4}{\376\377\0006\000.\0004\000\040\000O\000r\000d\000e\000r\000e\000d\000\040\000s\000t\000d\000o\000u\000t\000\040\000a\000n\000d\000\040\000s\000t\000d\000e\000r\000r}{section.6}% 17
\BOOKMARK [2][-]{subsection.6.5}{\376\377\0006\000.\0005\000\040\000S\000e\000v\000e\000r\000a\000l\000\040\000c\000h\000a\000n\000n\000e\000l\000s\000\040\000o\000n\000\040\000o\000n\000e\000\040\000s\000e\000s\000s\000i\000o\000n}{section.6}% 18
\BOOKMARK [2][-]{subsection.6.6}{\376\377\0006\000.\0006\000\040\000S\000F\000T\000P}{section.6}% 19
\BOOKMARK [2][-]{subsection.6.7}{\376\377\0006\000.\0007\000\040\000C\000o\000n\000c\000u\000r\000r\000e\000n\000t\000\040\000h\000o\000s\000t\000s}{section.6}% 20
\BOOKMARK [1][-]{section.7}{\376\377\0007\000.\000\040\000E\000r\000r\000o\000r\000\040\000h\000a\000n\000d\000l\000i\000n\000g}{}% 21
\BOOKMARK [1][-]{section.8}{\376\377\0008\000.\000\040\000I\000/\000O\000:\000\040\000s\000t\000r\000e\000a\000m\000s\000,\000\040\000p\000e\000e\000k\000\040\000f\000i\000e\000l\000d\000s\000,\000\040\000a\000n\000d\000\040\000r\000e\000c\000e\000i\000v\000e\000\050\000\051}{}% 22
\BOOKMARK [2][-]{subsection.8.1}{\376\377\0008\000.\0001\000\040\000P\000l\000a\000i\000n\000\040\000s\000t\000r\000e\000a\000m\000\040\000I\000/\000O}{section.8}% 23
\BOOKMARK [2][-]{subsection.8.2}{\376\377\0008\000.\0002\000\040\000P\000e\000e\000k\000\040\000f\000i\000e\000l\000d\000s\000\040\000\050\000[\000\040\000]\000\040\000a\000n\000d\000\040\000k\000e\000y\000\050\000\051\000\051}{section.8}% 24
\BOOKMARK [2][-]{subsection.8.3}{\376\377\0008\000.\0003\000\040\000r\000e\000c\000e\000i\000v\000e\000\050\000\051\000\040\000f\000o\000r\000\040\000o\000r\000d\000e\000r\000e\000d\000\040\000e\000v\000e\000n\000t\000s}{section.8}% 25
\BOOKMARK [2][-]{subsection.8.4}{\376\377\0008\000.\0004\000\040\000A\000r\000r\000i\000v\000a\000l\000-\000o\000r\000d\000e\000r\000\040\000q\000u\000e\000u\000e}{section.8}% 26
\BOOKMARK [1][-]{section.9}{\376\377\0009\000.\000\040\000I\000n\000t\000e\000r\000a\000c\000t\000i\000v\000e\000\040\000s\000h\000e\000l\000l\000s\000\040\000a\000n\000d\000\040\000s\000e\000l\000e\000c\000t\000\050\000\051}{}% 27
\BOOKMARK [2][-]{subsection.9.1}{\376\377\0009\000.\0001\000\040\000R\000e\000m\000o\000t\000e\000\040\000P\000T\000Y}{section.9}% 28
\BOOKMARK [2][-]{subsection.9.2}{\376\377\0009\000.\0002\000\040\000P\000a\000r\000t\000i\000a\000l\000-\000l\000i\000n\000e\000\040\000r\000e\000a\000d\000s\000\050\000\051}{section.9}% 29
\BOOKMARK [2][-]{subsection.9.3}{\376\377\0009\000.\0003\000\040\000s\000e\000l\000e\000c\000t\000\050\000\051\000\040\000r\000e\000a\000d\000i\000n\000e\000s\000s}{section.9}% 30
\BOOKMARK [2][-]{subsection.9.4}{\376\377\0009\000.\0004\000\040\000n\000e\000t\000:\000:\000s\000s\000h\000\137\000i\000n\000t\000e\000r\000a\000c\000t\000i\000v\000e\000\050\000\051\000\040\000a\000n\000d\000\040\000u\000s\000s\000h}{section.9}% 31
\BOOKMARK [1][-]{section.10}{\376\377\0001\0000\000.\000\040\000C\000o\000n\000c\000u\000r\000r\000e\000n\000c\000y\000\040\000a\000n\000d\000\040\000c\000h\000a\000n\000n\000e\000l\000\040\000l\000i\000f\000e\000c\000y\000c\000l\000e}{}% 32
\BOOKMARK [2][-]{subsection.10.1}{\376\377\0001\0000\000.\0001\000\040\000S\000h\000a\000r\000e\000d\000\040\000m\000u\000t\000e\000x}{section.10}% 33
\BOOKMARK [2][-]{subsection.10.2}{\376\377\0001\0000\000.\0002\000\040\000C\000h\000i\000l\000d\000\040\000t\000r\000a\000c\000k\000i\000n\000g\000\040\000a\000n\000d\000\040\000c\000a\000s\000c\000a\000d\000e\000\040\000c\000l\000o\000s\000e}{section.10}% 34
\BOOKMARK [2][-]{subsection.10.3}{\376\377\0001\0000\000.\0003\000\040\000B\000l\000o\000c\000k\000i\000n\000g\000\040\000m\000o\000d\000e\000l}{section.10}% 35
\BOOKMARK [1][-]{section.11}{\376\377\0001\0001\000.\000\040\000S\000F\000T\000P}{}% 36
\BOOKMARK [2][-]{subsection.11.1}{\376\377\0001\0001\000.\0001\000\040\000F\000i\000l\000e\000\040\000t\000r\000a\000n\000s\000f\000e\000r\000\040\040\023\000\040\000r\000e\000a\000d\000\050\000\051\000\040\000/\000\040\000w\000r\000i\000t\000e\000\050\000\051}{section.11}% 37
\BOOKMARK [2][-]{subsection.11.2}{\376\377\0001\0001\000.\0002\000\040\000D\000i\000r\000e\000c\000t\000o\000r\000y\000\040\000l\000i\000s\000t\000i\000n\000g}{section.11}% 38
\BOOKMARK [2][-]{subsection.11.3}{\376\377\0001\0001\000.\0003\000\040\000M\000e\000t\000a\000d\000a\000t\000a\000\040\040\023\000\040\000s\000t\000a\000t\000\050\000\051\000,\000\040\000r\000e\000m\000o\000v\000e\000\050\000\051\000,\000\040\000r\000e\000n\000a\000m\000e\000\050\000\051}{section.11}% 39
\BOOKMARK [1][-]{section.12}{\376\377\0001\0002\000.\000\040\000B\000u\000i\000l\000d\000\040\000i\000n\000t\000e\000g\000r\000a\000t\000i\000o\000n}{}% 40
\BOOKMARK [1][-]{section.13}{\376\377\0001\0003\000.\000\040\000S\000t\000a\000t\000u\000s\000\040\000a\000n\000d\000\040\000r\000e\000m\000a\000i\000n\000i\000n\000g\000\040\000w\000o\000r\000k}{}% 41
\BOOKMARK [1][-]{section.14}{\376\377\000A\000p\000p\000e\000n\000d\000i\000x\000:\000\040\000t\000e\000s\000t\000\040\000c\000o\000v\000e\000r\000a\000g\000e}{}% 42
\BOOKMARK [1][-]{section.15}{\376\377\000R\000e\000f\000e\000r\000e\000n\000c\000e\000s}{}% 43
