This is pdfTeX, Version 3.141592653-2.6-1.40.25 (TeX Live 2023/Debian) (preloaded format=pdflatex 2026.8.8)  8 AUG 2026 19:07
entering extended mode
 restricted \write18 enabled.
 %&-line parsing enabled.
**utr5b.tex
(./utr5b.tex
LaTeX2e <2023-11-01> patch level 1
L3 programming layer <2024-01-22>
(/usr/share/texlive/texmf-dist/tex/latex/base/article.cls
Document Class: article 2023/05/17 v1.4n Standard LaTeX document class
(/usr/share/texlive/texmf-dist/tex/latex/base/size12.clo
File: size12.clo 2023/05/17 v1.4n Standard LaTeX file (size option)
)
\c@part=\count187
\c@section=\count188
\c@subsection=\count189
\c@subsubsection=\count190
\c@paragraph=\count191
\c@subparagraph=\count192
\c@figure=\count193
\c@table=\count194
\abovecaptionskip=\skip48
\belowcaptionskip=\skip49
\bibindent=\dimen140
)
(/usr/share/texlive/texmf-dist/tex/latex/base/fontenc.sty
Package: fontenc 2021/04/29 v2.0v Standard LaTeX package
)
(/usr/share/texlive/texmf-dist/tex/latex/base/inputenc.sty
Package: inputenc 2021/02/14 v1.3d Input encoding file
\inpenc@prehook=\toks17
\inpenc@posthook=\toks18
)
(/usr/share/texlive/texmf-dist/tex/latex/graphics/graphicx.sty
Package: graphicx 2021/09/16 v1.2d Enhanced LaTeX Graphics (DPC,SPQR)

(/usr/share/texlive/texmf-dist/tex/latex/graphics/keyval.sty
Package: keyval 2022/05/29 v1.15 key=value parser (DPC)
\KV@toks@=\toks19
)
(/usr/share/texlive/texmf-dist/tex/latex/graphics/graphics.sty
Package: graphics 2022/03/10 v1.4e Standard LaTeX Graphics (DPC,SPQR)

(/usr/share/texlive/texmf-dist/tex/latex/graphics/trig.sty
Package: trig 2021/08/11 v1.11 sin cos tan (DPC)
)
(/usr/share/texlive/texmf-dist/tex/latex/graphics-cfg/graphics.cfg
File: graphics.cfg 2016/06/04 v1.11 sample graphics configuration
)
Package graphics Info: Driver file: pdftex.def on input line 107.

(/usr/share/texlive/texmf-dist/tex/latex/graphics-def/pdftex.def
File: pdftex.def 2022/09/22 v1.2b Graphics/color driver for pdftex
))
\Gin@req@height=\dimen141
\Gin@req@width=\dimen142
)
(/usr/share/texlive/texmf-dist/tex/latex/hyperref/hyperref.sty
Package: hyperref 2024-01-20 v7.01h Hypertext links for LaTeX

(/usr/share/texlive/texmf-dist/tex/generic/iftex/iftex.sty
Package: iftex 2022/02/03 v1.0f TeX engine tests
)
(/usr/share/texlive/texmf-dist/tex/latex/kvsetkeys/kvsetkeys.sty
Package: kvsetkeys 2022-10-05 v1.19 Key value parser (HO)
)
(/usr/share/texlive/texmf-dist/tex/generic/kvdefinekeys/kvdefinekeys.sty
Package: kvdefinekeys 2019-12-19 v1.6 Define keys (HO)
)
(/usr/share/texlive/texmf-dist/tex/generic/pdfescape/pdfescape.sty
Package: pdfescape 2019/12/09 v1.15 Implements pdfTeX's escape features (HO)

(/usr/share/texlive/texmf-dist/tex/generic/ltxcmds/ltxcmds.sty
Package: ltxcmds 2023-12-04 v1.26 LaTeX kernel commands for general use (HO)
)
(/usr/share/texlive/texmf-dist/tex/generic/pdftexcmds/pdftexcmds.sty
Package: pdftexcmds 2020-06-27 v0.33 Utility functions of pdfTeX for LuaTeX (HO
)

(/usr/share/texlive/texmf-dist/tex/generic/infwarerr/infwarerr.sty
Package: infwarerr 2019/12/03 v1.5 Providing info/warning/error messages (HO)
)
Package pdftexcmds Info: \pdf@primitive is available.
Package pdftexcmds Info: \pdf@ifprimitive is available.
Package pdftexcmds Info: \pdfdraftmode found.
))
(/usr/share/texlive/texmf-dist/tex/latex/hycolor/hycolor.sty
Package: hycolor 2020-01-27 v1.10 Color options for hyperref/bookmark (HO)
)
(/usr/share/texlive/texmf-dist/tex/latex/auxhook/auxhook.sty
Package: auxhook 2019-12-17 v1.6 Hooks for auxiliary files (HO)
)
(/usr/share/texlive/texmf-dist/tex/latex/hyperref/nameref.sty
Package: nameref 2023-11-26 v2.56 Cross-referencing by name of section

(/usr/share/texlive/texmf-dist/tex/latex/refcount/refcount.sty
Package: refcount 2019/12/15 v3.6 Data extraction from label references (HO)
)
(/usr/share/texlive/texmf-dist/tex/generic/gettitlestring/gettitlestring.sty
Package: gettitlestring 2019/12/15 v1.6 Cleanup title references (HO)

(/usr/share/texlive/texmf-dist/tex/latex/kvoptions/kvoptions.sty
Package: kvoptions 2022-06-15 v3.15 Key value format for package options (HO)
))
\c@section@level=\count195
)
(/usr/share/texlive/texmf-dist/tex/latex/etoolbox/etoolbox.sty
Package: etoolbox 2020/10/05 v2.5k e-TeX tools for LaTeX (JAW)
\etb@tempcnta=\count196
)
\@linkdim=\dimen143
\Hy@linkcounter=\count197
\Hy@pagecounter=\count198

(/usr/share/texlive/texmf-dist/tex/latex/hyperref/pd1enc.def
File: pd1enc.def 2024-01-20 v7.01h Hyperref: PDFDocEncoding definition (HO)
Now handling font encoding PD1 ...
... no UTF-8 mapping file for font encoding PD1
)
(/usr/share/texlive/texmf-dist/tex/generic/intcalc/intcalc.sty
Package: intcalc 2019/12/15 v1.3 Expandable calculations with integers (HO)
)
\Hy@SavedSpaceFactor=\count199

(/usr/share/texlive/texmf-dist/tex/latex/hyperref/puenc.def
File: puenc.def 2024-01-20 v7.01h Hyperref: PDF Unicode definition (HO)
Now handling font encoding PU ...
... no UTF-8 mapping file for font encoding PU
)
Package hyperref Info: Hyper figures OFF on input line 4179.
Package hyperref Info: Link nesting OFF on input line 4184.
Package hyperref Info: Hyper index ON on input line 4187.
Package hyperref Info: Plain pages OFF on input line 4194.
Package hyperref Info: Backreferencing OFF on input line 4199.
Package hyperref Info: Implicit mode ON; LaTeX internals redefined.
Package hyperref Info: Bookmarks ON on input line 4446.
\c@Hy@tempcnt=\count266

(/usr/share/texlive/texmf-dist/tex/latex/url/url.sty
\Urlmuskip=\muskip16
Package: url 2013/09/16  ver 3.4  Verb mode for urls, etc.
)
LaTeX Info: Redefining \url on input line 4784.
\XeTeXLinkMargin=\dimen144

(/usr/share/texlive/texmf-dist/tex/generic/bitset/bitset.sty
Package: bitset 2019/12/09 v1.3 Handle bit-vector datatype (HO)

(/usr/share/texlive/texmf-dist/tex/generic/bigintcalc/bigintcalc.sty
Package: bigintcalc 2019/12/15 v1.5 Expandable calculations on big integers (HO
)
))
\Fld@menulength=\count267
\Field@Width=\dimen145
\Fld@charsize=\dimen146
Package hyperref Info: Hyper figures OFF on input line 6063.
Package hyperref Info: Link nesting OFF on input line 6068.
Package hyperref Info: Hyper index ON on input line 6071.
Package hyperref Info: backreferencing OFF on input line 6078.
Package hyperref Info: Link coloring OFF on input line 6083.
Package hyperref Info: Link coloring with OCG OFF on input line 6088.
Package hyperref Info: PDF/A mode OFF on input line 6093.

(/usr/share/texlive/texmf-dist/tex/latex/base/atbegshi-ltx.sty
Package: atbegshi-ltx 2021/01/10 v1.0c Emulation of the original atbegshi
package with kernel methods
)
\Hy@abspage=\count268
\c@Item=\count269
\c@Hfootnote=\count270
)
Package hyperref Info: Driver (autodetected): hpdftex.

(/usr/share/texlive/texmf-dist/tex/latex/hyperref/hpdftex.def
File: hpdftex.def 2024-01-20 v7.01h Hyperref driver for pdfTeX

(/usr/share/texlive/texmf-dist/tex/latex/base/atveryend-ltx.sty
Package: atveryend-ltx 2020/08/19 v1.0a Emulation of the original atveryend pac
kage
with kernel methods
)
\Fld@listcount=\count271
\c@bookmark@seq@number=\count272

(/usr/share/texlive/texmf-dist/tex/latex/rerunfilecheck/rerunfilecheck.sty
Package: rerunfilecheck 2022-07-10 v1.10 Rerun checks for auxiliary files (HO)

(/usr/share/texlive/texmf-dist/tex/generic/uniquecounter/uniquecounter.sty
Package: uniquecounter 2019/12/15 v1.4 Provide unlimited unique counter (HO)
)
Package uniquecounter Info: New unique counter `rerunfilecheck' on input line 2
85.
)
\Hy@SectionHShift=\skip50
)
(/usr/share/texlive/texmf-dist/tex/latex/xcolor/xcolor.sty
Package: xcolor 2023/11/15 v3.01 LaTeX color extensions (UK)

(/usr/share/texlive/texmf-dist/tex/latex/graphics-cfg/color.cfg
File: color.cfg 2016/01/02 v1.6 sample color configuration
)
Package xcolor Info: Driver file: pdftex.def on input line 274.

(/usr/share/texlive/texmf-dist/tex/latex/graphics/mathcolor.ltx)
Package xcolor Info: Model `cmy' substituted by `cmy0' on input line 1350.
Package xcolor Info: Model `hsb' substituted by `rgb' on input line 1354.
Package xcolor Info: Model `RGB' extended on input line 1366.
Package xcolor Info: Model `HTML' substituted by `rgb' on input line 1368.
Package xcolor Info: Model `Hsb' substituted by `hsb' on input line 1369.
Package xcolor Info: Model `tHsb' substituted by `hsb' on input line 1370.
Package xcolor Info: Model `HSB' substituted by `hsb' on input line 1371.
Package xcolor Info: Model `Gray' substituted by `gray' on input line 1372.
Package xcolor Info: Model `wave' substituted by `hsb' on input line 1373.
)
(/usr/share/texlive/texmf-dist/tex/latex/fancyvrb/fancyvrb.sty
Package: fancyvrb 2024/01/20 4.5c verbatim text (tvz,hv)
\FV@CodeLineNo=\count273
\FV@InFile=\read2
\FV@TabBox=\box51
\c@FancyVerbLine=\count274
\FV@StepNumber=\count275
\FV@OutFile=\write3
)
(/usr/share/texlive/texmf-dist/tex/latex/booktabs/booktabs.sty
Package: booktabs 2020/01/12 v1.61803398 Publication quality tables
\heavyrulewidth=\dimen147
\lightrulewidth=\dimen148
\cmidrulewidth=\dimen149
\belowrulesep=\dimen150
\belowbottomsep=\dimen151
\aboverulesep=\dimen152
\abovetopsep=\dimen153
\cmidrulesep=\dimen154
\cmidrulekern=\dimen155
\defaultaddspace=\dimen156
\@cmidla=\count276
\@cmidlb=\count277
\@aboverulesep=\dimen157
\@belowrulesep=\dimen158
\@thisruleclass=\count278
\@lastruleclass=\count279
\@thisrulewidth=\dimen159
)
(/usr/share/texlive/texmf-dist/tex/latex/tools/longtable.sty
Package: longtable 2023-11-01 v4.19 Multi-page Table package (DPC)
\LTleft=\skip51
\LTright=\skip52
\LTpre=\skip53
\LTpost=\skip54
\LTchunksize=\count280
\LTcapwidth=\dimen160
\LT@head=\box52
\LT@firsthead=\box53
\LT@foot=\box54
\LT@lastfoot=\box55
\LT@gbox=\box56
\LT@cols=\count281
\LT@rows=\count282
\c@LT@tables=\count283
\c@LT@chunks=\count284
\LT@p@ftn=\toks20
)
(/usr/share/texlive/texmf-dist/tex/latex/multirow/multirow.sty
Package: multirow 2021/03/15 v2.8 Span multiple rows of a table
\multirow@colwidth=\skip55
\multirow@cntb=\count285
\multirow@dima=\skip56
\bigstrutjot=\dimen161
)
Package hyperref Info: Option `colorlinks' set `true' on input line 12.

(/usr/share/texlive/texmf-dist/tex/latex/l3backend/l3backend-pdftex.def
File: l3backend-pdftex.def 2024-01-04 L3 backend support: PDF output (pdfTeX)
\l__color_backend_stack_int=\count286
\l__pdf_internal_box=\box57
)
(./utr5b.aux)
\openout1 = `utr5b.aux'.

LaTeX Font Info:    Checking defaults for OML/cmm/m/it on input line 13.
LaTeX Font Info:    ... okay on input line 13.
LaTeX Font Info:    Checking defaults for OMS/cmsy/m/n on input line 13.
LaTeX Font Info:    ... okay on input line 13.
LaTeX Font Info:    Checking defaults for OT1/cmr/m/n on input line 13.
LaTeX Font Info:    ... okay on input line 13.
LaTeX Font Info:    Checking defaults for T1/cmr/m/n on input line 13.
LaTeX Font Info:    ... okay on input line 13.
LaTeX Font Info:    Checking defaults for TS1/cmr/m/n on input line 13.
LaTeX Font Info:    ... okay on input line 13.
LaTeX Font Info:    Checking defaults for OMX/cmex/m/n on input line 13.
LaTeX Font Info:    ... okay on input line 13.
LaTeX Font Info:    Checking defaults for U/cmr/m/n on input line 13.
LaTeX Font Info:    ... okay on input line 13.
LaTeX Font Info:    Checking defaults for PD1/pdf/m/n on input line 13.
LaTeX Font Info:    ... okay on input line 13.
LaTeX Font Info:    Checking defaults for PU/pdf/m/n on input line 13.
LaTeX Font Info:    ... okay on input line 13.

(/usr/share/texlive/texmf-dist/tex/context/base/mkii/supp-pdf.mkii
[Loading MPS to PDF converter (version 2006.09.02).]
\scratchcounter=\count287
\scratchdimen=\dimen162
\scratchbox=\box58
\nofMPsegments=\count288
\nofMParguments=\count289
\everyMPshowfont=\toks21
\MPscratchCnt=\count290
\MPscratchDim=\dimen163
\MPnumerator=\count291
\makeMPintoPDFobject=\count292
\everyMPtoPDFconversion=\toks22
) (/usr/share/texlive/texmf-dist/tex/latex/epstopdf-pkg/epstopdf-base.sty
Package: epstopdf-base 2020-01-24 v2.11 Base part for package epstopdf
Package epstopdf-base Info: Redefining graphics rule for `.eps' on input line 4
85.

(/usr/share/texlive/texmf-dist/tex/latex/latexconfig/epstopdf-sys.cfg
File: epstopdf-sys.cfg 2010/07/13 v1.3 Configuration of (r)epstopdf for TeX Liv
e
))
Package hyperref Info: Link coloring ON on input line 13.

(./utr5b.out) (./utr5b.out)
\@outlinefile=\write4
\openout4 = `utr5b.out'.

LaTeX Font Info:    Trying to load font information for T1+cmtt on input line 3
2.

(/usr/share/texlive/texmf-dist/tex/latex/base/t1cmtt.fd
File: t1cmtt.fd 2023/04/13 v2.5m Standard LaTeX font definitions
)
LaTeX Font Info:    Font shape `T1/cmtt/bx/n' in size <14.4> not available
(Font)              Font shape `T1/cmtt/m/n' tried instead on input line 32.
LaTeX Font Info:    External font `cmex10' loaded for size
(Font)              <14.4> on input line 32.
LaTeX Font Info:    External font `cmex10' loaded for size
(Font)              <7> on input line 32.
 [1

{/var/lib/texmf/fonts/map/pdftex/updmap/pdftex.map}] [2]
pdfTeX warning (ext4): destination with the same identifier (name{page.1}) has 
been already used, duplicate ignored
<to be read again> 
                   \relax 
l.60 
      [1]
pdfTeX warning (ext4): destination with the same identifier (name{page.2}) has 
been already used, duplicate ignored
<to be read again> 
                   \relax 
l.75 
      [2]
<assets/utr5b/1000000000000496000003AFC2A4BD63.png, id=147, 1178.4025pt x 946.5
3625pt>
File: assets/utr5b/1000000000000496000003AFC2A4BD63.png Graphic file (type png)

<use assets/utr5b/1000000000000496000003AFC2A4BD63.png>
Package pdftex.def Info: assets/utr5b/1000000000000496000003AFC2A4BD63.png  use
d on input line 88.
(pdftex.def)             Requested size: 350.99762pt x 281.9266pt.
 [3] [4 <./assets/utr5b/1000000000000496000003AFC2A4BD63.png (PNG copy)>] [5] [
6] [7] [8] [9] [10] [11]
<assets/utr5b/100002010000057900000291EAD364DD.png, id=188, 1406.25375pt x 659.
46375pt>
File: assets/utr5b/100002010000057900000291EAD364DD.png Graphic file (type png)

<use assets/utr5b/100002010000057900000291EAD364DD.png>
Package pdftex.def Info: assets/utr5b/100002010000057900000291EAD364DD.png  use
d on input line 267.
(pdftex.def)             Requested size: 350.99762pt x 164.59384pt.
 [12 <./assets/utr5b/100002010000057900000291EAD364DD.png>] [13]
Overfull \hbox (6.64207pt too wide) in paragraph at lines 303--304
\T1/cmr/m/n/12 gluQuadricTex-ture().The use of the glu tex-ture co-or-di-nates 
verses the OpenGL
 []

[14] [15]
Overfull \hbox (54.77274pt too wide) in paragraph at lines 357--358
[]\T1/cmr/m/n/12 Draws a bi-level (i.e. monochrome,
 []


Overfull \hbox (16.52284pt too wide) in paragraph at lines 369--370
[]\T1/cmr/m/n/12 Copies a rect-an-gu-lar block
 []

[16]
Overfull \hbox (3.58023pt too wide) in paragraph at lines 393--394
[]\T1/cmr/m/n/12 Draw i-1 con-nected lines, con-nect-ing the dots given
 []

[17] [18]
Overfull \hbox (0.34486pt too wide) in paragraph at lines 530--531
[]\T1/cmr/m/n/12 Return cur-rent line style, one of solid, dashed, or striped. 

 []

[19]
Overfull \hbox (28.11726pt too wide) in paragraph at lines 586--587
[]\T1/cmr/m/n/12 Return 1 if the win-dow is presently max-i-mized/fullscreen,
 []

[20]
Overfull \hbox (4.35689pt too wide) in paragraph at lines 666--667
\T1/cmr/m/n/12 ever. A can-vas value ex-ten-sion such as fullscreen would go he
re. Changes
 []

[21] [22]
Overfull \hbox (16.86163pt too wide) in paragraph at lines 774--775
[]\T1/cmr/m/n/12 Draws a character-per-pixel
 []

[23] [24]
Overfull \hbox (15.34811pt too wide) in paragraph at lines 872--873
[]\T1/cmr/m/n/12 Draw
 []


Overfull \hbox (0.39482pt too wide) in paragraph at lines 885--886
[]
 []


Overfull \hbox (7.2001pt too wide) in paragraph at lines 902--903
[]\T1/cmr/m/n/12 Draws a string
 []

[25]
Overfull \hbox (4.71457pt too wide) in paragraph at lines 918--919
[]\T1/cmr/m/n/12 This func-tion wraps around oc-
 []

[26]
Overfull \hbox (19.83815pt too wide) in paragraph at lines 954--955
\T1/cmr/m/n/12 var-i-ous com-po-nent val-ues. Calls to gl-Lightfv() need to be 
ab-stracted/pulled
 []


Overfull \hbox (0.39354pt too wide) in paragraph at lines 958--959
[]\T1/cmr/m/n/12 Set the mesh mode to one of points, lines,
 []


Overfull \hbox (30.75365pt too wide) in paragraph at lines 958--959
\T1/cmr/m/n/12 strip, or polyon. OpenGL scalars stored need to be ab-stracted (
GL_POINTS,
 []


Overfull \hbox (3.9455pt too wide) in paragraph at lines 962--963
[]\T1/cmr/m/n/12 Set the tex-ture co-or-di-nates to ei-ther ``auto''
 []


Overfull \hbox (3.94893pt too wide) in paragraph at lines 966--967
[]\T1/cmr/m/n/12 Set the se-lec-tion mode to ``on'' or ``off''.
 []


Overfull \hbox (0.11162pt too wide) in paragraph at lines 987--988
[]\T1/cmr/m/n/12 Search for a font
 []


Overfull \hbox (25.96495pt too wide) in paragraph at lines 991--992
[]
 []

[27]
Overfull \hbox (22.15062pt too wide) in paragraph at lines 1026--1027
[]
 []


Overfull \hbox (11.99777pt too wide) in paragraph at lines 1039--1040
[]\T1/cmr/m/n/12 Use a 2D win-dow as a tex-ture source. 
 []


Overfull \hbox (19.881pt too wide) in paragraph at lines 1052--1053
[]\T1/cmr/m/n/12 FILE \\T1/cmr/m/it/12 wopengl(char \\T1/cmr/m/n/12 name, struc
t b_list \\T1/cmr/m/it/12 lp, dptr attr, int n, int \\T1/cmr/m/n/12 err_index) 

 []

[28]
Overfull \hbox (41.02376pt too wide) in paragraph at lines 1065--1066
[]\T1/cmr/m/n/12 Traverse
 []


Overfull \hbox (0.32965pt too wide) in paragraph at lines 1082--1083
[]\T1/cmr/m/n/12 Boolean on au-to-matic tex-ture co-or-di-nate gen-er-a-tion. 
 []

[29] [30]
Overfull \hbox (8.5438pt too wide) in paragraph at lines 1126--1127
[]\T1/cmr/m/n/12 Compile to make ex-e-cuta-bles. Run "make Uni-con" to build th
e currently-
 []


Overfull \hbox (1.50583pt too wide) in paragraph at lines 1131--1132
\T1/cmr/m/n/12 The func-tions doc-u-mented here are those most likely to be in-
volved in projects
 []


Overfull \hbox (10.23824pt too wide) in paragraph at lines 1136--1137
[]\T1/cmr/m/n/12 This pro-
 []

[31]
Overfull \hbox (6.0856pt too wide) in paragraph at lines 1162--1164
\T1/cmr/m/n/12 stalling Ver-sion 9 of Icon on UNIX Plat-forms; Tech-ni-cal Re-p
ort IPD243e,
 []


Overfull \hbox (2.15277pt too wide) in paragraph at lines 1162--1164
\T1/cmr/m/n/12 De-part-ment of Com-puter Sci-ence, Uni-ver-sity of Ari-zona, Fe
bru-ary 1998.
 []


Overfull \hbox (3.00041pt too wide) in paragraph at lines 1166--1168
\T1/cmr/m/n/12 http://www.cs.arizona.edu/icon/ftp/doc/ipd261.pdf. Tech-ni-cal R
e-port
 []


Overfull \hbox (46.48721pt too wide) in paragraph at lines 1174--1176
\T1/cmr/m/it/12 Pro-gram-ming with Uni-con\T1/cmr/m/n/12 . Draft manuscript fro
m http://unicon.sourceforge.net 
 []

[32] [33] (./utr5b.aux)
 ***********
LaTeX2e <2023-11-01> patch level 1
L3 programming layer <2024-01-22>
 ***********
Package rerunfilecheck Info: File `utr5b.out' has not changed.
(rerunfilecheck)             Checksum: D4925DC00D4823E71A4016DAF518C71A;6004.
 ) 
Here is how much of TeX's memory you used:
 9813 strings out of 476182
 151773 string characters out of 5795596
 1931975 words of memory out of 5000000
 31645 multiletter control sequences out of 15000+600000
 566792 words of font info for 51 fonts, out of 8000000 for 9000
 14 hyphenation exceptions out of 8191
 75i,6n,79p,1156b,524s stack positions out of 10000i,1000n,20000p,200000b,200000s
 </home/runner/.texlive2023/texmf-var/fonts/pk/ljfour/jknappen/ec/tcrm1200.60
0pk> </home/runner/.texlive2023/texmf-var/fonts/pk/ljfour/jknappen/ec/ecti1200.
600pk> </home/runner/.texlive2023/texmf-var/fonts/pk/ljfour/jknappen/ec/ecbx172
8.600pk> </home/runner/.texlive2023/texmf-var/fonts/pk/ljfour/jknappen/ec/ectt1
440.600pk> </home/runner/.texlive2023/texmf-var/fonts/pk/ljfour/jknappen/ec/ecr
m1200.600pk> </home/runner/.texlive2023/texmf-var/fonts/pk/ljfour/jknappen/ec/e
cbx1200.600pk> </home/runner/.texlive2023/texmf-var/fonts/pk/ljfour/jknappen/ec
/ecbx1440.600pk> </home/runner/.texlive2023/texmf-var/fonts/pk/ljfour/jknappen/
ec/ecbx2074.600pk>
Output written on utr5b.pdf (35 pages, 488262 bytes).
PDF statistics:
 679 PDF objects out of 1000 (max. 8388607)
 288 compressed objects within 3 object streams
 68 named destinations out of 1000 (max. 500000)
 251 words of extra memory for PDF output out of 10000 (max. 10000000)

