This is pdfTeX, Version 3.141592653-2.6-1.40.25 (TeX Live 2023/Debian) (preloaded format=pdflatex 2026.8.8)  8 AUG 2026 19:07
entering extended mode
 restricted \write18 enabled.
 %&-line parsing enabled.
**utr6.tex
(./utr6.tex
LaTeX2e <2023-11-01> patch level 1
L3 programming layer <2024-01-22>
(/usr/share/texlive/texmf-dist/tex/latex/base/article.cls
Document Class: article 2023/05/17 v1.4n Standard LaTeX document class
(/usr/share/texlive/texmf-dist/tex/latex/base/size12.clo
File: size12.clo 2023/05/17 v1.4n Standard LaTeX file (size option)
)
\c@part=\count187
\c@section=\count188
\c@subsection=\count189
\c@subsubsection=\count190
\c@paragraph=\count191
\c@subparagraph=\count192
\c@figure=\count193
\c@table=\count194
\abovecaptionskip=\skip48
\belowcaptionskip=\skip49
\bibindent=\dimen140
)
(/usr/share/texlive/texmf-dist/tex/latex/base/fontenc.sty
Package: fontenc 2021/04/29 v2.0v Standard LaTeX package
)
(/usr/share/texlive/texmf-dist/tex/latex/base/inputenc.sty
Package: inputenc 2021/02/14 v1.3d Input encoding file
\inpenc@prehook=\toks17
\inpenc@posthook=\toks18
)
(/usr/share/texlive/texmf-dist/tex/latex/graphics/graphicx.sty
Package: graphicx 2021/09/16 v1.2d Enhanced LaTeX Graphics (DPC,SPQR)

(/usr/share/texlive/texmf-dist/tex/latex/graphics/keyval.sty
Package: keyval 2022/05/29 v1.15 key=value parser (DPC)
\KV@toks@=\toks19
)
(/usr/share/texlive/texmf-dist/tex/latex/graphics/graphics.sty
Package: graphics 2022/03/10 v1.4e Standard LaTeX Graphics (DPC,SPQR)

(/usr/share/texlive/texmf-dist/tex/latex/graphics/trig.sty
Package: trig 2021/08/11 v1.11 sin cos tan (DPC)
)
(/usr/share/texlive/texmf-dist/tex/latex/graphics-cfg/graphics.cfg
File: graphics.cfg 2016/06/04 v1.11 sample graphics configuration
)
Package graphics Info: Driver file: pdftex.def on input line 107.

(/usr/share/texlive/texmf-dist/tex/latex/graphics-def/pdftex.def
File: pdftex.def 2022/09/22 v1.2b Graphics/color driver for pdftex
))
\Gin@req@height=\dimen141
\Gin@req@width=\dimen142
)
(/usr/share/texlive/texmf-dist/tex/latex/hyperref/hyperref.sty
Package: hyperref 2024-01-20 v7.01h Hypertext links for LaTeX

(/usr/share/texlive/texmf-dist/tex/generic/iftex/iftex.sty
Package: iftex 2022/02/03 v1.0f TeX engine tests
)
(/usr/share/texlive/texmf-dist/tex/latex/kvsetkeys/kvsetkeys.sty
Package: kvsetkeys 2022-10-05 v1.19 Key value parser (HO)
)
(/usr/share/texlive/texmf-dist/tex/generic/kvdefinekeys/kvdefinekeys.sty
Package: kvdefinekeys 2019-12-19 v1.6 Define keys (HO)
)
(/usr/share/texlive/texmf-dist/tex/generic/pdfescape/pdfescape.sty
Package: pdfescape 2019/12/09 v1.15 Implements pdfTeX's escape features (HO)

(/usr/share/texlive/texmf-dist/tex/generic/ltxcmds/ltxcmds.sty
Package: ltxcmds 2023-12-04 v1.26 LaTeX kernel commands for general use (HO)
)
(/usr/share/texlive/texmf-dist/tex/generic/pdftexcmds/pdftexcmds.sty
Package: pdftexcmds 2020-06-27 v0.33 Utility functions of pdfTeX for LuaTeX (HO
)

(/usr/share/texlive/texmf-dist/tex/generic/infwarerr/infwarerr.sty
Package: infwarerr 2019/12/03 v1.5 Providing info/warning/error messages (HO)
)
Package pdftexcmds Info: \pdf@primitive is available.
Package pdftexcmds Info: \pdf@ifprimitive is available.
Package pdftexcmds Info: \pdfdraftmode found.
))
(/usr/share/texlive/texmf-dist/tex/latex/hycolor/hycolor.sty
Package: hycolor 2020-01-27 v1.10 Color options for hyperref/bookmark (HO)
)
(/usr/share/texlive/texmf-dist/tex/latex/auxhook/auxhook.sty
Package: auxhook 2019-12-17 v1.6 Hooks for auxiliary files (HO)
)
(/usr/share/texlive/texmf-dist/tex/latex/hyperref/nameref.sty
Package: nameref 2023-11-26 v2.56 Cross-referencing by name of section

(/usr/share/texlive/texmf-dist/tex/latex/refcount/refcount.sty
Package: refcount 2019/12/15 v3.6 Data extraction from label references (HO)
)
(/usr/share/texlive/texmf-dist/tex/generic/gettitlestring/gettitlestring.sty
Package: gettitlestring 2019/12/15 v1.6 Cleanup title references (HO)

(/usr/share/texlive/texmf-dist/tex/latex/kvoptions/kvoptions.sty
Package: kvoptions 2022-06-15 v3.15 Key value format for package options (HO)
))
\c@section@level=\count195
)
(/usr/share/texlive/texmf-dist/tex/latex/etoolbox/etoolbox.sty
Package: etoolbox 2020/10/05 v2.5k e-TeX tools for LaTeX (JAW)
\etb@tempcnta=\count196
)
\@linkdim=\dimen143
\Hy@linkcounter=\count197
\Hy@pagecounter=\count198

(/usr/share/texlive/texmf-dist/tex/latex/hyperref/pd1enc.def
File: pd1enc.def 2024-01-20 v7.01h Hyperref: PDFDocEncoding definition (HO)
Now handling font encoding PD1 ...
... no UTF-8 mapping file for font encoding PD1
)
(/usr/share/texlive/texmf-dist/tex/generic/intcalc/intcalc.sty
Package: intcalc 2019/12/15 v1.3 Expandable calculations with integers (HO)
)
\Hy@SavedSpaceFactor=\count199

(/usr/share/texlive/texmf-dist/tex/latex/hyperref/puenc.def
File: puenc.def 2024-01-20 v7.01h Hyperref: PDF Unicode definition (HO)
Now handling font encoding PU ...
... no UTF-8 mapping file for font encoding PU
)
Package hyperref Info: Hyper figures OFF on input line 4179.
Package hyperref Info: Link nesting OFF on input line 4184.
Package hyperref Info: Hyper index ON on input line 4187.
Package hyperref Info: Plain pages OFF on input line 4194.
Package hyperref Info: Backreferencing OFF on input line 4199.
Package hyperref Info: Implicit mode ON; LaTeX internals redefined.
Package hyperref Info: Bookmarks ON on input line 4446.
\c@Hy@tempcnt=\count266

(/usr/share/texlive/texmf-dist/tex/latex/url/url.sty
\Urlmuskip=\muskip16
Package: url 2013/09/16  ver 3.4  Verb mode for urls, etc.
)
LaTeX Info: Redefining \url on input line 4784.
\XeTeXLinkMargin=\dimen144

(/usr/share/texlive/texmf-dist/tex/generic/bitset/bitset.sty
Package: bitset 2019/12/09 v1.3 Handle bit-vector datatype (HO)

(/usr/share/texlive/texmf-dist/tex/generic/bigintcalc/bigintcalc.sty
Package: bigintcalc 2019/12/15 v1.5 Expandable calculations on big integers (HO
)
))
\Fld@menulength=\count267
\Field@Width=\dimen145
\Fld@charsize=\dimen146
Package hyperref Info: Hyper figures OFF on input line 6063.
Package hyperref Info: Link nesting OFF on input line 6068.
Package hyperref Info: Hyper index ON on input line 6071.
Package hyperref Info: backreferencing OFF on input line 6078.
Package hyperref Info: Link coloring OFF on input line 6083.
Package hyperref Info: Link coloring with OCG OFF on input line 6088.
Package hyperref Info: PDF/A mode OFF on input line 6093.

(/usr/share/texlive/texmf-dist/tex/latex/base/atbegshi-ltx.sty
Package: atbegshi-ltx 2021/01/10 v1.0c Emulation of the original atbegshi
package with kernel methods
)
\Hy@abspage=\count268
\c@Item=\count269
\c@Hfootnote=\count270
)
Package hyperref Info: Driver (autodetected): hpdftex.

(/usr/share/texlive/texmf-dist/tex/latex/hyperref/hpdftex.def
File: hpdftex.def 2024-01-20 v7.01h Hyperref driver for pdfTeX

(/usr/share/texlive/texmf-dist/tex/latex/base/atveryend-ltx.sty
Package: atveryend-ltx 2020/08/19 v1.0a Emulation of the original atveryend pac
kage
with kernel methods
)
\Fld@listcount=\count271
\c@bookmark@seq@number=\count272

(/usr/share/texlive/texmf-dist/tex/latex/rerunfilecheck/rerunfilecheck.sty
Package: rerunfilecheck 2022-07-10 v1.10 Rerun checks for auxiliary files (HO)

(/usr/share/texlive/texmf-dist/tex/generic/uniquecounter/uniquecounter.sty
Package: uniquecounter 2019/12/15 v1.4 Provide unlimited unique counter (HO)
)
Package uniquecounter Info: New unique counter `rerunfilecheck' on input line 2
85.
)
\Hy@SectionHShift=\skip50
)
(/usr/share/texlive/texmf-dist/tex/latex/xcolor/xcolor.sty
Package: xcolor 2023/11/15 v3.01 LaTeX color extensions (UK)

(/usr/share/texlive/texmf-dist/tex/latex/graphics-cfg/color.cfg
File: color.cfg 2016/01/02 v1.6 sample color configuration
)
Package xcolor Info: Driver file: pdftex.def on input line 274.

(/usr/share/texlive/texmf-dist/tex/latex/graphics/mathcolor.ltx)
Package xcolor Info: Model `cmy' substituted by `cmy0' on input line 1350.
Package xcolor Info: Model `hsb' substituted by `rgb' on input line 1354.
Package xcolor Info: Model `RGB' extended on input line 1366.
Package xcolor Info: Model `HTML' substituted by `rgb' on input line 1368.
Package xcolor Info: Model `Hsb' substituted by `hsb' on input line 1369.
Package xcolor Info: Model `tHsb' substituted by `hsb' on input line 1370.
Package xcolor Info: Model `HSB' substituted by `hsb' on input line 1371.
Package xcolor Info: Model `Gray' substituted by `gray' on input line 1372.
Package xcolor Info: Model `wave' substituted by `hsb' on input line 1373.
)
(/usr/share/texlive/texmf-dist/tex/latex/fancyvrb/fancyvrb.sty
Package: fancyvrb 2024/01/20 4.5c verbatim text (tvz,hv)
\FV@CodeLineNo=\count273
\FV@InFile=\read2
\FV@TabBox=\box51
\c@FancyVerbLine=\count274
\FV@StepNumber=\count275
\FV@OutFile=\write3
)
(/usr/share/texlive/texmf-dist/tex/latex/booktabs/booktabs.sty
Package: booktabs 2020/01/12 v1.61803398 Publication quality tables
\heavyrulewidth=\dimen147
\lightrulewidth=\dimen148
\cmidrulewidth=\dimen149
\belowrulesep=\dimen150
\belowbottomsep=\dimen151
\aboverulesep=\dimen152
\abovetopsep=\dimen153
\cmidrulesep=\dimen154
\cmidrulekern=\dimen155
\defaultaddspace=\dimen156
\@cmidla=\count276
\@cmidlb=\count277
\@aboverulesep=\dimen157
\@belowrulesep=\dimen158
\@thisruleclass=\count278
\@lastruleclass=\count279
\@thisrulewidth=\dimen159
)
(/usr/share/texlive/texmf-dist/tex/latex/tools/longtable.sty
Package: longtable 2023-11-01 v4.19 Multi-page Table package (DPC)
\LTleft=\skip51
\LTright=\skip52
\LTpre=\skip53
\LTpost=\skip54
\LTchunksize=\count280
\LTcapwidth=\dimen160
\LT@head=\box52
\LT@firsthead=\box53
\LT@foot=\box54
\LT@lastfoot=\box55
\LT@gbox=\box56
\LT@cols=\count281
\LT@rows=\count282
\c@LT@tables=\count283
\c@LT@chunks=\count284
\LT@p@ftn=\toks20
)
(/usr/share/texlive/texmf-dist/tex/latex/multirow/multirow.sty
Package: multirow 2021/03/15 v2.8 Span multiple rows of a table
\multirow@colwidth=\skip55
\multirow@cntb=\count285
\multirow@dima=\skip56
\bigstrutjot=\dimen161
)
Package hyperref Info: Option `colorlinks' set `true' on input line 12.

(/usr/share/texlive/texmf-dist/tex/latex/l3backend/l3backend-pdftex.def
File: l3backend-pdftex.def 2024-01-04 L3 backend support: PDF output (pdfTeX)
\l__color_backend_stack_int=\count286
\l__pdf_internal_box=\box57
)
(./utr6.aux)
\openout1 = `utr6.aux'.

LaTeX Font Info:    Checking defaults for OML/cmm/m/it on input line 13.
LaTeX Font Info:    ... okay on input line 13.
LaTeX Font Info:    Checking defaults for OMS/cmsy/m/n on input line 13.
LaTeX Font Info:    ... okay on input line 13.
LaTeX Font Info:    Checking defaults for OT1/cmr/m/n on input line 13.
LaTeX Font Info:    ... okay on input line 13.
LaTeX Font Info:    Checking defaults for T1/cmr/m/n on input line 13.
LaTeX Font Info:    ... okay on input line 13.
LaTeX Font Info:    Checking defaults for TS1/cmr/m/n on input line 13.
LaTeX Font Info:    ... okay on input line 13.
LaTeX Font Info:    Checking defaults for OMX/cmex/m/n on input line 13.
LaTeX Font Info:    ... okay on input line 13.
LaTeX Font Info:    Checking defaults for U/cmr/m/n on input line 13.
LaTeX Font Info:    ... okay on input line 13.
LaTeX Font Info:    Checking defaults for PD1/pdf/m/n on input line 13.
LaTeX Font Info:    ... okay on input line 13.
LaTeX Font Info:    Checking defaults for PU/pdf/m/n on input line 13.
LaTeX Font Info:    ... okay on input line 13.
 (/usr/share/texlive/texmf-dist/tex/context/base/mkii/supp-pdf.mkii
[Loading MPS to PDF converter (version 2006.09.02).]
\scratchcounter=\count287
\scratchdimen=\dimen162
\scratchbox=\box58
\nofMPsegments=\count288
\nofMParguments=\count289
\everyMPshowfont=\toks21
\MPscratchCnt=\count290
\MPscratchDim=\dimen163
\MPnumerator=\count291
\makeMPintoPDFobject=\count292
\everyMPtoPDFconversion=\toks22
) (/usr/share/texlive/texmf-dist/tex/latex/epstopdf-pkg/epstopdf-base.sty
Package: epstopdf-base 2020-01-24 v2.11 Base part for package epstopdf
Package epstopdf-base Info: Redefining graphics rule for `.eps' on input line 4
85.

(/usr/share/texlive/texmf-dist/tex/latex/latexconfig/epstopdf-sys.cfg
File: epstopdf-sys.cfg 2010/07/13 v1.3 Configuration of (r)epstopdf for TeX Liv
e
))
Package hyperref Info: Link coloring ON on input line 13.

(./utr6.out) (./utr6.out)
\@outlinefile=\write4
\openout4 = `utr6.out'.

LaTeX Font Info:    Trying to load font information for T1+cmtt on input line 3
2.

(/usr/share/texlive/texmf-dist/tex/latex/base/t1cmtt.fd
File: t1cmtt.fd 2023/04/13 v2.5m Standard LaTeX font definitions
)
LaTeX Font Info:    Font shape `T1/cmtt/bx/n' in size <14.4> not available
(Font)              Font shape `T1/cmtt/m/n' tried instead on input line 32.
LaTeX Font Info:    External font `cmex10' loaded for size
(Font)              <14.4> on input line 32.
LaTeX Font Info:    External font `cmex10' loaded for size
(Font)              <7> on input line 32.
 [1

{/var/lib/texmf/fonts/map/pdftex/updmap/pdftex.map}]
pdfTeX warning (ext4): destination with the same identifier (name{page.1}) has 
been already used, duplicate ignored
<to be read again> 
                   \relax 
l.66 
      [1] [2]
Overfull \hbox (10.7129pt too wide) in paragraph at lines 85--86
\T1/cmr/m/n/12 mines the vari-able name for this wid-get. Change the name from 
\T1/cmtt/m/n/12 text_button_1
 []

[3] [4] [5] [6] [7] [8] [9]
Overfull \hbox (49.01729pt too wide) in paragraph at lines 370--371
\T1/cmtt/m/n/12 Ivib Primer Help\T1/cmr/m/n/12 . On the \T1/cmr/bx/n/12 Meth-od
s \T1/cmr/m/n/12 tab, \T1/cmr/bx/n/12 un\T1/cmr/m/n/12 -click the \T1/cmtt/m/n/
12 Generate main() procedure
 []

[10] [11] [12] [13]
Overfull \hbox (31.80539pt too wide) in paragraph at lines 546--547
\T1/cmr/m/n/12 about.icn and add the fol-low-ing code to the \T1/cmtt/m/n/12 in
it_dialog() \T1/cmr/m/n/12 and \T1/cmtt/m/n/12 on_aboutdialog()
 []

[14] [15] [16] [17]
Overfull \hbox (52.08366pt too wide) in paragraph at lines 739--740
[]\T1/cmr/m/n/12 Under \T1/cmr/bx/n/12 Han-dler \T1/cmr/m/n/12 en-ter: (it may 
be au-to-mat-i-cally added) \T1/cmtt/m/n/12 on_text_button_modeless 
 []

[18]
Overfull \hbox (32.3913pt too wide) in paragraph at lines 772--773
[]\T1/cmr/m/n/12 | Un-der Han-dler en-ter: (it may be au-to-mat-i-cally added) 
| \T1/cmtt/m/n/12 on_text_button_exit 
 []

<assets/utr6/modeless.png, id=194, 654.445pt x 434.62375pt>
File: assets/utr6/modeless.png Graphic file (type png)
<use assets/utr6/modeless.png>
Package pdftex.def Info: assets/utr6/modeless.png  used on input line 782.
(pdftex.def)             Requested size: 350.99762pt x 233.10168pt.
[19 <./assets/utr6/modeless.png>]
Overfull \hbox (0.4824pt too wide) in paragraph at lines 838--839
[]\T1/cmr/m/n/12 | On the \T1/cmr/bx/n/12 Events \T1/cmr/m/n/12 Tab : | Hit Add
 and scroll down to \T1/cmtt/m/n/12 CLOSE_BUTTON_EVENT\T1/cmr/m/n/12 .
 []

[20]
<assets/utr6/editicn.png, id=204, 714.67pt x 636.3775pt>
File: assets/utr6/editicn.png Graphic file (type png)
<use assets/utr6/editicn.png>
Package pdftex.def Info: assets/utr6/editicn.png  used on input line 878.
(pdftex.def)             Requested size: 350.99762pt x 312.54626pt.
 [21] [22 <./assets/utr6/editicn.png (PNG copy)>]
Overfull \hbox (7.41397pt too wide) in paragraph at lines 917--918
[]\T1/cmr/m/n/12 Edit main.icn and add the fol-low-ing code to the on_text_butt
on_modeless
 []


Overfull \hbox (15.02193pt too wide) in paragraph at lines 929--930
[]\T1/cmr/m/n/12 The third line \T1/cmtt/m/n/12 dispatcher.message_loop(dialogm
ain()) \T1/cmr/m/n/12 makes the modal
 []

[23] [24] [25] [26]
<assets/utr6/mainicn.png, id=231, 654.445pt x 434.62375pt>
File: assets/utr6/mainicn.png Graphic file (type png)
<use assets/utr6/mainicn.png>
Package pdftex.def Info: assets/utr6/mainicn.png  used on input line 1121.
(pdftex.def)             Requested size: 350.99762pt x 233.10168pt.
 [27]
Overfull \hbox (79.1368pt too wide) in paragraph at lines 1178--1179
[]\T1/cmr/m/n/12 This will cre-ate a method \T1/cmtt/m/n/12 on_table_1() \T1/cm
r/m/n/12 that will be in-voked by a \T1/cmtt/m/n/12 MOUSE_RELEASE_EVENT\T1/cmr/
m/n/12 .
 []

[28 <./assets/utr6/mainicn.png (PNG copy)>] [29] [30] [31] [32] [33] [34]
[35]
Overfull \hbox (26.77043pt too wide) in paragraph at lines 1505--1506
\T1/cmtt/m/n/12 text_button_cut\T1/cmr/m/n/12 , \T1/cmtt/m/n/12 text_button_pas
te\T1/cmr/m/n/12 , \T1/cmtt/m/n/12 text_button_redo\T1/cmr/m/n/12 , \T1/cmtt/m/
n/12 text_button_undo\T1/cmr/m/n/12 ,
 []


Overfull \hbox (20.63582pt too wide) in paragraph at lines 1505--1506
\T1/cmtt/m/n/12 text_button_ok\T1/cmr/m/n/12 , \T1/cmtt/m/n/12 editable_text_li
st_instruct\T1/cmr/m/n/12 , \T1/cmtt/m/n/12 editable_text_list_game\T1/cmr/m/n/
12 ,
 []

[36]
Overfull \hbox (36.42592pt too wide) in paragraph at lines 1563--1564
[]\T1/cmr/m/n/12 Open up edit.icn us-ing your ed-i-tor. Add the fol-low-ing cod
e to the \T1/cmtt/m/n/12 init_dialog()
 []

[37]
Overfull \hbox (3.01712pt too wide) in paragraph at lines 1576--1577
\T1/cmr/m/n/12 RE-GION IN THE ED-ITABLE TEXTLIST TO RE-MAIN SE-LECTED. OTH-
 []


Overfull \hbox (3.82953pt too wide) in paragraph at lines 1576--1577
\T1/cmr/m/n/12 ER-WISE, THE SE-LECTED RE-GION WILL BE LOST WHEN THE EVENT
 []


Overfull \hbox (76.04037pt too wide) in paragraph at lines 1608--1609
[]\T1/cmr/m/n/12 You should be able to copy/cut/paste/undo/redo in the \T1/cmtt
/m/n/12 editable_text_list_instruct
 []

[38] [39] [40] [41]
Overfull \hbox (32.20934pt too wide) in paragraph at lines 1783--1784
[]\T1/cmr/m/n/12 NOTE: This code will not al-low the tab to jump to the ed-itab
le_text_list_game
 []

[42] [43]
Overfull \hbox (79.36298pt too wide) in paragraph at lines 1836--1837
\T1/cmr/m/n/12 text_button_undo, text_button_redo,text_field_pw, text_button_ok
, text_button_exit
 []

[44]
Overfull \hbox (47.24455pt too wide) in paragraph at lines 1867--1868
[]\T1/cmr/m/n/12 Now, edit \T1/cmtt/m/n/12 myeditabletextlist.icn\T1/cmr/m/n/12
 , and add ini-tially code to use \T1/cmtt/m/n/12 MyUndoManager\T1/cmr/m/n/12 .

 []

[45]
Overfull \hbox (108.62827pt too wide) in paragraph at lines 1926--1927
[]\T1/cmr/m/n/12 Next we need to add code to on_table_1 which is trig-gered by 
a MOUSE_RELEASE_EVENT
 []

[46] [47]
<assets/utr6/unilogo.jpg, id=327, 85.5195pt x 52.5162pt>
File: assets/utr6/unilogo.jpg Graphic file (type jpg)
<use assets/utr6/unilogo.jpg>
Package pdftex.def Info: assets/utr6/unilogo.jpg  used on input line 2020.
(pdftex.def)             Requested size: 350.99762pt x 215.59024pt.
<assets/utr6/dlogpref.png, id=328, 337.26pt x 345.29pt>
File: assets/utr6/dlogpref.png Graphic file (type png)
<use assets/utr6/dlogpref.png>
Package pdftex.def Info: assets/utr6/dlogpref.png  used on input line 2025.
(pdftex.def)             Requested size: 350.99762pt x 359.36182pt.
 [48] [49 <./assets/utr6/unilogo.jpg>] [50 <./assets/utr6/dlogpref.png (PNG cop
y)>] (./utr6.aux)
 ***********
LaTeX2e <2023-11-01> patch level 1
L3 programming layer <2024-01-22>
 ***********
Package rerunfilecheck Info: File `utr6.out' has not changed.
(rerunfilecheck)             Checksum: 3063FFBE692F12209CE3A3792BF93ED8;4114.
 ) 
Here is how much of TeX's memory you used:
 9845 strings out of 476182
 151900 string characters out of 5795596
 1932975 words of memory out of 5000000
 31652 multiletter control sequences out of 15000+600000
 568552 words of font info for 54 fonts, out of 8000000 for 9000
 14 hyphenation exceptions out of 8191
 75i,6n,79p,1003b,654s stack positions out of 10000i,1000n,20000p,200000b,200000s
 </home/runner/.texlive2023/texmf-var/fonts/pk/ljfour/jknappen/ec/ecti1200.60
0pk> </home/runner/.texlive2023/texmf-var/fonts/pk/ljfour/jknappen/ec/ectt1095.
600pk> </home/runner/.texlive2023/texmf-var/fonts/pk/ljfour/jknappen/ec/ectt120
0.600pk> </home/runner/.texlive2023/texmf-var/fonts/pk/ljfour/jknappen/ec/ecbi1
440.600pk> </home/runner/.texlive2023/texmf-var/fonts/pk/ljfour/jknappen/ec/ecb
x1728.600pk> </home/runner/.texlive2023/texmf-var/fonts/pk/ljfour/jknappen/ec/e
ctt1440.600pk> </home/runner/.texlive2023/texmf-var/fonts/pk/ljfour/jknappen/ec
/ecrm1200.600pk> </home/runner/.texlive2023/texmf-var/fonts/pk/ljfour/jknappen/
ec/ecbx1200.600pk> </home/runner/.texlive2023/texmf-var/fonts/pk/ljfour/jknappe
n/ec/ecbx1440.600pk> </home/runner/.texlive2023/texmf-var/fonts/pk/ljfour/jknap
pen/ec/ecbx2074.600pk>
Output written on utr6.pdf (51 pages, 271377 bytes).
PDF statistics:
 784 PDF objects out of 1000 (max. 8388607)
 337 compressed objects within 4 object streams
 90 named destinations out of 1000 (max. 500000)
 210 words of extra memory for PDF output out of 10000 (max. 10000000)

