\BOOKMARK [1][-]{section.1}{\376\377\000I\000n\000t\000r\000o\000d\000u\000c\000t\000i\000o\000n}{}% 1
\BOOKMARK [2][-]{subsection.1.1}{\376\377\000P\000a\000r\000t\000\040\000I\000\040\000A\000\040\000S\000i\000m\000p\000l\000e\000\040\000I\000V\000I\000B\000\040\000A\000p\000p\000l\000i\000c\000a\000t\000i\000o\000n}{section.1}% 2
\BOOKMARK [3][-]{subsubsection.1.1.1}{\376\377\000H\000e\000l\000l\000o\000,\000\040\000I\000v\000i\000b}{subsection.1.1}% 3
\BOOKMARK [3][-]{subsubsection.1.1.2}{\376\377\000I\000v\000i\000b\000\040\000a\000n\000d\000\040\000E\000v\000e\000n\000t\000-\000d\000r\000i\000v\000e\000n\000\040\000P\000r\000o\000g\000r\000a\000m\000m\000i\000n\000g}{subsection.1.1}% 4
\BOOKMARK [3][-]{subsubsection.1.1.3}{\376\377\000A\000\040\000S\000i\000m\000p\000l\000e\000\040\000I\000V\000I\000B\000\040\000A\000p\000p\000l\000i\000c\000a\000t\000i\000o\000n}{subsection.1.1}% 5
\BOOKMARK [3][-]{subsubsection.1.1.4}{\376\377\000T\000h\000e\000\040\000M\000a\000i\000n\000\040\000S\000c\000r\000e\000e\000n}{subsection.1.1}% 6
\BOOKMARK [3][-]{subsubsection.1.1.5}{\376\377\000M\000e\000n\000u\000\040\000B\000a\000r}{subsection.1.1}% 7
\BOOKMARK [3][-]{subsubsection.1.1.6}{\376\377\000T\000h\000e\000\040\000A\000b\000o\000u\000t\000\040\000B\000o\000x}{subsection.1.1}% 8
\BOOKMARK [3][-]{subsubsection.1.1.7}{\376\377\000T\000h\000e\000\040\000H\000e\000l\000p\000\040\000S\000c\000r\000e\000e\000n}{subsection.1.1}% 9
\BOOKMARK [3][-]{subsubsection.1.1.8}{\376\377\000A\000d\000d\000i\000n\000g\000\040\000t\000h\000e\000\040\000c\000o\000d\000e}{subsection.1.1}% 10
\BOOKMARK [3][-]{subsubsection.1.1.9}{\376\377\000M\000a\000k\000e\000f\000i\000l\000e}{subsection.1.1}% 11
\BOOKMARK [3][-]{subsubsection.1.1.10}{\376\377\000R\000u\000n\000n\000i\000n\000g\000\040\000t\000h\000e\000\040\000P\000r\000o\000g\000r\000a\000m}{subsection.1.1}% 12
\BOOKMARK [2][-]{subsection.1.2}{\376\377\000P\000a\000r\000t\000\040\000I\000I\000:\000\040\000A\000n\000o\000t\000h\000e\000r\000\040\000S\000i\000m\000p\000l\000e\000\040\000I\000V\000I\000B\000\040\000A\000p\000p\000l\000i\000c\000a\000t\000i\000o\000n}{section.1}% 13
\BOOKMARK [3][-]{subsubsection.1.2.1}{\376\377\000M\000o\000d\000e\000l\000e\000s\000s\000\040\000D\000i\000a\000l\000o\000g\000s}{subsection.1.2}% 14
\BOOKMARK [3][-]{subsubsection.1.2.2}{\376\377\000T\000a\000b\000l\000e\000s\000\040\000a\000n\000d\000\040\000T\000a\000b\000s\000\040\000S\000e\000t\000s}{subsection.1.2}% 15
\BOOKMARK [3][-]{subsubsection.1.2.3}{\376\377\000C\000a\000p\000t\000u\000r\000i\000n\000g\000\040\000E\000v\000e\000n\000t\000s\000,\000\040\000C\000l\000i\000c\000k\000\040\000C\000o\000u\000n\000t\000s\000\040\000a\000n\000d\000\040\000G\000o\000T\000o}{subsection.1.2}% 16
\BOOKMARK [3][-]{subsubsection.1.2.4}{\376\377\000O\000v\000e\000r\000l\000a\000y\000s\000,\000\040\000a\000n\000d\000\040\000H\000o\000u\000r\000\040\000G\000l\000a\000s\000s\000e\000s}{subsection.1.2}% 17
\BOOKMARK [3][-]{subsubsection.1.2.5}{\376\377\000C\000o\000p\000y\000,\000\040\000C\000u\000t\000,\000\040\000P\000a\000s\000t\000e\000,\000\040\000U\000n\000d\000o\000\040\000a\000n\000d\000\040\000R\000e\000d\000o}{subsection.1.2}% 18
\BOOKMARK [3][-]{subsubsection.1.2.6}{\376\377\000T\000a\000b\000\040\000J\000u\000m\000p\000s\000\040\000a\000n\000d\000\040\000C\000o\000m\000p\000o\000u\000n\000d\000\040\000U\000n\000d\000o\000/\000R\000e\000d\000o\000s}{subsection.1.2}% 19
\BOOKMARK [3][-]{subsubsection.1.2.7}{\376\377\000C\000o\000m\000p\000o\000u\000n\000d\000\040\000U\000n\000d\000o\000s\000\040\000a\000n\000d\000\040\000R\000e\000d\000o\000s}{subsection.1.2}% 20
\BOOKMARK [3][-]{subsubsection.1.2.8}{\376\377\000T\000a\000b\000l\000e\000\040\000C\000o\000l\000u\000m\000n\000\040\000E\000v\000e\000n\000t\000s}{subsection.1.2}% 21
\BOOKMARK [3][-]{subsubsection.1.2.9}{\376\377\000C\000o\000n\000c\000l\000u\000s\000i\000o\000n\000s\000\040\000a\000n\000d\000\040\000F\000u\000t\000u\000r\000e\000\040\000W\000o\000r\000k}{subsection.1.2}% 22
\BOOKMARK [1][-]{section.2}{\376\377\000R\000e\000f\000e\000r\000e\000n\000c\000e\000s}{}% 23
