\BOOKMARK [1][-]{section.1}{\376\377\000I\000n\000t\000r\000o\000d\000u\000c\000t\000i\000o\000n}{}% 1
\BOOKMARK [1][-]{section.2}{\376\377\000I\000m\000m\000u\000t\000a\000b\000l\000e\000\040\000T\000y\000p\000e\000s\000:\000\040\000N\000u\000m\000b\000e\000r\000s\000,\000\040\000S\000t\000r\000i\000n\000g\000s\000,\000\040\000C\000s\000e\000t\000s}{}% 2
\BOOKMARK [2][-]{subsubsection.2.0.1}{\376\377\000I\000n\000t\000e\000g\000e\000r}{section.2}% 3
\BOOKMARK [3][-]{subsubsection.2.0.2}{\376\377\000R\000e\000a\000l}{subsubsection.2.0.1}% 4
\BOOKMARK [3][-]{subsubsection.2.0.3}{\376\377\000S\000t\000r\000i\000n\000g}{subsubsection.2.0.1}% 5
\BOOKMARK [3][-]{subsubsection.2.0.4}{\376\377\000C\000s\000e\000t}{subsubsection.2.0.1}% 6
\BOOKMARK [3][-]{subsubsection.2.0.5}{\376\377\000P\000a\000t\000t\000e\000r\000n}{subsubsection.2.0.1}% 7
\BOOKMARK [1][-]{section.3}{\376\377\000M\000u\000t\000a\000b\000l\000e\000\040\000T\000y\000p\000e\000s\000:\000\040\000C\000o\000n\000t\000a\000i\000n\000e\000r\000s\000\040\000a\000n\000d\000\040\000F\000i\000l\000e\000s}{}% 8
\BOOKMARK [2][-]{subsubsection.3.0.1}{\376\377\000L\000i\000s\000t}{section.3}% 9
\BOOKMARK [3][-]{subsubsection.3.0.2}{\376\377\000T\000a\000b\000l\000e}{subsubsection.3.0.1}% 10
\BOOKMARK [3][-]{subsubsection.3.0.3}{\376\377\000S\000e\000t}{subsubsection.3.0.1}% 11
\BOOKMARK [3][-]{subsubsection.3.0.4}{\376\377\000R\000e\000c\000o\000r\000d}{subsubsection.3.0.1}% 12
\BOOKMARK [3][-]{subsubsection.3.0.5}{\376\377\000O\000b\000j\000e\000c\000t}{subsubsection.3.0.1}% 13
\BOOKMARK [3][-]{subsubsection.3.0.6}{\376\377\000F\000i\000l\000e}{subsubsection.3.0.1}% 14
\BOOKMARK [1][-]{section.4}{\376\377\000V\000a\000r\000i\000a\000b\000l\000e\000s}{}% 15
\BOOKMARK [2][-]{subsubsection.4.0.1}{\376\377\000G\000l\000o\000b\000a\000l}{section.4}% 16
\BOOKMARK [3][-]{subsubsection.4.0.2}{\376\377\000L\000o\000c\000a\000l}{subsubsection.4.0.1}% 17
\BOOKMARK [3][-]{subsubsection.4.0.3}{\376\377\000S\000t\000a\000t\000i\000c}{subsubsection.4.0.1}% 18
\BOOKMARK [3][-]{subsubsection.4.0.4}{\376\377\000C\000l\000a\000s\000s}{subsubsection.4.0.1}% 19
\BOOKMARK [1][-]{section.5}{\376\377\000K\000e\000y\000w\000o\000r\000d\000s}{}% 20
\BOOKMARK [2][-]{subsubsection.5.0.1}{\376\377\000G\000r\000a\000p\000h\000i\000c\000s\000\040\000k\000e\000y\000w\000o\000r\000d\000s}{section.5}% 21
\BOOKMARK [1][-]{section.6}{\376\377\000C\000o\000n\000t\000r\000o\000l\000\040\000S\000t\000r\000u\000c\000t\000u\000r\000e\000s\000\040\000a\000n\000d\000\040\000R\000e\000s\000e\000r\000v\000e\000d\000\040\000W\000o\000r\000d\000s}{}% 22
\BOOKMARK [1][-]{section.7}{\376\377\000O\000p\000e\000r\000a\000t\000o\000r\000s\000\040\000a\000n\000d\000\040\000B\000u\000i\000l\000t\000-\000i\000n\000\040\000F\000u\000n\000c\000t\000i\000o\000n\000s}{}% 23
\BOOKMARK [2][-]{subsubsection.7.0.1}{\376\377\000O\000p\000e\000r\000a\000t\000o\000r\000s}{section.7}% 24
\BOOKMARK [3][-]{subsubsection.7.0.2}{\376\377\000U\000n\000a\000r\000y\000\040\000o\000p\000e\000r\000a\000t\000o\000r\000s}{subsubsection.7.0.1}% 25
\BOOKMARK [3][-]{subsubsection.7.0.3}{\376\377\000B\000i\000n\000a\000r\000y\000\040\000o\000p\000e\000r\000a\000t\000o\000r\000s}{subsubsection.7.0.1}% 26
\BOOKMARK [3][-]{subsubsection.7.0.4}{\376\377\000B\000u\000i\000l\000t\000-\000i\000n\000\040\000f\000u\000n\000c\000t\000i\000o\000n\000s}{subsubsection.7.0.1}% 27
\BOOKMARK [3][-]{subsubsection.7.0.5}{\376\377\000G\000r\000a\000p\000h\000i\000c\000s\000\040\000f\000u\000n\000c\000t\000i\000o\000n\000s}{subsubsection.7.0.1}% 28
\BOOKMARK [3][-]{subsubsection.7.0.6}{\376\377\000P\000a\000t\000t\000e\000r\000n\000\040\000f\000u\000n\000c\000t\000i\000o\000n\000s}{subsubsection.7.0.1}% 29
\BOOKMARK [1][-]{section.8}{\376\377\000P\000r\000e\000p\000r\000o\000c\000e\000s\000s\000o\000r}{}% 30
\BOOKMARK [2][-]{subsubsection.8.0.1}{\376\377\000P\000r\000e\000p\000r\000o\000c\000e\000s\000s\000o\000r\000\040\000c\000o\000m\000m\000a\000n\000d\000s}{section.8}% 31
\BOOKMARK [3][-]{subsubsection.8.0.2}{\376\377\000P\000r\000e\000d\000e\000f\000i\000n\000e\000d\000\040\000s\000y\000m\000b\000o\000l\000s}{subsubsection.8.0.1}% 32
\BOOKMARK [1][-]{section.9}{\376\377\000E\000x\000e\000c\000u\000t\000i\000o\000n\000\040\000E\000r\000r\000o\000r\000s}{}% 33
\BOOKMARK [2][-]{subsubsection.9.0.1}{\376\377\000R\000u\000n\000t\000i\000m\000e\000\040\000e\000r\000r\000o\000r\000s}{section.9}% 34
\BOOKMARK [3][-]{subsubsection.9.0.2}{\376\377\000S\000y\000s\000t\000e\000m\000\040\000e\000r\000r\000o\000r\000s}{subsubsection.9.0.1}% 35
