This is pdfTeX, Version 3.141592653-2.6-1.40.25 (TeX Live 2023/Debian) (preloaded format=pdflatex 2026.8.8)  8 AUG 2026 19:07
entering extended mode
 restricted \write18 enabled.
 %&-line parsing enabled.
**utr9.tex
(./utr9.tex
LaTeX2e <2023-11-01> patch level 1
L3 programming layer <2024-01-22>
(/usr/share/texlive/texmf-dist/tex/latex/base/article.cls
Document Class: article 2023/05/17 v1.4n Standard LaTeX document class
(/usr/share/texlive/texmf-dist/tex/latex/base/size12.clo
File: size12.clo 2023/05/17 v1.4n Standard LaTeX file (size option)
)
\c@part=\count187
\c@section=\count188
\c@subsection=\count189
\c@subsubsection=\count190
\c@paragraph=\count191
\c@subparagraph=\count192
\c@figure=\count193
\c@table=\count194
\abovecaptionskip=\skip48
\belowcaptionskip=\skip49
\bibindent=\dimen140
)
(/usr/share/texlive/texmf-dist/tex/latex/base/fontenc.sty
Package: fontenc 2021/04/29 v2.0v Standard LaTeX package
)
(/usr/share/texlive/texmf-dist/tex/latex/base/inputenc.sty
Package: inputenc 2021/02/14 v1.3d Input encoding file
\inpenc@prehook=\toks17
\inpenc@posthook=\toks18
)
(/usr/share/texlive/texmf-dist/tex/latex/graphics/graphicx.sty
Package: graphicx 2021/09/16 v1.2d Enhanced LaTeX Graphics (DPC,SPQR)

(/usr/share/texlive/texmf-dist/tex/latex/graphics/keyval.sty
Package: keyval 2022/05/29 v1.15 key=value parser (DPC)
\KV@toks@=\toks19
)
(/usr/share/texlive/texmf-dist/tex/latex/graphics/graphics.sty
Package: graphics 2022/03/10 v1.4e Standard LaTeX Graphics (DPC,SPQR)

(/usr/share/texlive/texmf-dist/tex/latex/graphics/trig.sty
Package: trig 2021/08/11 v1.11 sin cos tan (DPC)
)
(/usr/share/texlive/texmf-dist/tex/latex/graphics-cfg/graphics.cfg
File: graphics.cfg 2016/06/04 v1.11 sample graphics configuration
)
Package graphics Info: Driver file: pdftex.def on input line 107.

(/usr/share/texlive/texmf-dist/tex/latex/graphics-def/pdftex.def
File: pdftex.def 2022/09/22 v1.2b Graphics/color driver for pdftex
))
\Gin@req@height=\dimen141
\Gin@req@width=\dimen142
)
(/usr/share/texlive/texmf-dist/tex/latex/hyperref/hyperref.sty
Package: hyperref 2024-01-20 v7.01h Hypertext links for LaTeX

(/usr/share/texlive/texmf-dist/tex/generic/iftex/iftex.sty
Package: iftex 2022/02/03 v1.0f TeX engine tests
)
(/usr/share/texlive/texmf-dist/tex/latex/kvsetkeys/kvsetkeys.sty
Package: kvsetkeys 2022-10-05 v1.19 Key value parser (HO)
)
(/usr/share/texlive/texmf-dist/tex/generic/kvdefinekeys/kvdefinekeys.sty
Package: kvdefinekeys 2019-12-19 v1.6 Define keys (HO)
)
(/usr/share/texlive/texmf-dist/tex/generic/pdfescape/pdfescape.sty
Package: pdfescape 2019/12/09 v1.15 Implements pdfTeX's escape features (HO)

(/usr/share/texlive/texmf-dist/tex/generic/ltxcmds/ltxcmds.sty
Package: ltxcmds 2023-12-04 v1.26 LaTeX kernel commands for general use (HO)
)
(/usr/share/texlive/texmf-dist/tex/generic/pdftexcmds/pdftexcmds.sty
Package: pdftexcmds 2020-06-27 v0.33 Utility functions of pdfTeX for LuaTeX (HO
)

(/usr/share/texlive/texmf-dist/tex/generic/infwarerr/infwarerr.sty
Package: infwarerr 2019/12/03 v1.5 Providing info/warning/error messages (HO)
)
Package pdftexcmds Info: \pdf@primitive is available.
Package pdftexcmds Info: \pdf@ifprimitive is available.
Package pdftexcmds Info: \pdfdraftmode found.
))
(/usr/share/texlive/texmf-dist/tex/latex/hycolor/hycolor.sty
Package: hycolor 2020-01-27 v1.10 Color options for hyperref/bookmark (HO)
)
(/usr/share/texlive/texmf-dist/tex/latex/auxhook/auxhook.sty
Package: auxhook 2019-12-17 v1.6 Hooks for auxiliary files (HO)
)
(/usr/share/texlive/texmf-dist/tex/latex/hyperref/nameref.sty
Package: nameref 2023-11-26 v2.56 Cross-referencing by name of section

(/usr/share/texlive/texmf-dist/tex/latex/refcount/refcount.sty
Package: refcount 2019/12/15 v3.6 Data extraction from label references (HO)
)
(/usr/share/texlive/texmf-dist/tex/generic/gettitlestring/gettitlestring.sty
Package: gettitlestring 2019/12/15 v1.6 Cleanup title references (HO)

(/usr/share/texlive/texmf-dist/tex/latex/kvoptions/kvoptions.sty
Package: kvoptions 2022-06-15 v3.15 Key value format for package options (HO)
))
\c@section@level=\count195
)
(/usr/share/texlive/texmf-dist/tex/latex/etoolbox/etoolbox.sty
Package: etoolbox 2020/10/05 v2.5k e-TeX tools for LaTeX (JAW)
\etb@tempcnta=\count196
)
\@linkdim=\dimen143
\Hy@linkcounter=\count197
\Hy@pagecounter=\count198

(/usr/share/texlive/texmf-dist/tex/latex/hyperref/pd1enc.def
File: pd1enc.def 2024-01-20 v7.01h Hyperref: PDFDocEncoding definition (HO)
Now handling font encoding PD1 ...
... no UTF-8 mapping file for font encoding PD1
)
(/usr/share/texlive/texmf-dist/tex/generic/intcalc/intcalc.sty
Package: intcalc 2019/12/15 v1.3 Expandable calculations with integers (HO)
)
\Hy@SavedSpaceFactor=\count199

(/usr/share/texlive/texmf-dist/tex/latex/hyperref/puenc.def
File: puenc.def 2024-01-20 v7.01h Hyperref: PDF Unicode definition (HO)
Now handling font encoding PU ...
... no UTF-8 mapping file for font encoding PU
)
Package hyperref Info: Hyper figures OFF on input line 4179.
Package hyperref Info: Link nesting OFF on input line 4184.
Package hyperref Info: Hyper index ON on input line 4187.
Package hyperref Info: Plain pages OFF on input line 4194.
Package hyperref Info: Backreferencing OFF on input line 4199.
Package hyperref Info: Implicit mode ON; LaTeX internals redefined.
Package hyperref Info: Bookmarks ON on input line 4446.
\c@Hy@tempcnt=\count266

(/usr/share/texlive/texmf-dist/tex/latex/url/url.sty
\Urlmuskip=\muskip16
Package: url 2013/09/16  ver 3.4  Verb mode for urls, etc.
)
LaTeX Info: Redefining \url on input line 4784.
\XeTeXLinkMargin=\dimen144

(/usr/share/texlive/texmf-dist/tex/generic/bitset/bitset.sty
Package: bitset 2019/12/09 v1.3 Handle bit-vector datatype (HO)

(/usr/share/texlive/texmf-dist/tex/generic/bigintcalc/bigintcalc.sty
Package: bigintcalc 2019/12/15 v1.5 Expandable calculations on big integers (HO
)
))
\Fld@menulength=\count267
\Field@Width=\dimen145
\Fld@charsize=\dimen146
Package hyperref Info: Hyper figures OFF on input line 6063.
Package hyperref Info: Link nesting OFF on input line 6068.
Package hyperref Info: Hyper index ON on input line 6071.
Package hyperref Info: backreferencing OFF on input line 6078.
Package hyperref Info: Link coloring OFF on input line 6083.
Package hyperref Info: Link coloring with OCG OFF on input line 6088.
Package hyperref Info: PDF/A mode OFF on input line 6093.

(/usr/share/texlive/texmf-dist/tex/latex/base/atbegshi-ltx.sty
Package: atbegshi-ltx 2021/01/10 v1.0c Emulation of the original atbegshi
package with kernel methods
)
\Hy@abspage=\count268
\c@Item=\count269
\c@Hfootnote=\count270
)
Package hyperref Info: Driver (autodetected): hpdftex.

(/usr/share/texlive/texmf-dist/tex/latex/hyperref/hpdftex.def
File: hpdftex.def 2024-01-20 v7.01h Hyperref driver for pdfTeX

(/usr/share/texlive/texmf-dist/tex/latex/base/atveryend-ltx.sty
Package: atveryend-ltx 2020/08/19 v1.0a Emulation of the original atveryend pac
kage
with kernel methods
)
\Fld@listcount=\count271
\c@bookmark@seq@number=\count272

(/usr/share/texlive/texmf-dist/tex/latex/rerunfilecheck/rerunfilecheck.sty
Package: rerunfilecheck 2022-07-10 v1.10 Rerun checks for auxiliary files (HO)

(/usr/share/texlive/texmf-dist/tex/generic/uniquecounter/uniquecounter.sty
Package: uniquecounter 2019/12/15 v1.4 Provide unlimited unique counter (HO)
)
Package uniquecounter Info: New unique counter `rerunfilecheck' on input line 2
85.
)
\Hy@SectionHShift=\skip50
)
(/usr/share/texlive/texmf-dist/tex/latex/xcolor/xcolor.sty
Package: xcolor 2023/11/15 v3.01 LaTeX color extensions (UK)

(/usr/share/texlive/texmf-dist/tex/latex/graphics-cfg/color.cfg
File: color.cfg 2016/01/02 v1.6 sample color configuration
)
Package xcolor Info: Driver file: pdftex.def on input line 274.

(/usr/share/texlive/texmf-dist/tex/latex/graphics/mathcolor.ltx)
Package xcolor Info: Model `cmy' substituted by `cmy0' on input line 1350.
Package xcolor Info: Model `hsb' substituted by `rgb' on input line 1354.
Package xcolor Info: Model `RGB' extended on input line 1366.
Package xcolor Info: Model `HTML' substituted by `rgb' on input line 1368.
Package xcolor Info: Model `Hsb' substituted by `hsb' on input line 1369.
Package xcolor Info: Model `tHsb' substituted by `hsb' on input line 1370.
Package xcolor Info: Model `HSB' substituted by `hsb' on input line 1371.
Package xcolor Info: Model `Gray' substituted by `gray' on input line 1372.
Package xcolor Info: Model `wave' substituted by `hsb' on input line 1373.
)
(/usr/share/texlive/texmf-dist/tex/latex/fancyvrb/fancyvrb.sty
Package: fancyvrb 2024/01/20 4.5c verbatim text (tvz,hv)
\FV@CodeLineNo=\count273
\FV@InFile=\read2
\FV@TabBox=\box51
\c@FancyVerbLine=\count274
\FV@StepNumber=\count275
\FV@OutFile=\write3
)
(/usr/share/texlive/texmf-dist/tex/latex/booktabs/booktabs.sty
Package: booktabs 2020/01/12 v1.61803398 Publication quality tables
\heavyrulewidth=\dimen147
\lightrulewidth=\dimen148
\cmidrulewidth=\dimen149
\belowrulesep=\dimen150
\belowbottomsep=\dimen151
\aboverulesep=\dimen152
\abovetopsep=\dimen153
\cmidrulesep=\dimen154
\cmidrulekern=\dimen155
\defaultaddspace=\dimen156
\@cmidla=\count276
\@cmidlb=\count277
\@aboverulesep=\dimen157
\@belowrulesep=\dimen158
\@thisruleclass=\count278
\@lastruleclass=\count279
\@thisrulewidth=\dimen159
)
(/usr/share/texlive/texmf-dist/tex/latex/tools/longtable.sty
Package: longtable 2023-11-01 v4.19 Multi-page Table package (DPC)
\LTleft=\skip51
\LTright=\skip52
\LTpre=\skip53
\LTpost=\skip54
\LTchunksize=\count280
\LTcapwidth=\dimen160
\LT@head=\box52
\LT@firsthead=\box53
\LT@foot=\box54
\LT@lastfoot=\box55
\LT@gbox=\box56
\LT@cols=\count281
\LT@rows=\count282
\c@LT@tables=\count283
\c@LT@chunks=\count284
\LT@p@ftn=\toks20
)
(/usr/share/texlive/texmf-dist/tex/latex/multirow/multirow.sty
Package: multirow 2021/03/15 v2.8 Span multiple rows of a table
\multirow@colwidth=\skip55
\multirow@cntb=\count285
\multirow@dima=\skip56
\bigstrutjot=\dimen161
)
Package hyperref Info: Option `colorlinks' set `true' on input line 12.

(/usr/share/texlive/texmf-dist/tex/latex/l3backend/l3backend-pdftex.def
File: l3backend-pdftex.def 2024-01-04 L3 backend support: PDF output (pdfTeX)
\l__color_backend_stack_int=\count286
\l__pdf_internal_box=\box57
)
(./utr9.aux)
\openout1 = `utr9.aux'.

LaTeX Font Info:    Checking defaults for OML/cmm/m/it on input line 13.
LaTeX Font Info:    ... okay on input line 13.
LaTeX Font Info:    Checking defaults for OMS/cmsy/m/n on input line 13.
LaTeX Font Info:    ... okay on input line 13.
LaTeX Font Info:    Checking defaults for OT1/cmr/m/n on input line 13.
LaTeX Font Info:    ... okay on input line 13.
LaTeX Font Info:    Checking defaults for T1/cmr/m/n on input line 13.
LaTeX Font Info:    ... okay on input line 13.
LaTeX Font Info:    Checking defaults for TS1/cmr/m/n on input line 13.
LaTeX Font Info:    ... okay on input line 13.
LaTeX Font Info:    Checking defaults for OMX/cmex/m/n on input line 13.
LaTeX Font Info:    ... okay on input line 13.
LaTeX Font Info:    Checking defaults for U/cmr/m/n on input line 13.
LaTeX Font Info:    ... okay on input line 13.
LaTeX Font Info:    Checking defaults for PD1/pdf/m/n on input line 13.
LaTeX Font Info:    ... okay on input line 13.
LaTeX Font Info:    Checking defaults for PU/pdf/m/n on input line 13.
LaTeX Font Info:    ... okay on input line 13.
 (/usr/share/texlive/texmf-dist/tex/context/base/mkii/supp-pdf.mkii
[Loading MPS to PDF converter (version 2006.09.02).]
\scratchcounter=\count287
\scratchdimen=\dimen162
\scratchbox=\box58
\nofMPsegments=\count288
\nofMParguments=\count289
\everyMPshowfont=\toks21
\MPscratchCnt=\count290
\MPscratchDim=\dimen163
\MPnumerator=\count291
\makeMPintoPDFobject=\count292
\everyMPtoPDFconversion=\toks22
) (/usr/share/texlive/texmf-dist/tex/latex/epstopdf-pkg/epstopdf-base.sty
Package: epstopdf-base 2020-01-24 v2.11 Base part for package epstopdf
Package epstopdf-base Info: Redefining graphics rule for `.eps' on input line 4
85.

(/usr/share/texlive/texmf-dist/tex/latex/latexconfig/epstopdf-sys.cfg
File: epstopdf-sys.cfg 2010/07/13 v1.3 Configuration of (r)epstopdf for TeX Liv
e
))
Package hyperref Info: Link coloring ON on input line 13.

(./utr9.out) (./utr9.out)
\@outlinefile=\write4
\openout4 = `utr9.out'.

LaTeX Font Info:    Trying to load font information for T1+cmtt on input line 3
2.

(/usr/share/texlive/texmf-dist/tex/latex/base/t1cmtt.fd
File: t1cmtt.fd 2023/04/13 v2.5m Standard LaTeX font definitions
)
LaTeX Font Info:    Font shape `T1/cmtt/bx/n' in size <14.4> not available
(Font)              Font shape `T1/cmtt/m/n' tried instead on input line 32.
LaTeX Font Info:    External font `cmex10' loaded for size
(Font)              <14.4> on input line 32.
LaTeX Font Info:    External font `cmex10' loaded for size
(Font)              <7> on input line 32.
 [1

{/var/lib/texmf/fonts/map/pdftex/updmap/pdftex.map}]
Overfull \hbox (17.26703pt too wide) in paragraph at lines 47--48
[]
 []


pdfTeX warning (ext4): destination with the same identifier (name{page.1}) has 
been already used, duplicate ignored
<to be read again> 
                   \relax 
l.67 
      [1]

Package hyperref Warning: Difference (2) between bookmark levels is greater 
(hyperref)                than one, level fixed on input line 68.

[2]
Overfull \hbox (31.3386pt too wide) in paragraph at lines 102--103
[]
 []

[3] [4]
<assets/utr9/utr9-img001.png, id=153, 198.7425pt x 160.6pt>
File: assets/utr9/utr9-img001.png Graphic file (type png)
<use assets/utr9/utr9-img001.png>
Package pdftex.def Info: assets/utr9/utr9-img001.png  used on input line 168.
(pdftex.def)             Requested size: 350.99762pt x 283.66647pt.
 [5 <./assets/utr9/utr9-img001.png>]
<assets/utr9/utr9-img006.png, id=158, 251.94125pt x 202.7575pt>
File: assets/utr9/utr9-img006.png Graphic file (type png)
<use assets/utr9/utr9-img006.png>
Package pdftex.def Info: assets/utr9/utr9-img006.png  used on input line 203.
(pdftex.def)             Requested size: 350.99762pt x 282.47871pt.
<assets/utr9/utr9-img007.png, id=159, 219.82124pt x 206.7725pt>
File: assets/utr9/utr9-img007.png Graphic file (type png)
<use assets/utr9/utr9-img007.png>
Package pdftex.def Info: assets/utr9/utr9-img007.png  used on input line 218.
(pdftex.def)             Requested size: 350.99762pt x 330.17386pt.
<assets/utr9/utr9-img008.png, id=160, 219.82124pt x 173.64874pt>
File: assets/utr9/utr9-img008.png Graphic file (type png)
<use assets/utr9/utr9-img008.png>
Package pdftex.def Info: assets/utr9/utr9-img008.png  used on input line 233.
(pdftex.def)             Requested size: 350.99762pt x 277.28192pt.
<assets/utr9/utr9-img009.png, id=161, 245.91875pt x 232.87pt>
File: assets/utr9/utr9-img009.png Graphic file (type png)
<use assets/utr9/utr9-img009.png>
Package pdftex.def Info: assets/utr9/utr9-img009.png  used on input line 248.
(pdftex.def)             Requested size: 350.99762pt x 332.38683pt.
 [6 <./assets/utr9/utr9-img006.png>] [7 <./assets/utr9/utr9-img007.png>] [8 <./
assets/utr9/utr9-img008.png>]
[9 <./assets/utr9/utr9-img009.png>]
<assets/utr9/utr9-img010.png, id=179, 241.90375pt x 205.76875pt>
File: assets/utr9/utr9-img010.png Graphic file (type png)
<use assets/utr9/utr9-img010.png>
Package pdftex.def Info: assets/utr9/utr9-img010.png  used on input line 263.
(pdftex.def)             Requested size: 350.99762pt x 298.59879pt.
<assets/utr9/utr9-img011.png, id=180, 252.945pt x 180.675pt>
File: assets/utr9/utr9-img011.png Graphic file (type png)
<use assets/utr9/utr9-img011.png>
Package pdftex.def Info: assets/utr9/utr9-img011.png  used on input line 278.
(pdftex.def)             Requested size: 350.99762pt x 250.71846pt.
<assets/utr9/utr9-img012.png, id=181, 231.86626pt x 154.5775pt>
File: assets/utr9/utr9-img012.png Graphic file (type png)
<use assets/utr9/utr9-img012.png>
Package pdftex.def Info: assets/utr9/utr9-img012.png  used on input line 293.
(pdftex.def)             Requested size: 350.99762pt x 234.0191pt.
 [10 <./assets/utr9/utr9-img010.png>]
[11 <./assets/utr9/utr9-img011.png> <./assets/utr9/utr9-img012.png>] [12]
[13]
Overfull \hbox (27.87271pt too wide) in paragraph at lines 338--339
[]\T1/cmr/m/n/12 texmode
 []

[14]
LaTeX Font Info:    External font `cmex10' loaded for size
(Font)              <12> on input line 369.
LaTeX Font Info:    External font `cmex10' loaded for size
(Font)              <8> on input line 369.
LaTeX Font Info:    External font `cmex10' loaded for size
(Font)              <6> on input line 369.
 [15]
Overfull \hbox (25.93568pt too wide) in paragraph at lines 390--391
[]
 []

<assets/utr9/utr9-img013.jpg, id=211, 218.8175pt x 200.75pt>
File: assets/utr9/utr9-img013.jpg Graphic file (type jpg)
<use assets/utr9/utr9-img013.jpg>
Package pdftex.def Info: assets/utr9/utr9-img013.jpg  used on input line 420.
(pdftex.def)             Requested size: 350.99762pt x 322.02135pt.
[16] [17 <./assets/utr9/utr9-img013.jpg>]
<assets/utr9/utr9-img020.jpg, id=220, 303.1325pt x 242.9075pt>
File: assets/utr9/utr9-img020.jpg Graphic file (type jpg)
<use assets/utr9/utr9-img020.jpg>
Package pdftex.def Info: assets/utr9/utr9-img020.jpg  used on input line 458.
(pdftex.def)             Requested size: 350.99762pt x 281.2688pt.
 [18 <./assets/utr9/utr9-img020.jpg>]

Package hyperref Warning: Difference (2) between bookmark levels is greater 
(hyperref)                than one, level fixed on input line 513.

[19]
Overfull \hbox (10.92554pt too wide) in paragraph at lines 526--527
[]
 []

[20]
<assets/utr9/utr9-img021.png, id=234, 391.4625pt x 297.11pt>
File: assets/utr9/utr9-img021.png Graphic file (type png)
<use assets/utr9/utr9-img021.png>
Package pdftex.def Info: assets/utr9/utr9-img021.png  used on input line 568.
(pdftex.def)             Requested size: 350.99762pt x 266.41275pt.
 [21 <./assets/utr9/utr9-img021.png>] [22]
<assets/utr9/utr9-img022.png, id=243, 812.03375pt x 628.3475pt>
File: assets/utr9/utr9-img022.png Graphic file (type png)
<use assets/utr9/utr9-img022.png>
Package pdftex.def Info: assets/utr9/utr9-img022.png  used on input line 615.
(pdftex.def)             Requested size: 350.99762pt x 271.59357pt.
 [23 <./assets/utr9/utr9-img022.png>]
<assets/utr9/utr9-img024.png, id=250, 371.3875pt x 378.41376pt>
File: assets/utr9/utr9-img024.png Graphic file (type png)
<use assets/utr9/utr9-img024.png>
Package pdftex.def Info: assets/utr9/utr9-img024.png  used on input line 650.
(pdftex.def)             Requested size: 350.99762pt x 357.64908pt.
 [24] [25 <./assets/utr9/utr9-img024.png>]
<assets/utr9/utr9-img025.png, id=260, 391.4625pt x 288.07625pt>
File: assets/utr9/utr9-img025.png Graphic file (type png)
<use assets/utr9/utr9-img025.png>
Package pdftex.def Info: assets/utr9/utr9-img025.png  used on input line 686.
(pdftex.def)             Requested size: 350.99762pt x 258.31235pt.

Overfull \hbox (18.3348pt too wide) in paragraph at lines 695--696
[]
 []

[26 <./assets/utr9/utr9-img025.png>]
<assets/utr9/utr9-img026.jpg, id=265, 398.48875pt x 398.48875pt>
File: assets/utr9/utr9-img026.jpg Graphic file (type jpg)
<use assets/utr9/utr9-img026.jpg>
Package pdftex.def Info: assets/utr9/utr9-img026.jpg  used on input line 718.
(pdftex.def)             Requested size: 350.99762pt x 351.01169pt.
<assets/utr9/utr9-img027.jpg, id=266, 398.48875pt x 400.49625pt>
File: assets/utr9/utr9-img027.jpg Graphic file (type jpg)
<use assets/utr9/utr9-img027.jpg>
Package pdftex.def Info: assets/utr9/utr9-img027.jpg  used on input line 744.
(pdftex.def)             Requested size: 350.99762pt x 352.78pt.

Overfull \hbox (4.8078pt too wide) in paragraph at lines 759--760
[]\T1/cmr/m/n/12 In the above ex-am-ple, there are three
 []

[27] [28 <./assets/utr9/utr9-img026.jpg>] [29 <./assets/utr9/utr9-img027.jpg>]
<assets/utr9/utr9-img028.jpg, id=279, 255.95625pt x 254.9525pt>
File: assets/utr9/utr9-img028.jpg Graphic file (type jpg)
<use assets/utr9/utr9-img028.jpg>
Package pdftex.def Info: assets/utr9/utr9-img028.jpg  used on input line 770.
(pdftex.def)             Requested size: 350.99762pt x 349.64459pt.

Overfull \hbox (2.6304pt too wide) in paragraph at lines 781--782
[]\T1/cmr/m/n/12 Instead of us-ing WAt-trib(w, "tex-
 []

<assets/utr9/utr9-img029.jpg, id=280, 398.48875pt x 400.49625pt>
File: assets/utr9/utr9-img029.jpg Graphic file (type jpg)
<use assets/utr9/utr9-img029.jpg>
Package pdftex.def Info: assets/utr9/utr9-img029.jpg  used on input line 790.
(pdftex.def)             Requested size: 350.99762pt x 352.78pt.
[30] [31 <./assets/utr9/utr9-img028.jpg>] [32 <./assets/utr9/utr9-img029.jpg>]
[33]
<assets/utr9/utr9-img032.jpg, id=298, 691.58376pt x 693.59125pt>
File: assets/utr9/utr9-img032.jpg Graphic file (type jpg)
<use assets/utr9/utr9-img032.jpg>
Package pdftex.def Info: assets/utr9/utr9-img032.jpg  used on input line 842.
(pdftex.def)             Requested size: 350.99762pt x 352.02293pt.

Overfull \hbox (27.2328pt too wide) in paragraph at lines 854--855
[]
 []

[34 <./assets/utr9/utr9-img032.jpg>]
<assets/utr9/utr9-img033.jpg, id=303, 697.60625pt x 693.59125pt>
File: assets/utr9/utr9-img033.jpg Graphic file (type jpg)
<use assets/utr9/utr9-img033.jpg>
Package pdftex.def Info: assets/utr9/utr9-img033.jpg  used on input line 860.
(pdftex.def)             Requested size: 350.99762pt x 348.97493pt.

Overfull \hbox (27.2328pt too wide) in paragraph at lines 872--873
[]
 []

[35 <./assets/utr9/utr9-img033.jpg>]
<assets/utr9/utr9-img034.png, id=308, 313.9228pt x 252.945pt>
File: assets/utr9/utr9-img034.png Graphic file (type png)
<use assets/utr9/utr9-img034.png>
Package pdftex.def Info: assets/utr9/utr9-img034.png  used on input line 899.
(pdftex.def)             Requested size: 350.99762pt x 282.82945pt.
<assets/utr9/utr9-img035.png, id=309, 1052.93375pt x 307.1475pt>
File: assets/utr9/utr9-img035.png Graphic file (type png)
<use assets/utr9/utr9-img035.png>
Package pdftex.def Info: assets/utr9/utr9-img035.png  used on input line 904.
(pdftex.def)             Requested size: 350.99762pt x 102.39005pt.
 [36] [37 <./assets/utr9/utr9-img034.png> <./assets/utr9/utr9-img035.png (PNG c
opy)>] [38] [39] [40]
Overfull \hbox (37.23294pt too wide) in paragraph at lines 1041--1042
[]\T1/cmr/m/n/12 WAttrib
 []

[41]
Overfull \hbox (1.7585pt too wide) in paragraph at lines 1075--1076
[]\T1/cmr/m/n/12 If there were no se-lectable ob-
 []

[42] [43] [44] [45]
Overfull \hbox (4.58957pt too wide) in paragraph at lines 1240--1241
[]
 []

[46] [47] [48] [49]

Package hyperref Warning: Difference (2) between bookmark levels is greater 
(hyperref)                than one, level fixed on input line 1336.

[50]
Overfull \hbox (5.7128pt too wide) in paragraph at lines 1400--1401
[]\T1/cmr/m/n/12 Eye(W, x, y, z, x2, y2, z2, x3,y3,z3) places the cam-era at po
-si-tion (x1,y1,z1)
 []

[51] [52] [53]
Overfull \hbox (23.48083pt too wide) in paragraph at lines 1596--1597
[]
 []

[54]
Overfull \hbox (63.01137pt too wide) in paragraph at lines 1600--1601
[]
 []


Overfull \hbox (19.92761pt too wide) in paragraph at lines 1637--1638
[]
 []


Overfull \hbox (14.31647pt too wide) in paragraph at lines 1641--1642
[]
 []


Overfull \hbox (40.45029pt too wide) in paragraph at lines 1645--1646
[]
 []

[55]
Overfull \hbox (62.36845pt too wide) in paragraph at lines 1663--1664
[]
 []


Overfull \hbox (23.7876pt too wide) in paragraph at lines 1679--1680
[]
 []


Overfull \hbox (15.01065pt too wide) in paragraph at lines 1722--1723
[]
 []

[56]
Overfull \hbox (29.18633pt too wide) in paragraph at lines 1819--1820
[]
 []

[57]
Overfull \hbox (3.84947pt too wide) in paragraph at lines 1835--1836
[]
 []


Overfull \hbox (27.28398pt too wide) in paragraph at lines 1860--1861
[]
 []


Overfull \hbox (14.88011pt too wide) in paragraph at lines 1864--1865
[]
 []

[58]
Overfull \hbox (35.49173pt too wide) in paragraph at lines 1886--1887
[]
 []


Overfull \hbox (34.05174pt too wide) in paragraph at lines 1899--1900
[]\T1/cmr/m/n/12 following
 []


Overfull \hbox (18.27649pt too wide) in paragraph at lines 1920--1921
[]
 []

[59]
Overfull \hbox (8.21735pt too wide) in paragraph at lines 1946--1948
\T1/cmr/m/n/12 Pro-gram-ming with Uni-con. Open book pub-lished from http://uni
con.org 
 []


Overfull \hbox (10.10158pt too wide) in paragraph at lines 1948--1950
\T1/cmr/m/n/12 in Uni-con Ver-sion 12. Uni-con Tech-ni-cal Re-port #5b, [][]htt
p://unicon.org,[][]_
 []

<assets/utr9/utr9-img002.png, id=414, 226.8475pt x 253.94875pt>
File: assets/utr9/utr9-img002.png Graphic file (type png)
<use assets/utr9/utr9-img002.png>
Package pdftex.def Info: assets/utr9/utr9-img002.png  used on input line 1958.
(pdftex.def)             Requested size: 350.99762pt x 392.9345pt.
<assets/utr9/utr9-img003.png, id=415, 184.69pt x 250.9375pt>
File: assets/utr9/utr9-img003.png Graphic file (type png)
<use assets/utr9/utr9-img003.png>
Package pdftex.def Info: assets/utr9/utr9-img003.png  used on input line 1963.
(pdftex.def)             Requested size: 350.99762pt x 476.90105pt.
<assets/utr9/utr9-img004.png, id=416, 240.9pt x 202.7575pt>
File: assets/utr9/utr9-img004.png Graphic file (type png)
<use assets/utr9/utr9-img004.png>
Package pdftex.def Info: assets/utr9/utr9-img004.png  used on input line 1968.
(pdftex.def)             Requested size: 350.99762pt x 295.45113pt.
<assets/utr9/utr9-img005.png, id=417, 258.9675pt x 216.81pt>
File: assets/utr9/utr9-img005.png Graphic file (type png)
<use assets/utr9/utr9-img005.png>
Package pdftex.def Info: assets/utr9/utr9-img005.png  used on input line 1973.
(pdftex.def)             Requested size: 350.99762pt x 293.89168pt.
<assets/utr9/utr9-img014.jpg, id=418, 340.27126pt x 346.29375pt>
File: assets/utr9/utr9-img014.jpg Graphic file (type jpg)
<use assets/utr9/utr9-img014.jpg>
Package pdftex.def Info: assets/utr9/utr9-img014.jpg  used on input line 1978.
(pdftex.def)             Requested size: 350.99762pt x 357.23079pt.
<assets/utr9/utr9-img015.jpg, id=419, 329.23pt x 311.1625pt>
File: assets/utr9/utr9-img015.jpg Graphic file (type jpg)
<use assets/utr9/utr9-img015.jpg>
Package pdftex.def Info: assets/utr9/utr9-img015.jpg  used on input line 1983.
(pdftex.def)             Requested size: 350.99762pt x 331.74411pt.
<assets/utr9/utr9-img016.jpg, id=420, 299.1175pt x 465.74pt>
File: assets/utr9/utr9-img016.jpg Graphic file (type jpg)
<use assets/utr9/utr9-img016.jpg>
Package pdftex.def Info: assets/utr9/utr9-img016.jpg  used on input line 1988.
(pdftex.def)             Requested size: 350.99762pt x 546.55524pt.
<assets/utr9/utr9-img017.jpg, id=421, 182.6825pt x 189.70876pt>
File: assets/utr9/utr9-img017.jpg Graphic file (type jpg)
<use assets/utr9/utr9-img017.jpg>
Package pdftex.def Info: assets/utr9/utr9-img017.jpg  used on input line 1993.
(pdftex.def)             Requested size: 350.99762pt x 364.54639pt.
<assets/utr9/utr9-img018.jpg, id=422, 319.1925pt x 385.44pt>
File: assets/utr9/utr9-img018.jpg Graphic file (type jpg)
<use assets/utr9/utr9-img018.jpg>
Package pdftex.def Info: assets/utr9/utr9-img018.jpg  used on input line 1998.
(pdftex.def)             Requested size: 350.99762pt x 423.85004pt.
<assets/utr9/utr9-img019.jpg, id=423, 208.78pt x 213.79875pt>
File: assets/utr9/utr9-img019.jpg Graphic file (type jpg)
<use assets/utr9/utr9-img019.jpg>
Package pdftex.def Info: assets/utr9/utr9-img019.jpg  used on input line 2003.
(pdftex.def)             Requested size: 350.99762pt x 359.48283pt.
<assets/utr9/utr9-img023.jpg, id=424, 179.2296pt x 182.6022pt>
File: assets/utr9/utr9-img023.jpg Graphic file (type jpg)
<use assets/utr9/utr9-img023.jpg>
Package pdftex.def Info: assets/utr9/utr9-img023.jpg  used on input line 2008.
(pdftex.def)             Requested size: 350.99762pt x 357.62201pt.
<assets/utr9/utr9-img030.jpg, id=425, 404.51125pt x 403.5075pt>
File: assets/utr9/utr9-img030.jpg Graphic file (type jpg)
<use assets/utr9/utr9-img030.jpg>
Package pdftex.def Info: assets/utr9/utr9-img030.jpg  used on input line 2013.
(pdftex.def)             Requested size: 350.99762pt x 350.1313pt.
<assets/utr9/utr9-img031.jpg, id=426, 404.51125pt x 405.515pt>
File: assets/utr9/utr9-img031.jpg Graphic file (type jpg)
<use assets/utr9/utr9-img031.jpg>
Package pdftex.def Info: assets/utr9/utr9-img031.jpg  used on input line 2018.
(pdftex.def)             Requested size: 350.99762pt x 351.87323pt.
[60] [61 <./assets/utr9/utr9-img002.png>] [62 <./assets/utr9/utr9-img003.png>]
[63 <./assets/utr9/utr9-img004.png>] [64 <./assets/utr9/utr9-img005.png>]
[65 <./assets/utr9/utr9-img014.jpg>] [66 <./assets/utr9/utr9-img015.jpg>]
[67 <./assets/utr9/utr9-img016.jpg>] [68 <./assets/utr9/utr9-img017.jpg>]
[69 <./assets/utr9/utr9-img018.jpg>] [70 <./assets/utr9/utr9-img019.jpg>]
[71 <./assets/utr9/utr9-img023.jpg>] [72 <./assets/utr9/utr9-img030.jpg>]
[73 <./assets/utr9/utr9-img031.jpg>] (./utr9.aux)
 ***********
LaTeX2e <2023-11-01> patch level 1
L3 programming layer <2024-01-22>
 ***********
Package rerunfilecheck Info: File `utr9.out' has not changed.
(rerunfilecheck)             Checksum: 4D42F2BF8CCC35E6C27909A272F2F593;6071.
 ) 
Here is how much of TeX's memory you used:
 10107 strings out of 476182
 160019 string characters out of 5795596
 1932975 words of memory out of 5000000
 31891 multiletter control sequences out of 15000+600000
 571047 words of font info for 63 fonts, out of 8000000 for 9000
 14 hyphenation exceptions out of 8191
 75i,6n,79p,1346b,656s stack positions out of 10000i,1000n,20000p,200000b,200000s
 </home/runner/.texlive2023/texmf-var/fonts/pk/ljfour/jknappen/ec/tcbx1200.60
0pk> </home/runner/.texlive2023/texmf-var/fonts/pk/ljfour/jknappen/ec/tcrm1200.
600pk> </home/runner/.texlive2023/texmf-var/fonts/pk/ljfour/jknappen/ec/ecrm080
0.600pk> </home/runner/.texlive2023/texmf-var/fonts/pk/ljfour/jknappen/ec/ectt1
200.600pk> </home/runner/.texlive2023/texmf-var/fonts/pk/ljfour/jknappen/ec/ect
t1095.600pk> </home/runner/.texlive2023/texmf-var/fonts/pk/ljfour/jknappen/ec/e
cbx1728.600pk> </home/runner/.texlive2023/texmf-var/fonts/pk/ljfour/jknappen/ec
/ectt1440.600pk> </home/runner/.texlive2023/texmf-var/fonts/pk/ljfour/jknappen/
ec/ecrm1200.600pk> </home/runner/.texlive2023/texmf-var/fonts/pk/ljfour/jknappe
n/ec/ecbx1200.600pk> </home/runner/.texlive2023/texmf-var/fonts/pk/ljfour/jknap
pen/ec/ecbx1440.600pk> </home/runner/.texlive2023/texmf-var/fonts/pk/ljfour/jkn
appen/ec/ecbx2074.600pk>
Output written on utr9.pdf (74 pages, 1056375 bytes).
PDF statistics:
 914 PDF objects out of 1000 (max. 8388607)
 434 compressed objects within 5 object streams
 106 named destinations out of 1000 (max. 500000)
 416 words of extra memory for PDF output out of 10000 (max. 10000000)

